Archive member included to satisfy reference by file (symbol)

/opt/st/stm32cubeide_1.19.0/plugins/com.st.stm32cube.ide.mcu.externaltools.gnu-tools-for-stm32.13.3.rel1.linux64_1.0.0.202410170706/tools/bin/../lib/gcc/arm-none-eabi/13.3.1/../../../../arm-none-eabi/lib/thumb/v6-m/nofp/libc_nano.a(libc_a-exit.o)
                              /opt/st/stm32cubeide_1.19.0/plugins/com.st.stm32cube.ide.mcu.externaltools.gnu-tools-for-stm32.13.3.rel1.linux64_1.0.0.202410170706/tools/bin/../lib/gcc/arm-none-eabi/13.3.1/../../../../arm-none-eabi/lib/thumb/v6-m/nofp/crt0.o (exit)
/opt/st/stm32cubeide_1.19.0/plugins/com.st.stm32cube.ide.mcu.externaltools.gnu-tools-for-stm32.13.3.rel1.linux64_1.0.0.202410170706/tools/bin/../lib/gcc/arm-none-eabi/13.3.1/../../../../arm-none-eabi/lib/thumb/v6-m/nofp/libc_nano.a(libc_a-findfp.o)
                              /opt/st/stm32cubeide_1.19.0/plugins/com.st.stm32cube.ide.mcu.externaltools.gnu-tools-for-stm32.13.3.rel1.linux64_1.0.0.202410170706/tools/bin/../lib/gcc/arm-none-eabi/13.3.1/../../../../arm-none-eabi/lib/thumb/v6-m/nofp/libc_nano.a(libc_a-exit.o) (__stdio_exit_handler)
/opt/st/stm32cubeide_1.19.0/plugins/com.st.stm32cube.ide.mcu.externaltools.gnu-tools-for-stm32.13.3.rel1.linux64_1.0.0.202410170706/tools/bin/../lib/gcc/arm-none-eabi/13.3.1/../../../../arm-none-eabi/lib/thumb/v6-m/nofp/libc_nano.a(libc_a-fwalk.o)
                              /opt/st/stm32cubeide_1.19.0/plugins/com.st.stm32cube.ide.mcu.externaltools.gnu-tools-for-stm32.13.3.rel1.linux64_1.0.0.202410170706/tools/bin/../lib/gcc/arm-none-eabi/13.3.1/../../../../arm-none-eabi/lib/thumb/v6-m/nofp/libc_nano.a(libc_a-findfp.o) (_fwalk_sglue)
/opt/st/stm32cubeide_1.19.0/plugins/com.st.stm32cube.ide.mcu.externaltools.gnu-tools-for-stm32.13.3.rel1.linux64_1.0.0.202410170706/tools/bin/../lib/gcc/arm-none-eabi/13.3.1/../../../../arm-none-eabi/lib/thumb/v6-m/nofp/libc_nano.a(libc_a-snprintf.o)
                              ./Core/Src/ssd1306_tests.o (snprintf)
/opt/st/stm32cubeide_1.19.0/plugins/com.st.stm32cube.ide.mcu.externaltools.gnu-tools-for-stm32.13.3.rel1.linux64_1.0.0.202410170706/tools/bin/../lib/gcc/arm-none-eabi/13.3.1/../../../../arm-none-eabi/lib/thumb/v6-m/nofp/libc_nano.a(libc_a-stdio.o)
                              /opt/st/stm32cubeide_1.19.0/plugins/com.st.stm32cube.ide.mcu.externaltools.gnu-tools-for-stm32.13.3.rel1.linux64_1.0.0.202410170706/tools/bin/../lib/gcc/arm-none-eabi/13.3.1/../../../../arm-none-eabi/lib/thumb/v6-m/nofp/libc_nano.a(libc_a-findfp.o) (__sread)
/opt/st/stm32cubeide_1.19.0/plugins/com.st.stm32cube.ide.mcu.externaltools.gnu-tools-for-stm32.13.3.rel1.linux64_1.0.0.202410170706/tools/bin/../lib/gcc/arm-none-eabi/13.3.1/../../../../arm-none-eabi/lib/thumb/v6-m/nofp/libc_nano.a(libc_a-memmove.o)
                              ./Core/Src/ssd1306_tests.o (memmove)
/opt/st/stm32cubeide_1.19.0/plugins/com.st.stm32cube.ide.mcu.externaltools.gnu-tools-for-stm32.13.3.rel1.linux64_1.0.0.202410170706/tools/bin/../lib/gcc/arm-none-eabi/13.3.1/../../../../arm-none-eabi/lib/thumb/v6-m/nofp/libc_nano.a(libc_a-memset.o)
                              /opt/st/stm32cubeide_1.19.0/plugins/com.st.stm32cube.ide.mcu.externaltools.gnu-tools-for-stm32.13.3.rel1.linux64_1.0.0.202410170706/tools/bin/../lib/gcc/arm-none-eabi/13.3.1/../../../../arm-none-eabi/lib/thumb/v6-m/nofp/crt0.o (memset)
/opt/st/stm32cubeide_1.19.0/plugins/com.st.stm32cube.ide.mcu.externaltools.gnu-tools-for-stm32.13.3.rel1.linux64_1.0.0.202410170706/tools/bin/../lib/gcc/arm-none-eabi/13.3.1/../../../../arm-none-eabi/lib/thumb/v6-m/nofp/libc_nano.a(libc_a-closer.o)
                              /opt/st/stm32cubeide_1.19.0/plugins/com.st.stm32cube.ide.mcu.externaltools.gnu-tools-for-stm32.13.3.rel1.linux64_1.0.0.202410170706/tools/bin/../lib/gcc/arm-none-eabi/13.3.1/../../../../arm-none-eabi/lib/thumb/v6-m/nofp/libc_nano.a(libc_a-stdio.o) (_close_r)
/opt/st/stm32cubeide_1.19.0/plugins/com.st.stm32cube.ide.mcu.externaltools.gnu-tools-for-stm32.13.3.rel1.linux64_1.0.0.202410170706/tools/bin/../lib/gcc/arm-none-eabi/13.3.1/../../../../arm-none-eabi/lib/thumb/v6-m/nofp/libc_nano.a(libc_a-reent.o)
                              /opt/st/stm32cubeide_1.19.0/plugins/com.st.stm32cube.ide.mcu.externaltools.gnu-tools-for-stm32.13.3.rel1.linux64_1.0.0.202410170706/tools/bin/../lib/gcc/arm-none-eabi/13.3.1/../../../../arm-none-eabi/lib/thumb/v6-m/nofp/libc_nano.a(libc_a-closer.o) (errno)
/opt/st/stm32cubeide_1.19.0/plugins/com.st.stm32cube.ide.mcu.externaltools.gnu-tools-for-stm32.13.3.rel1.linux64_1.0.0.202410170706/tools/bin/../lib/gcc/arm-none-eabi/13.3.1/../../../../arm-none-eabi/lib/thumb/v6-m/nofp/libc_nano.a(libc_a-impure.o)
                              /opt/st/stm32cubeide_1.19.0/plugins/com.st.stm32cube.ide.mcu.externaltools.gnu-tools-for-stm32.13.3.rel1.linux64_1.0.0.202410170706/tools/bin/../lib/gcc/arm-none-eabi/13.3.1/../../../../arm-none-eabi/lib/thumb/v6-m/nofp/libc_nano.a(libc_a-snprintf.o) (_impure_ptr)
[...]
Memory Configuration

Name             Origin             Length             Attributes
RAM              0x20000000         0x00002000         xrw
FLASH            0x08000000         0x00010000         xr
*default*        0x00000000         0xffffffff

Linker script and memory map

LOAD /opt/st/stm32cubeide_1.19.0/plugins/com.st.stm32cube.ide.mcu.externaltools.gnu-tools-for-stm32.13.3.rel1.linux64_1.0.0.202410170706/tools/bin/../lib/gcc/arm-none-eabi/13.3.1/thumb/v6-m/nofp/crti.o
LOAD /opt/st/stm32cubeide_1.19.0/plugins/com.st.stm32cube.ide.mcu.externaltools.gnu-tools-for-stm32.13.3.rel1.linux64_1.0.0.202410170706/tools/bin/../lib/gcc/arm-none-eabi/13.3.1/thumb/v6-m/nofp/crtbegin.o
LOAD /opt/st/stm32cubeide_1.19.0/plugins/com.st.stm32cube.ide.mcu.externaltools.gnu-tools-for-stm32.13.3.rel1.linux64_1.0.0.202410170706/tools/bin/../lib/gcc/arm-none-eabi/13.3.1/../../../../arm-none-eabi/lib/thumb/v6-m/nofp/crt0.o
LOAD ./Core/Src/main.o
LOAD ./Core/Src/ssd1306.o
LOAD ./Core/Src/ssd1306_fonts.o
LOAD ./Core/Src/ssd1306_tests.o
LOAD ./Core/Src/stm32g0xx_hal_msp.o
LOAD ./Core/Src/stm32g0xx_it.o
LOAD ./Core/Src/syscalls.o
LOAD ./Core/Src/sysmem.o
LOAD ./Core/Src/system_stm32g0xx.o
LOAD ./Core/Startup/startup_stm32g030k8tx.o
LOAD ./Drivers/STM32G0xx_HAL_Driver/Src/stm32g0xx_hal.o
LOAD ./Drivers/STM32G0xx_HAL_Driver/Src/stm32g0xx_hal_cortex.o
LOAD ./Drivers/STM32G0xx_HAL_Driver/Src/stm32g0xx_hal_dma.o
LOAD ./Drivers/STM32G0xx_HAL_Driver/Src/stm32g0xx_hal_dma_ex.o
LOAD ./Drivers/STM32G0xx_HAL_Driver/Src/stm32g0xx_hal_exti.o
LOAD ./Drivers/STM32G0xx_HAL_Driver/Src/stm32g0xx_hal_flash.o
LOAD ./Drivers/STM32G0xx_HAL_Driver/Src/stm32g0xx_hal_flash_ex.o
LOAD ./Drivers/STM32G0xx_HAL_Driver/Src/stm32g0xx_hal_gpio.o
LOAD ./Drivers/STM32G0xx_HAL_Driver/Src/stm32g0xx_hal_i2c.o
LOAD ./Drivers/STM32G0xx_HAL_Driver/Src/stm32g0xx_hal_i2c_ex.o
LOAD ./Drivers/STM32G0xx_HAL_Driver/Src/stm32g0xx_hal_pwr.o
LOAD ./Drivers/STM32G0xx_HAL_Driver/Src/stm32g0xx_hal_pwr_ex.o
LOAD ./Drivers/STM32G0xx_HAL_Driver/Src/stm32g0xx_hal_rcc.o
LOAD ./Drivers/STM32G0xx_HAL_Driver/Src/stm32g0xx_hal_rcc_ex.o
LOAD ./Drivers/STM32G0xx_HAL_Driver/Src/stm32g0xx_hal_tim.o
LOAD ./Drivers/STM32G0xx_HAL_Driver/Src/stm32g0xx_hal_tim_ex.o
LOAD ./Drivers/STM32G0xx_HAL_Driver/Src/stm32g0xx_ll_dma.o
LOAD ./Drivers/STM32G0xx_HAL_Driver/Src/stm32g0xx_ll_rcc.o
START GROUP
LOAD /opt/st/stm32cubeide_1.19.0/plugins/com.st.stm32cube.ide.mcu.externaltools.gnu-tools-for-stm32.13.3.rel1.linux64_1.0.0.202410170706/tools/bin/../lib/gcc/arm-none-eabi/13.3.1/../../../../arm-none-eabi/lib/thumb/v6-m/nofp/libc_nano.a
LOAD /opt/st/stm32cubeide_1.19.0/plugins/com.st.stm32cube.ide.mcu.externaltools.gnu-tools-for-stm32.13.3.rel1.linux64_1.0.0.202410170706/tools/bin/../lib/gcc/arm-none-eabi/13.3.1/../../../../arm-none-eabi/lib/thumb/v6-m/nofp/libm.a
END GROUP
START GROUP
LOAD /opt/st/stm32cubeide_1.19.0/plugins/com.st.stm32cube.ide.mcu.externaltools.gnu-tools-for-stm32.13.3.rel1.linux64_1.0.0.202410170706/tools/bin/../lib/gcc/arm-none-eabi/13.3.1/thumb/v6-m/nofp/libgcc.a
LOAD /opt/st/stm32cubeide_1.19.0/plugins/com.st.stm32cube.ide.mcu.externaltools.gnu-tools-for-stm32.13.3.rel1.linux64_1.0.0.202410170706/tools/bin/../lib/gcc/arm-none-eabi/13.3.1/../../../../arm-none-eabi/lib/thumb/v6-m/nofp/libc_nano.a
END GROUP
START GROUP
LOAD /opt/st/stm32cubeide_1.19.0/plugins/com.st.stm32cube.ide.mcu.externaltools.gnu-tools-for-stm32.13.3.rel1.linux64_1.0.0.202410170706/tools/bin/../lib/gcc/arm-none-eabi/13.3.1/thumb/v6-m/nofp/libgcc.a
LOAD /opt/st/stm32cubeide_1.19.0/plugins/com.st.stm32cube.ide.mcu.externaltools.gnu-tools-for-stm32.13.3.rel1.linux64_1.0.0.202410170706/tools/bin/../lib/gcc/arm-none-eabi/13.3.1/../../../../arm-none-eabi/lib/thumb/v6-m/nofp/libc_nano.a
LOAD /opt/st/stm32cubeide_1.19.0/plugins/com.st.stm32cube.ide.mcu.externaltools.gnu-tools-for-stm32.13.3.rel1.linux64_1.0.0.202410170706/tools/bin/../lib/gcc/arm-none-eabi/13.3.1/../../../../arm-none-eabi/lib/thumb/v6-m/nofp/libnosys.a
END GROUP
START GROUP
LOAD /opt/st/stm32cubeide_1.19.0/plugins/com.st.stm32cube.ide.mcu.externaltools.gnu-tools-for-stm32.13.3.rel1.linux64_1.0.0.202410170706/tools/bin/../lib/gcc/arm-none-eabi/13.3.1/thumb/v6-m/nofp/libgcc.a
LOAD /opt/st/stm32cubeide_1.19.0/plugins/com.st.stm32cube.ide.mcu.externaltools.gnu-tools-for-stm32.13.3.rel1.linux64_1.0.0.202410170706/tools/bin/../lib/gcc/arm-none-eabi/13.3.1/../../../../arm-none-eabi/lib/thumb/v6-m/nofp/libc_nano.a
LOAD /opt/st/stm32cubeide_1.19.0/plugins/com.st.stm32cube.ide.mcu.externaltools.gnu-tools-for-stm32.13.3.rel1.linux64_1.0.0.202410170706/tools/bin/../lib/gcc/arm-none-eabi/13.3.1/../../../../arm-none-eabi/lib/thumb/v6-m/nofp/libnosys.a
END GROUP
LOAD /opt/st/stm32cubeide_1.19.0/plugins/com.st.stm32cube.ide.mcu.externaltools.gnu-tools-for-stm32.13.3.rel1.linux64_1.0.0.202410170706/tools/bin/../lib/gcc/arm-none-eabi/13.3.1/thumb/v6-m/nofp/crtend.o
LOAD /opt/st/stm32cubeide_1.19.0/plugins/com.st.stm32cube.ide.mcu.externaltools.gnu-tools-for-stm32.13.3.rel1.linux64_1.0.0.202410170706/tools/bin/../lib/gcc/arm-none-eabi/13.3.1/thumb/v6-m/nofp/crtn.o
                0x20002000                        _estack = (ORIGIN (RAM) + LENGTH (RAM))
                0x00000200                        _Min_Heap_Size = 0x200
                0x00000400                        _Min_Stack_Size = 0x400

.isr_vector     0x08000000       0xb8
                0x08000000                        . = ALIGN (0x4)
 *(.isr_vector)
 .isr_vector    0x08000000       0xb8 ./Core/Startup/startup_stm32g030k8tx.o
                0x08000000                g_pfnVectors
                0x080000b8                        . = ALIGN (0x4)

.text           0x080000b8     0x32b0
                0x080000b8                        . = ALIGN (0x4)
 *(.text)
 .text          0x080000b8       0x48 /opt/st/stm32cubeide_1.19.0/plugins/com.st.stm32cube.ide.mcu.externaltools.gnu-tools-for-stm32.13.3.rel1.linux64_1.0.0.202410170706/tools/bin/../lib/gcc/arm-none-eabi/13.3.1/thumb/v6-m/nofp/crtbegin.o
 .text          0x08000100      0x114 /opt/st/stm32cubeide_1.19.0/plugins/com.st.stm32cube.ide.mcu.externaltools.gnu-tools-for-stm32.13.3.rel1.linux64_1.0.0.202410170706/tools/bin/../lib/gcc/arm-none-eabi/13.3.1/thumb/v6-m/nofp/libgcc.a(_udivsi3.o)
                0x08000100                __udivsi3
                0x08000100                __aeabi_uidiv
                0x0800020c                __aeabi_uidivmod
 .text          0x08000214      0x1d4 /opt/st/stm32cubeide_1.19.0/plugins/com.st.stm32cube.ide.mcu.externaltools.gnu-tools-for-stm32.13.3.rel1.linux64_1.0.0.202410170706/tools/bin/../lib/gcc/arm-none-eabi/13.3.1/thumb/v6-m/nofp/libgcc.a(_divsi3.o)
                0x08000214                __aeabi_idiv
                0x08000214                __divsi3
                0x080003e0                __aeabi_idivmod
 .text          0x080003e8        0x4 /opt/st/stm32cubeide_1.19.0/plugins/com.st.stm32cube.ide.mcu.externaltools.gnu-tools-for-stm32.13.3.rel1.linux64_1.0.0.202410170706/tools/bin/../lib/gcc/arm-none-eabi/13.3.1/thumb/v6-m/nofp/libgcc.a(_dvmd_tls.o)
                0x080003e8                __aeabi_ldiv0
                0x080003e8                __aeabi_idiv0
 *(.text*)
 .text.toggle_display_invert
                0x080003ec       0x34 ./Core/Src/main.o
                0x080003ec                toggle_display_invert
 .text.draw_animation
                0x08000420       0x2a ./Core/Src/main.o
                0x08000420                draw_animation
 .text.draw_animation_erase
                0x0800044a       0x24 ./Core/Src/main.o
                0x0800044a                draw_animation_erase
 .text.draw_animation_transparent
                0x0800046e       0x24 ./Core/Src/main.o
                0x0800046e                draw_animation_transparent
 *fill*         0x08000492        0x2 
 .text.readPins
                0x08000494       0x3c ./Core/Src/main.o
                0x08000494                readPins
 .text.HAL_TIM_PeriodElapsedCallback
                0x080004d0       0x20 ./Core/Src/main.o
                0x080004d0                HAL_TIM_PeriodElapsedCallback
 .text.main     0x080004f0      0x30c ./Core/Src/main.o
                0x080004f0                main
 .text.SystemClock_Config
                0x080007fc       0xb4 ./Core/Src/main.o
                0x080007fc                SystemClock_Config
 .text.MX_NVIC_Init
                0x080008b0       0x2a ./Core/Src/main.o
 *fill*         0x080008da        0x2 
 .text.MX_I2C1_Init
                0x080008dc       0x88 ./Core/Src/main.o
 .text.MX_TIM14_Init
                0x08000964       0x4c ./Core/Src/main.o
 .text.MX_GPIO_Init
                0x080009b0      0x154 ./Core/Src/main.o
 .text.Error_Handler
                0x08000b04        0xc ./Core/Src/main.o
                0x08000b04                Error_Handler
 .text.ssd1306_Reset
                0x08000b10        0xa ./Core/Src/ssd1306.o
                0x08000b10                ssd1306_Reset
 *fill*         0x08000b1a        0x2 
 .text.ssd1306_WriteCommand
                0x08000b1c       0x34 ./Core/Src/ssd1306.o
                0x08000b1c                ssd1306_WriteCommand
 .text.ssd1306_WriteData
                0x08000b50       0x34 ./Core/Src/ssd1306.o
                0x08000b50                ssd1306_WriteData
 .text.ssd1306_Init
                0x08000b84       0xd8 ./Core/Src/ssd1306.o
                0x08000b84                ssd1306_Init
 .text.ssd1306_Fill
                0x08000c5c       0x34 ./Core/Src/ssd1306.o
                0x08000c5c                ssd1306_Fill
 .text.ssd1306_UpdateScreen
                0x08000c90       0x64 ./Core/Src/ssd1306.o
                0x08000c90                ssd1306_UpdateScreen
 .text.ssd1306_DrawPixel
                0x08000cf4       0xdc ./Core/Src/ssd1306.o
                0x08000cf4                ssd1306_DrawPixel
 .text.ssd1306_DrawBitmap
                0x08000dd0      0x11a ./Core/Src/ssd1306.o
                0x08000dd0                ssd1306_DrawBitmap
 .text.ssd1306_SetContrast
                0x08000eea       0x30 ./Core/Src/ssd1306.o
                0x08000eea                ssd1306_SetContrast
 *fill*         0x08000f1a        0x2 
 .text.ssd1306_SetDisplayOn
                0x08000f1c       0x4c ./Core/Src/ssd1306.o
                0x08000f1c                ssd1306_SetDisplayOn
 .text.ssd1306_InvertDisplay
                0x08000f68       0x2a ./Core/Src/ssd1306.o
                0x08000f68                ssd1306_InvertDisplay
 *fill*         0x08000f92        0x2 
 .text.HAL_MspInit
                0x08000f94       0x48 ./Core/Src/stm32g0xx_hal_msp.o
                0x08000f94                HAL_MspInit
 .text.HAL_I2C_MspInit
                0x08000fdc      0x110 ./Core/Src/stm32g0xx_hal_msp.o
                0x08000fdc                HAL_I2C_MspInit
 .text.HAL_TIM_Base_MspInit
                0x080010ec       0x40 ./Core/Src/stm32g0xx_hal_msp.o
                0x080010ec                HAL_TIM_Base_MspInit
 .text.NMI_Handler
                0x0800112c        0x8 ./Core/Src/stm32g0xx_it.o
                0x0800112c                NMI_Handler
 .text.HardFault_Handler
                0x08001134        0x8 ./Core/Src/stm32g0xx_it.o
                0x08001134                HardFault_Handler
 .text.SVC_Handler
                0x0800113c        0xa ./Core/Src/stm32g0xx_it.o
                0x0800113c                SVC_Handler
 .text.PendSV_Handler
                0x08001146        0xa ./Core/Src/stm32g0xx_it.o
                0x08001146                PendSV_Handler
 .text.SysTick_Handler
                0x08001150        0xe ./Core/Src/stm32g0xx_it.o
                0x08001150                SysTick_Handler
 .text.RCC_IRQHandler
                0x0800115e        0xa ./Core/Src/stm32g0xx_it.o
                0x0800115e                RCC_IRQHandler
 .text.TIM14_IRQHandler
                0x08001168       0x18 ./Core/Src/stm32g0xx_it.o
                0x08001168                TIM14_IRQHandler
 .text.SystemInit
                0x08001180        0xa ./Core/Src/system_stm32g0xx.o
                0x08001180                SystemInit
 *fill*         0x0800118a        0x2 
 .text.Reset_Handler
                0x0800118c       0x50 ./Core/Startup/startup_stm32g030k8tx.o
                0x0800118c                Reset_Handler
 .text.Default_Handler
                0x080011dc        0x2 ./Core/Startup/startup_stm32g030k8tx.o
                0x080011dc                TIM1_CC_IRQHandler
                0x080011dc                I2C1_IRQHandler
                0x080011dc                RTC_TAMP_IRQHandler
                0x080011dc                SPI1_IRQHandler
                0x080011dc                DMA1_Ch4_5_DMAMUX1_OVR_IRQHandler
                0x080011dc                EXTI2_3_IRQHandler
                0x080011dc                ADC1_IRQHandler
                0x080011dc                I2C2_IRQHandler
                0x080011dc                TIM17_IRQHandler
                0x080011dc                TIM16_IRQHandler
                0x080011dc                TIM3_IRQHandler
                0x080011dc                EXTI4_15_IRQHandler
                0x080011dc                DMA1_Channel1_IRQHandler
                0x080011dc                Default_Handler
                0x080011dc                EXTI0_1_IRQHandler
                0x080011dc                SPI2_IRQHandler
                0x080011dc                WWDG_IRQHandler
                0x080011dc                DMA1_Channel2_3_IRQHandler
                0x080011dc                USART2_IRQHandler
                0x080011dc                FLASH_IRQHandler
                0x080011dc                USART1_IRQHandler
                0x080011dc                TIM1_BRK_UP_TRG_COM_IRQHandler
 *fill*         0x080011de        0x2 
 .text.HAL_Init
                0x080011e0       0x40 ./Drivers/STM32G0xx_HAL_Driver/Src/stm32g0xx_hal.o
                0x080011e0                HAL_Init
 .text.HAL_InitTick
                0x08001220       0x94 ./Drivers/STM32G0xx_HAL_Driver/Src/stm32g0xx_hal.o
                0x08001220                HAL_InitTick
 .text.HAL_IncTick
                0x080012b4       0x24 ./Drivers/STM32G0xx_HAL_Driver/Src/stm32g0xx_hal.o
                0x080012b4                HAL_IncTick
 .text.HAL_GetTick
                0x080012d8       0x14 ./Drivers/STM32G0xx_HAL_Driver/Src/stm32g0xx_hal.o
                0x080012d8                HAL_GetTick
 .text.HAL_Delay
                0x080012ec       0x48 ./Drivers/STM32G0xx_HAL_Driver/Src/stm32g0xx_hal.o
                0x080012ec                HAL_Delay
 .text.__NVIC_EnableIRQ
                0x08001334       0x34 ./Drivers/STM32G0xx_HAL_Driver/Src/stm32g0xx_hal_cortex.o
 .text.__NVIC_SetPriority
                0x08001368       0xdc ./Drivers/STM32G0xx_HAL_Driver/Src/stm32g0xx_hal_cortex.o
 .text.SysTick_Config
                0x08001444       0x48 ./Drivers/STM32G0xx_HAL_Driver/Src/stm32g0xx_hal_cortex.o
 .text.HAL_NVIC_SetPriority
                0x0800148c       0x2a ./Drivers/STM32G0xx_HAL_Driver/Src/stm32g0xx_hal_cortex.o
                0x0800148c                HAL_NVIC_SetPriority
 .text.HAL_NVIC_EnableIRQ
                0x080014b6       0x20 ./Drivers/STM32G0xx_HAL_Driver/Src/stm32g0xx_hal_cortex.o
                0x080014b6                HAL_NVIC_EnableIRQ
 .text.HAL_SYSTICK_Config
                0x080014d6       0x1a ./Drivers/STM32G0xx_HAL_Driver/Src/stm32g0xx_hal_cortex.o
                0x080014d6                HAL_SYSTICK_Config
 .text.HAL_GPIO_Init
                0x080014f0      0x2c8 ./Drivers/STM32G0xx_HAL_Driver/Src/stm32g0xx_hal_gpio.o
                0x080014f0                HAL_GPIO_Init
 .text.HAL_GPIO_ReadPin
                0x080017b8       0x3a ./Drivers/STM32G0xx_HAL_Driver/Src/stm32g0xx_hal_gpio.o
                0x080017b8                HAL_GPIO_ReadPin
 .text.HAL_GPIO_WritePin
                0x080017f2       0x3a ./Drivers/STM32G0xx_HAL_Driver/Src/stm32g0xx_hal_gpio.o
                0x080017f2                HAL_GPIO_WritePin
 .text.HAL_I2C_Init
                0x0800182c      0x14c ./Drivers/STM32G0xx_HAL_Driver/Src/stm32g0xx_hal_i2c.o
                0x0800182c                HAL_I2C_Init
 .text.HAL_I2C_Mem_Write
                0x08001978      0x25c ./Drivers/STM32G0xx_HAL_Driver/Src/stm32g0xx_hal_i2c.o
                0x08001978                HAL_I2C_Mem_Write
 .text.I2C_RequestMemoryWrite
                0x08001bd4       0xc8 ./Drivers/STM32G0xx_HAL_Driver/Src/stm32g0xx_hal_i2c.o
 .text.I2C_Flush_TXDR
                0x08001c9c       0x44 ./Drivers/STM32G0xx_HAL_Driver/Src/stm32g0xx_hal_i2c.o
 .text.I2C_WaitOnFlagUntilTimeout
                0x08001ce0       0xb0 ./Drivers/STM32G0xx_HAL_Driver/Src/stm32g0xx_hal_i2c.o
 .text.I2C_WaitOnTXISFlagUntilTimeout
                0x08001d90       0x8c ./Drivers/STM32G0xx_HAL_Driver/Src/stm32g0xx_hal_i2c.o
 .text.I2C_WaitOnSTOPFlagUntilTimeout
                0x08001e1c       0x86 ./Drivers/STM32G0xx_HAL_Driver/Src/stm32g0xx_hal_i2c.o
 *fill*         0x08001ea2        0x2 
 .text.I2C_IsErrorOccurred
                0x08001ea4      0x1f0 ./Drivers/STM32G0xx_HAL_Driver/Src/stm32g0xx_hal_i2c.o
 .text.I2C_TransferConfig
                0x08002094       0x74 ./Drivers/STM32G0xx_HAL_Driver/Src/stm32g0xx_hal_i2c.o
 .text.HAL_I2CEx_ConfigAnalogFilter
                0x08002108       0x98 ./Drivers/STM32G0xx_HAL_Driver/Src/stm32g0xx_hal_i2c_ex.o
                0x08002108                HAL_I2CEx_ConfigAnalogFilter
 .text.HAL_I2CEx_ConfigDigitalFilter
                0x080021a0       0x98 ./Drivers/STM32G0xx_HAL_Driver/Src/stm32g0xx_hal_i2c_ex.o
                0x080021a0                HAL_I2CEx_ConfigDigitalFilter
 .text.HAL_PWREx_ControlVoltageScaling
                0x08002238       0x80 ./Drivers/STM32G0xx_HAL_Driver/Src/stm32g0xx_hal_pwr_ex.o
                0x08002238                HAL_PWREx_ControlVoltageScaling
 .text.HAL_RCC_OscConfig
                0x080022b8      0x620 ./Drivers/STM32G0xx_HAL_Driver/Src/stm32g0xx_hal_rcc.o
                0x080022b8                HAL_RCC_OscConfig
 .text.HAL_RCC_ClockConfig
                0x080028d8      0x210 ./Drivers/STM32G0xx_HAL_Driver/Src/stm32g0xx_hal_rcc.o
                0x080028d8                HAL_RCC_ClockConfig
 .text.HAL_RCC_GetSysClockFreq
                0x08002ae8      0x104 ./Drivers/STM32G0xx_HAL_Driver/Src/stm32g0xx_hal_rcc.o
                0x08002ae8                HAL_RCC_GetSysClockFreq
 .text.HAL_RCCEx_PeriphCLKConfig
                0x08002bec      0x24c ./Drivers/STM32G0xx_HAL_Driver/Src/stm32g0xx_hal_rcc_ex.o
                0x08002bec                HAL_RCCEx_PeriphCLKConfig
 .text.HAL_TIM_Base_Init
                0x08002e38       0xb0 ./Drivers/STM32G0xx_HAL_Driver/Src/stm32g0xx_hal_tim.o
                0x08002e38                HAL_TIM_Base_Init
 .text.HAL_TIM_Base_Start_IT
                0x08002ee8       0x9c ./Drivers/STM32G0xx_HAL_Driver/Src/stm32g0xx_hal_tim.o
                0x08002ee8                HAL_TIM_Base_Start_IT
 .text.HAL_TIM_IRQHandler
                0x08002f84      0x210 ./Drivers/STM32G0xx_HAL_Driver/Src/stm32g0xx_hal_tim.o
                0x08002f84                HAL_TIM_IRQHandler
 .text.HAL_TIM_OC_DelayElapsedCallback
                0x08003194       0x10 ./Drivers/STM32G0xx_HAL_Driver/Src/stm32g0xx_hal_tim.o
                0x08003194                HAL_TIM_OC_DelayElapsedCallback
 .text.HAL_TIM_IC_CaptureCallback
                0x080031a4       0x10 ./Drivers/STM32G0xx_HAL_Driver/Src/stm32g0xx_hal_tim.o
                0x080031a4                HAL_TIM_IC_CaptureCallback
 .text.HAL_TIM_PWM_PulseFinishedCallback
                0x080031b4       0x10 ./Drivers/STM32G0xx_HAL_Driver/Src/stm32g0xx_hal_tim.o
                0x080031b4                HAL_TIM_PWM_PulseFinishedCallback
 .text.HAL_TIM_TriggerCallback
                0x080031c4       0x10 ./Drivers/STM32G0xx_HAL_Driver/Src/stm32g0xx_hal_tim.o
                0x080031c4                HAL_TIM_TriggerCallback
 .text.TIM_Base_SetConfig
                0x080031d4       0xf4 ./Drivers/STM32G0xx_HAL_Driver/Src/stm32g0xx_hal_tim.o
                0x080031d4                TIM_Base_SetConfig
 .text.HAL_TIMEx_CommutCallback
                0x080032c8       0x10 ./Drivers/STM32G0xx_HAL_Driver/Src/stm32g0xx_hal_tim_ex.o
                0x080032c8                HAL_TIMEx_CommutCallback
 .text.HAL_TIMEx_BreakCallback
                0x080032d8       0x10 ./Drivers/STM32G0xx_HAL_Driver/Src/stm32g0xx_hal_tim_ex.o
                0x080032d8                HAL_TIMEx_BreakCallback
 .text.HAL_TIMEx_Break2Callback
                0x080032e8       0x10 ./Drivers/STM32G0xx_HAL_Driver/Src/stm32g0xx_hal_tim_ex.o
                0x080032e8                HAL_TIMEx_Break2Callback
 .text.memset   0x080032f8       0x10 /opt/st/stm32cubeide_1.19.0/plugins/com.st.stm32cube.ide.mcu.externaltools.gnu-tools-for-stm32.13.3.rel1.linux64_1.0.0.202410170706/tools/bin/../lib/gcc/arm-none-eabi/13.3.1/../../../../arm-none-eabi/lib/thumb/v6-m/nofp/libc_nano.a(libc_a-memset.o)
                0x080032f8                memset
 .text.__libc_init_array
                0x08003308       0x48 /opt/st/stm32cubeide_1.19.0/plugins/com.st.stm32cube.ide.mcu.externaltools.gnu-tools-for-stm32.13.3.rel1.linux64_1.0.0.202410170706/tools/bin/../lib/gcc/arm-none-eabi/13.3.1/../../../../arm-none-eabi/lib/thumb/v6-m/nofp/libc_nano.a(libc_a-init.o)
                0x08003308                __libc_init_array
 *(.glue_7)
 .glue_7        0x08003350        0x0 linker stubs
 *(.glue_7t)
 .glue_7t       0x08003350        0x0 linker stubs
 *(.eh_frame)
 .eh_frame      0x08003350        0x0 /opt/st/stm32cubeide_1.19.0/plugins/com.st.stm32cube.ide.mcu.externaltools.gnu-tools-for-stm32.13.3.rel1.linux64_1.0.0.202410170706/tools/bin/../lib/gcc/arm-none-eabi/13.3.1/thumb/v6-m/nofp/crtbegin.o
 *(.init)
 .init          0x08003350        0x4 /opt/st/stm32cubeide_1.19.0/plugins/com.st.stm32cube.ide.mcu.externaltools.gnu-tools-for-stm32.13.3.rel1.linux64_1.0.0.202410170706/tools/bin/../lib/gcc/arm-none-eabi/13.3.1/thumb/v6-m/nofp/crti.o
                0x08003350                _init
 .init          0x08003354        0x8 /opt/st/stm32cubeide_1.19.0/plugins/com.st.stm32cube.ide.mcu.externaltools.gnu-tools-for-stm32.13.3.rel1.linux64_1.0.0.202410170706/tools/bin/../lib/gcc/arm-none-eabi/13.3.1/thumb/v6-m/nofp/crtn.o
 *(.fini)
 .fini          0x0800335c        0x4 /opt/st/stm32cubeide_1.19.0/plugins/com.st.stm32cube.ide.mcu.externaltools.gnu-tools-for-stm32.13.3.rel1.linux64_1.0.0.202410170706/tools/bin/../lib/gcc/arm-none-eabi/13.3.1/thumb/v6-m/nofp/crti.o
                0x0800335c                _fini
 .fini          0x08003360        0x8 /opt/st/stm32cubeide_1.19.0/plugins/com.st.stm32cube.ide.mcu.externaltools.gnu-tools-for-stm32.13.3.rel1.linux64_1.0.0.202410170706/tools/bin/../lib/gcc/arm-none-eabi/13.3.1/thumb/v6-m/nofp/crtn.o
                0x08003368                        . = ALIGN (0x4)
                0x08003368                        _etext = .

.vfp11_veneer   0x08003368        0x0
 .vfp11_veneer  0x08003368        0x0 linker stubs

.v4_bx          0x08003368        0x0
 .v4_bx         0x08003368        0x0 linker stubs

.iplt           0x08003368        0x0
 .iplt          0x08003368        0x0 /opt/st/stm32cubeide_1.19.0/plugins/com.st.stm32cube.ide.mcu.externaltools.gnu-tools-for-stm32.13.3.rel1.linux64_1.0.0.202410170706/tools/bin/../lib/gcc/arm-none-eabi/13.3.1/thumb/v6-m/nofp/crtbegin.o

.rodata         0x08003368     0x2c40
                0x08003368                        . = ALIGN (0x4)
 *(.rodata)
 *(.rodata*)
 .rodata.img_both_up
                0x08003368      0x400 ./Core/Src/main.o
                0x08003368                img_both_up
 .rodata.img_idle1
                0x08003768      0x400 ./Core/Src/main.o
                0x08003768                img_idle1
 .rodata.img_idle2
                0x08003b68      0x400 ./Core/Src/main.o
                0x08003b68                img_idle2
 .rodata.img_idle3
                0x08003f68      0x400 ./Core/Src/main.o
                0x08003f68                img_idle3
 .rodata.img_idle4
                0x08004368      0x400 ./Core/Src/main.o
                0x08004368                img_idle4
 .rodata.img_idle5
                0x08004768      0x400 ./Core/Src/main.o
                0x08004768                img_idle5
 .rodata.img_both_down_alt
                0x08004b68      0x400 ./Core/Src/main.o
                0x08004b68                img_both_down_alt
 .rodata.img_left_down_alt
                0x08004f68      0x400 ./Core/Src/main.o
                0x08004f68                img_left_down_alt
 .rodata.img_right_down_alt
                0x08005368      0x400 ./Core/Src/main.o
                0x08005368                img_right_down_alt
 .rodata.img_tap_left
                0x08005768      0x400 ./Core/Src/main.o
                0x08005768                img_tap_left
 .rodata.img_tap_right
                0x08005b68      0x400 ./Core/Src/main.o
                0x08005b68                img_tap_right
 .rodata.AHBPrescTable
                0x08005f68       0x40 ./Core/Src/system_stm32g0xx.o
                0x08005f68                AHBPrescTable
                0x08005fa8                        . = ALIGN (0x4)

.ARM.extab      0x08005fa8        0x0
                0x08005fa8                        . = ALIGN (0x4)
 *(.ARM.extab* .gnu.linkonce.armextab.*)
                0x08005fa8                        . = ALIGN (0x4)

.ARM            0x08005fa8        0x0
                0x08005fa8                        . = ALIGN (0x4)
                0x08005fa8                        __exidx_start = .
 *(.ARM.exidx*)
                0x08005fa8                        __exidx_end = .
                0x08005fa8                        . = ALIGN (0x4)

.preinit_array  0x08005fa8        0x0
                0x08005fa8                        . = ALIGN (0x4)
                0x08005fa8                        PROVIDE (__preinit_array_start = .)
 *(.preinit_array*)
                0x08005fa8                        PROVIDE (__preinit_array_end = .)
                0x08005fa8                        . = ALIGN (0x4)

.init_array     0x08005fa8        0x4
                0x08005fa8                        . = ALIGN (0x4)
                0x08005fa8                        PROVIDE (__init_array_start = .)
 *(SORT_BY_NAME(.init_array.*))
 *(.init_array*)
 .init_array    0x08005fa8        0x4 /opt/st/stm32cubeide_1.19.0/plugins/com.st.stm32cube.ide.mcu.externaltools.gnu-tools-for-stm32.13.3.rel1.linux64_1.0.0.202410170706/tools/bin/../lib/gcc/arm-none-eabi/13.3.1/thumb/v6-m/nofp/crtbegin.o
                0x08005fac                        PROVIDE (__init_array_end = .)
                0x08005fac                        . = ALIGN (0x4)

.fini_array     0x08005fac        0x4
                0x08005fac                        . = ALIGN (0x4)
                [!provide]                        PROVIDE (__fini_array_start = .)
 *(SORT_BY_NAME(.fini_array.*))
 *(.fini_array*)
 .fini_array    0x08005fac        0x4 /opt/st/stm32cubeide_1.19.0/plugins/com.st.stm32cube.ide.mcu.externaltools.gnu-tools-for-stm32.13.3.rel1.linux64_1.0.0.202410170706/tools/bin/../lib/gcc/arm-none-eabi/13.3.1/thumb/v6-m/nofp/crtbegin.o
                [!provide]                        PROVIDE (__fini_array_end = .)
                0x08005fb0                        . = ALIGN (0x4)
                0x08005fb0                        _sidata = LOADADDR (.data)

.rel.dyn        0x08005fb0        0x0
 .rel.iplt      0x08005fb0        0x0 /opt/st/stm32cubeide_1.19.0/plugins/com.st.stm32cube.ide.mcu.externaltools.gnu-tools-for-stm32.13.3.rel1.linux64_1.0.0.202410170706/tools/bin/../lib/gcc/arm-none-eabi/13.3.1/thumb/v6-m/nofp/crtbegin.o

.data           0x20000000       0x20 load address 0x08005fb0
                0x20000000                        . = ALIGN (0x4)
                0x20000000                        _sdata = .
 *(.data)
 *(.data*)
 .data.ani_idle
                0x20000000       0x14 ./Core/Src/main.o
                0x20000000                ani_idle
 .data.SystemCoreClock
                0x20000014        0x4 ./Core/Src/system_stm32g0xx.o
                0x20000014                SystemCoreClock
 .data.uwTickPrio
                0x20000018        0x4 ./Drivers/STM32G0xx_HAL_Driver/Src/stm32g0xx_hal.o
                0x20000018                uwTickPrio
 .data.uwTickFreq
                0x2000001c        0x1 ./Drivers/STM32G0xx_HAL_Driver/Src/stm32g0xx_hal.o
                0x2000001c                uwTickFreq
 *(.RamFunc)
 *(.RamFunc*)
                0x20000020                        . = ALIGN (0x4)
 *fill*         0x2000001d        0x3 
                0x20000020                        _edata = .

.igot.plt       0x20000020        0x0 load address 0x08005fd0
 .igot.plt      0x20000020        0x0 /opt/st/stm32cubeide_1.19.0/plugins/com.st.stm32cube.ide.mcu.externaltools.gnu-tools-for-stm32.13.3.rel1.linux64_1.0.0.202410170706/tools/bin/../lib/gcc/arm-none-eabi/13.3.1/thumb/v6-m/nofp/crtbegin.o
                0x20000020                        . = ALIGN (0x4)

.bss            0x20000020      0x4e4 load address 0x08005fd0
                0x20000020                        _sbss = .
                0x20000020                        __bss_start__ = _sbss
 *(.bss)
 .bss           0x20000020       0x1c /opt/st/stm32cubeide_1.19.0/plugins/com.st.stm32cube.ide.mcu.externaltools.gnu-tools-for-stm32.13.3.rel1.linux64_1.0.0.202410170706/tools/bin/../lib/gcc/arm-none-eabi/13.3.1/thumb/v6-m/nofp/crtbegin.o
 *(.bss*)
 .bss.hi2c1     0x2000003c       0x54 ./Core/Src/main.o
                0x2000003c                hi2c1
 .bss.htim14    0x20000090       0x4c ./Core/Src/main.o
                0x20000090                htim14
 .bss.sw_state_left
                0x200000dc        0x4 ./Core/Src/main.o
                0x200000dc                sw_state_left
 .bss.sw_state_right
                0x200000e0        0x4 ./Core/Src/main.o
                0x200000e0                sw_state_right
 .bss.idle_cnt  0x200000e4        0x1 ./Core/Src/main.o
                0x200000e4                idle_cnt
 .bss.display_inverted
                0x200000e5        0x1 ./Core/Src/main.o
                0x200000e5                display_inverted
 *fill*         0x200000e6        0x2 
 .bss.SSD1306_Buffer
                0x200000e8      0x410 ./Core/Src/ssd1306.o
 .bss.SSD1306   0x200004f8        0x6 ./Core/Src/ssd1306.o
 *fill*         0x200004fe        0x2 
 .bss.uwTick    0x20000500        0x4 ./Drivers/STM32G0xx_HAL_Driver/Src/stm32g0xx_hal.o
                0x20000500                uwTick
 *(COMMON)
                0x20000504                        . = ALIGN (0x4)
                0x20000504                        _ebss = .
                0x20000504                        __bss_end__ = _ebss

._user_heap_stack
                0x20000504      0x604 load address 0x08005fd0
                0x20000508                        . = ALIGN (0x8)
 *fill*         0x20000504        0x4 
                [!provide]                        PROVIDE (end = .)
                0x20000508                        PROVIDE (_end = .)
                0x20000708                        . = (. + _Min_Heap_Size)
 *fill*         0x20000508      0x200 
                0x20000b08                        . = (. + _Min_Stack_Size)
 *fill*         0x20000708      0x400 
                0x20000b08                        . = ALIGN (0x8)

/DISCARD/
 libc.a(*)
 libm.a(*)
 libgcc.a(*)

.ARM.attributes
                0x00000000       0x28
 *(.ARM.attributes)
 .ARM.attributes
                0x00000000       0x1e /opt/st/stm32cubeide_1.19.0/plugins/com.st.stm32cube.ide.mcu.externaltools.gnu-tools-for-stm32.13.3.rel1.linux64_1.0.0.202410170706/tools/bin/../lib/gcc/arm-none-eabi/13.3.1/thumb/v6-m/nofp/crti.o
 .ARM.attributes
                0x0000001e       0x2c /opt/st/stm32cubeide_1.19.0/plugins/com.st.stm32cube.ide.mcu.externaltools.gnu-tools-for-stm32.13.3.rel1.linux64_1.0.0.202410170706/tools/bin/../lib/gcc/arm-none-eabi/13.3.1/thumb/v6-m/nofp/crtbegin.o
 .ARM.attributes
                0x0000004a       0x2c ./Core/Src/main.o
 .ARM.attributes
                0x00000076       0x2c ./Core/Src/ssd1306.o
 .ARM.attributes
                0x000000a2       0x2c ./Core/Src/stm32g0xx_hal_msp.o
 .ARM.attributes
                0x000000ce       0x2c ./Core/Src/stm32g0xx_it.o
 .ARM.attributes
                0x000000fa       0x2c ./Core/Src/system_stm32g0xx.o
 .ARM.attributes
                0x00000126       0x22 ./Core/Startup/startup_stm32g030k8tx.o
 .ARM.attributes
                0x00000148       0x2c ./Drivers/STM32G0xx_HAL_Driver/Src/stm32g0xx_hal.o
 .ARM.attributes
                0x00000174       0x2c ./Drivers/STM32G0xx_HAL_Driver/Src/stm32g0xx_hal_cortex.o
 .ARM.attributes
                0x000001a0       0x2c ./Drivers/STM32G0xx_HAL_Driver/Src/stm32g0xx_hal_gpio.o
 .ARM.attributes
                0x000001cc       0x2c ./Drivers/STM32G0xx_HAL_Driver/Src/stm32g0xx_hal_i2c.o
 .ARM.attributes
                0x000001f8       0x2c ./Drivers/STM32G0xx_HAL_Driver/Src/stm32g0xx_hal_i2c_ex.o
 .ARM.attributes
                0x00000224       0x2c ./Drivers/STM32G0xx_HAL_Driver/Src/stm32g0xx_hal_pwr_ex.o
 .ARM.attributes
                0x00000250       0x2c ./Drivers/STM32G0xx_HAL_Driver/Src/stm32g0xx_hal_rcc.o
 .ARM.attributes
                0x0000027c       0x2c ./Drivers/STM32G0xx_HAL_Driver/Src/stm32g0xx_hal_rcc_ex.o
 .ARM.attributes
                0x000002a8       0x2c ./Drivers/STM32G0xx_HAL_Driver/Src/stm32g0xx_hal_tim.o
 .ARM.attributes
                0x000002d4       0x2c ./Drivers/STM32G0xx_HAL_Driver/Src/stm32g0xx_hal_tim_ex.o
 .ARM.attributes
                0x00000300       0x2c /opt/st/stm32cubeide_1.19.0/plugins/com.st.stm32cube.ide.mcu.externaltools.gnu-tools-for-stm32.13.3.rel1.linux64_1.0.0.202410170706/tools/bin/../lib/gcc/arm-none-eabi/13.3.1/../../../../arm-none-eabi/lib/thumb/v6-m/nofp/libc_nano.a(libc_a-memset.o)
 .ARM.attributes
                0x0000032c       0x2c /opt/st/stm32cubeide_1.19.0/plugins/com.st.stm32cube.ide.mcu.externaltools.gnu-tools-for-stm32.13.3.rel1.linux64_1.0.0.202410170706/tools/bin/../lib/gcc/arm-none-eabi/13.3.1/../../../../arm-none-eabi/lib/thumb/v6-m/nofp/libc_nano.a(libc_a-init.o)
 .ARM.attributes
                0x00000358       0x1e /opt/st/stm32cubeide_1.19.0/plugins/com.st.stm32cube.ide.mcu.externaltools.gnu-tools-for-stm32.13.3.rel1.linux64_1.0.0.202410170706/tools/bin/../lib/gcc/arm-none-eabi/13.3.1/thumb/v6-m/nofp/libgcc.a(_udivsi3.o)
 .ARM.attributes
                0x00000376       0x1e /opt/st/stm32cubeide_1.19.0/plugins/com.st.stm32cube.ide.mcu.externaltools.gnu-tools-for-stm32.13.3.rel1.linux64_1.0.0.202410170706/tools/bin/../lib/gcc/arm-none-eabi/13.3.1/thumb/v6-m/nofp/libgcc.a(_divsi3.o)
 .ARM.attributes
                0x00000394       0x1e /opt/st/stm32cubeide_1.19.0/plugins/com.st.stm32cube.ide.mcu.externaltools.gnu-tools-for-stm32.13.3.rel1.linux64_1.0.0.202410170706/tools/bin/../lib/gcc/arm-none-eabi/13.3.1/thumb/v6-m/nofp/libgcc.a(_dvmd_tls.o)
 .ARM.attributes
                0x000003b2       0x1e /opt/st/stm32cubeide_1.19.0/plugins/com.st.stm32cube.ide.mcu.externaltools.gnu-tools-for-stm32.13.3.rel1.linux64_1.0.0.202410170706/tools/bin/../lib/gcc/arm-none-eabi/13.3.1/thumb/v6-m/nofp/crtn.o
OUTPUT(Bongo-cat-fidget-toy.elf elf32-littlearm)
LOAD linker stubs
LOAD /opt/st/stm32cubeide_1.19.0/plugins/com.st.stm32cube.ide.mcu.externaltools.gnu-tools-for-stm32.13.3.rel1.linux64_1.0.0.202410170706/tools/bin/../lib/gcc/arm-none-eabi/13.3.1/../../../../arm-none-eabi/lib/thumb/v6-m/nofp/libc.a
LOAD /opt/st/stm32cubeide_1.19.0/plugins/com.st.stm32cube.ide.mcu.externaltools.gnu-tools-for-stm32.13.3.rel1.linux64_1.0.0.202410170706/tools/bin/../lib/gcc/arm-none-eabi/13.3.1/../../../../arm-none-eabi/lib/thumb/v6-m/nofp/libm.a
LOAD /opt/st/stm32cubeide_1.19.0/plugins/com.st.stm32cube.ide.mcu.externaltools.gnu-tools-for-stm32.13.3.rel1.linux64_1.0.0.202410170706/tools/bin/../lib/gcc/arm-none-eabi/13.3.1/thumb/v6-m/nofp/libgcc.a

.debug_info     0x00000000     0xe1df
 .debug_info    0x00000000     0x158c ./Core/Src/main.o
 .debug_info    0x0000158c     0x138a ./Core/Src/ssd1306.o
 .debug_info    0x00002916      0xfe1 ./Core/Src/stm32g0xx_hal_msp.o
 .debug_info    0x000038f7      0x7e7 ./Core/Src/stm32g0xx_it.o
 .debug_info    0x000040de      0x316 ./Core/Src/system_stm32g0xx.o
 .debug_info    0x000043f4       0x30 ./Core/Startup/startup_stm32g030k8tx.o
 .debug_info    0x00004424      0x8f0 ./Drivers/STM32G0xx_HAL_Driver/Src/stm32g0xx_hal.o
 .debug_info    0x00004d14      0x8a9 ./Drivers/STM32G0xx_HAL_Driver/Src/stm32g0xx_hal_cortex.o
 .debug_info    0x000055bd      0x59d ./Drivers/STM32G0xx_HAL_Driver/Src/stm32g0xx_hal_gpio.o
 .debug_info    0x00005b5a     0x21bc ./Drivers/STM32G0xx_HAL_Driver/Src/stm32g0xx_hal_i2c.o
 .debug_info    0x00007d16      0x9d9 ./Drivers/STM32G0xx_HAL_Driver/Src/stm32g0xx_hal_i2c_ex.o
 .debug_info    0x000086ef      0x496 ./Drivers/STM32G0xx_HAL_Driver/Src/stm32g0xx_hal_pwr_ex.o
 .debug_info    0x00008b85      0xad0 ./Drivers/STM32G0xx_HAL_Driver/Src/stm32g0xx_hal_rcc.o
 .debug_info    0x00009655      0x72b ./Drivers/STM32G0xx_HAL_Driver/Src/stm32g0xx_hal_rcc_ex.o
 .debug_info    0x00009d80     0x2ba7 ./Drivers/STM32G0xx_HAL_Driver/Src/stm32g0xx_hal_tim.o
 .debug_info    0x0000c927     0x18b8 ./Drivers/STM32G0xx_HAL_Driver/Src/stm32g0xx_hal_tim_ex.o

.debug_abbrev   0x00000000     0x238a
 .debug_abbrev  0x00000000      0x375 ./Core/Src/main.o
 .debug_abbrev  0x00000375      0x365 ./Core/Src/ssd1306.o
 .debug_abbrev  0x000006da      0x22b ./Core/Src/stm32g0xx_hal_msp.o
 .debug_abbrev  0x00000905      0x1bc ./Core/Src/stm32g0xx_it.o
 .debug_abbrev  0x00000ac1      0x119 ./Core/Src/system_stm32g0xx.o
 .debug_abbrev  0x00000bda       0x24 ./Core/Startup/startup_stm32g030k8tx.o
 .debug_abbrev  0x00000bfe      0x2b4 ./Drivers/STM32G0xx_HAL_Driver/Src/stm32g0xx_hal.o
 .debug_abbrev  0x00000eb2      0x2ab ./Drivers/STM32G0xx_HAL_Driver/Src/stm32g0xx_hal_cortex.o
 .debug_abbrev  0x0000115d      0x1c3 ./Drivers/STM32G0xx_HAL_Driver/Src/stm32g0xx_hal_gpio.o
 .debug_abbrev  0x00001320      0x291 ./Drivers/STM32G0xx_HAL_Driver/Src/stm32g0xx_hal_i2c.o
 .debug_abbrev  0x000015b1      0x1ea ./Drivers/STM32G0xx_HAL_Driver/Src/stm32g0xx_hal_i2c_ex.o
 .debug_abbrev  0x0000179b      0x1d7 ./Drivers/STM32G0xx_HAL_Driver/Src/stm32g0xx_hal_pwr_ex.o
 .debug_abbrev  0x00001972      0x2a9 ./Drivers/STM32G0xx_HAL_Driver/Src/stm32g0xx_hal_rcc.o
 .debug_abbrev  0x00001c1b      0x229 ./Drivers/STM32G0xx_HAL_Driver/Src/stm32g0xx_hal_rcc_ex.o
 .debug_abbrev  0x00001e44      0x29b ./Drivers/STM32G0xx_HAL_Driver/Src/stm32g0xx_hal_tim.o
 .debug_abbrev  0x000020df      0x2ab ./Drivers/STM32G0xx_HAL_Driver/Src/stm32g0xx_hal_tim_ex.o

.debug_aranges  0x00000000      0xe70
 .debug_aranges
                0x00000000       0x80 ./Core/Src/main.o
 .debug_aranges
                0x00000080       0xf0 ./Core/Src/ssd1306.o
 .debug_aranges
                0x00000170       0x40 ./Core/Src/stm32g0xx_hal_msp.o
 .debug_aranges
                0x000001b0       0x50 ./Core/Src/stm32g0xx_it.o
 .debug_aranges
                0x00000200       0x28 ./Core/Src/system_stm32g0xx.o
 .debug_aranges
                0x00000228       0x28 ./Core/Startup/startup_stm32g030k8tx.o
 .debug_aranges
                0x00000250      0x100 ./Drivers/STM32G0xx_HAL_Driver/Src/stm32g0xx_hal.o
 .debug_aranges
                0x00000350       0xe8 ./Drivers/STM32G0xx_HAL_Driver/Src/stm32g0xx_hal_cortex.o
 .debug_aranges
                0x00000438       0x60 ./Drivers/STM32G0xx_HAL_Driver/Src/stm32g0xx_hal_gpio.o
 .debug_aranges
                0x00000498      0x2a0 ./Drivers/STM32G0xx_HAL_Driver/Src/stm32g0xx_hal_i2c.o
 .debug_aranges
                0x00000738       0x48 ./Drivers/STM32G0xx_HAL_Driver/Src/stm32g0xx_hal_i2c_ex.o
 .debug_aranges
                0x00000780       0x98 ./Drivers/STM32G0xx_HAL_Driver/Src/stm32g0xx_hal_pwr_ex.o
 .debug_aranges
                0x00000818       0xa0 ./Drivers/STM32G0xx_HAL_Driver/Src/stm32g0xx_hal_rcc.o
 .debug_aranges
                0x000008b8       0x40 ./Drivers/STM32G0xx_HAL_Driver/Src/stm32g0xx_hal_rcc_ex.o
 .debug_aranges
                0x000008f8      0x3e0 ./Drivers/STM32G0xx_HAL_Driver/Src/stm32g0xx_hal_tim.o
 .debug_aranges
                0x00000cd8      0x198 ./Drivers/STM32G0xx_HAL_Driver/Src/stm32g0xx_hal_tim_ex.o

.debug_rnglists
                0x00000000      0xb4c
 .debug_rnglists
                0x00000000       0x5f ./Core/Src/main.o
 .debug_rnglists
                0x0000005f       0xbc ./Core/Src/ssd1306.o
 .debug_rnglists
                0x0000011b       0x2c ./Core/Src/stm32g0xx_hal_msp.o
 .debug_rnglists
                0x00000147       0x37 ./Core/Src/stm32g0xx_it.o
 .debug_rnglists
                0x0000017e       0x1a ./Core/Src/system_stm32g0xx.o
 .debug_rnglists
                0x00000198       0x19 ./Core/Startup/startup_stm32g030k8tx.o
 .debug_rnglists
                0x000001b1       0xbc ./Drivers/STM32G0xx_HAL_Driver/Src/stm32g0xx_hal.o
 .debug_rnglists
                0x0000026d       0xaa ./Drivers/STM32G0xx_HAL_Driver/Src/stm32g0xx_hal_cortex.o
 .debug_rnglists
                0x00000317       0x45 ./Drivers/STM32G0xx_HAL_Driver/Src/stm32g0xx_hal_gpio.o
 .debug_rnglists
                0x0000035c      0x229 ./Drivers/STM32G0xx_HAL_Driver/Src/stm32g0xx_hal_i2c.o
 .debug_rnglists
                0x00000585       0x35 ./Drivers/STM32G0xx_HAL_Driver/Src/stm32g0xx_hal_i2c_ex.o
 .debug_rnglists
                0x000005ba       0x72 ./Drivers/STM32G0xx_HAL_Driver/Src/stm32g0xx_hal_pwr_ex.o
 .debug_rnglists
                0x0000062c       0x79 ./Drivers/STM32G0xx_HAL_Driver/Src/stm32g0xx_hal_rcc.o
 .debug_rnglists
                0x000006a5       0x2f ./Drivers/STM32G0xx_HAL_Driver/Src/stm32g0xx_hal_rcc_ex.o
 .debug_rnglists
                0x000006d4      0x32a ./Drivers/STM32G0xx_HAL_Driver/Src/stm32g0xx_hal_tim.o
 .debug_rnglists
                0x000009fe      0x14e ./Drivers/STM32G0xx_HAL_Driver/Src/stm32g0xx_hal_tim_ex.o

.debug_macro    0x00000000    0x156e9
 .debug_macro   0x00000000      0x271 ./Core/Src/main.o
 .debug_macro   0x00000271      0xaae ./Core/Src/main.o
 .debug_macro   0x00000d1f      0x11d ./Core/Src/main.o
 .debug_macro   0x00000e3c       0x2e ./Core/Src/main.o
 .debug_macro   0x00000e6a       0x28 ./Core/Src/main.o
 .debug_macro   0x00000e92       0x22 ./Core/Src/main.o
 .debug_macro   0x00000eb4       0x8e ./Core/Src/main.o
 .debug_macro   0x00000f42       0x51 ./Core/Src/main.o
 .debug_macro   0x00000f93      0x103 ./Core/Src/main.o
 .debug_macro   0x00001096       0x6a ./Core/Src/main.o
 .debug_macro   0x00001100      0x1df ./Core/Src/main.o
 .debug_macro   0x000012df       0x1c ./Core/Src/main.o
 .debug_macro   0x000012fb       0x22 ./Core/Src/main.o
 .debug_macro   0x0000131d       0xd1 ./Core/Src/main.o
 .debug_macro   0x000013ee      0x4da ./Core/Src/main.o
 .debug_macro   0x000018c8      0x11f ./Core/Src/main.o
 .debug_macro   0x000019e7     0xa0e8 ./Core/Src/main.o
 .debug_macro   0x0000bacf       0x66 ./Core/Src/main.o
 .debug_macro   0x0000bb35     0x350e ./Core/Src/main.o
 .debug_macro   0x0000f043      0x190 ./Core/Src/main.o
 .debug_macro   0x0000f1d3       0x5c ./Core/Src/main.o
 .debug_macro   0x0000f22f      0x462 ./Core/Src/main.o
 .debug_macro   0x0000f691      0xe1a ./Core/Src/main.o
 .debug_macro   0x000104ab      0x106 ./Core/Src/main.o
 .debug_macro   0x000105b1      0x1cf ./Core/Src/main.o
 .debug_macro   0x00010780       0xff ./Core/Src/main.o
 .debug_macro   0x0001087f      0x33c ./Core/Src/main.o
 .debug_macro   0x00010bbb      0x202 ./Core/Src/main.o
 .debug_macro   0x00010dbd      0x2c7 ./Core/Src/main.o
 .debug_macro   0x00011084      0x198 ./Core/Src/main.o
 .debug_macro   0x0001121c       0x43 ./Core/Src/main.o
 .debug_macro   0x0001125f      0x1f1 ./Core/Src/main.o
 .debug_macro   0x00011450      0x1d6 ./Core/Src/main.o
 .debug_macro   0x00011626      0x2a3 ./Core/Src/main.o
 .debug_macro   0x000118c9       0x28 ./Core/Src/main.o
 .debug_macro   0x000118f1       0xcf ./Core/Src/main.o
 .debug_macro   0x000119c0      0x22c ./Core/Src/main.o
 .debug_macro   0x00011bec       0x67 ./Core/Src/main.o
 .debug_macro   0x00011c53       0xa5 ./Core/Src/main.o
 .debug_macro   0x00011cf8       0xff ./Core/Src/main.o
 .debug_macro   0x00011df7      0x10d ./Core/Src/main.o
 .debug_macro   0x00011f04      0xac2 ./Core/Src/main.o
 .debug_macro   0x000129c6       0xfa ./Core/Src/main.o
 .debug_macro   0x00012ac0      0x412 ./Core/Src/main.o
 .debug_macro   0x00012ed2       0x28 ./Core/Src/main.o
 .debug_macro   0x00012efa       0x61 ./Core/Src/main.o
 .debug_macro   0x00012f5b       0x24 ./Core/Src/main.o
 .debug_macro   0x00012f7f       0x43 ./Core/Src/main.o
 .debug_macro   0x00012fc2       0x34 ./Core/Src/main.o
 .debug_macro   0x00012ff6       0x58 ./Core/Src/main.o
 .debug_macro   0x0001304e       0x40 ./Core/Src/main.o
 .debug_macro   0x0001308e      0x30f ./Core/Src/ssd1306.o
 .debug_macro   0x0001339d       0x28 ./Core/Src/ssd1306.o
 .debug_macro   0x000133c5      0x370 ./Core/Src/ssd1306.o
 .debug_macro   0x00013735       0x16 ./Core/Src/ssd1306.o
 .debug_macro   0x0001374b       0x4a ./Core/Src/ssd1306.o
 .debug_macro   0x00013795       0x34 ./Core/Src/ssd1306.o
 .debug_macro   0x000137c9       0x10 ./Core/Src/ssd1306.o
 .debug_macro   0x000137d9       0x58 ./Core/Src/ssd1306.o
 .debug_macro   0x00013831       0x8e ./Core/Src/ssd1306.o
 .debug_macro   0x000138bf       0x1c ./Core/Src/ssd1306.o
 .debug_macro   0x000138db      0x185 ./Core/Src/ssd1306.o
 .debug_macro   0x00013a60      0x19b ./Core/Src/ssd1306.o
 .debug_macro   0x00013bfb       0x16 ./Core/Src/ssd1306.o
 .debug_macro   0x00013c11       0x3c ./Core/Src/ssd1306.o
 .debug_macro   0x00013c4d       0x16 ./Core/Src/ssd1306.o
 .debug_macro   0x00013c63       0x29 ./Core/Src/ssd1306.o
 .debug_macro   0x00013c8c       0x16 ./Core/Src/ssd1306.o
 .debug_macro   0x00013ca2       0x20 ./Core/Src/ssd1306.o
 .debug_macro   0x00013cc2      0x1f3 ./Core/Src/stm32g0xx_hal_msp.o
 .debug_macro   0x00013eb5      0x1fd ./Core/Src/stm32g0xx_it.o
 .debug_macro   0x000140b2      0x1e4 ./Core/Src/system_stm32g0xx.o
 .debug_macro   0x00014296      0x202 ./Drivers/STM32G0xx_HAL_Driver/Src/stm32g0xx_hal.o
 .debug_macro   0x00014498      0x1e4 ./Drivers/STM32G0xx_HAL_Driver/Src/stm32g0xx_hal_cortex.o
 .debug_macro   0x0001467c      0x1eb ./Drivers/STM32G0xx_HAL_Driver/Src/stm32g0xx_hal_gpio.o
 .debug_macro   0x00014867      0x2b0 ./Drivers/STM32G0xx_HAL_Driver/Src/stm32g0xx_hal_i2c.o
 .debug_macro   0x00014b17      0x1e4 ./Drivers/STM32G0xx_HAL_Driver/Src/stm32g0xx_hal_i2c_ex.o
 .debug_macro   0x00014cfb      0x1f6 ./Drivers/STM32G0xx_HAL_Driver/Src/stm32g0xx_hal_pwr_ex.o
 .debug_macro   0x00014ef1      0x226 ./Drivers/STM32G0xx_HAL_Driver/Src/stm32g0xx_hal_rcc.o
 .debug_macro   0x00015117      0x1fc ./Drivers/STM32G0xx_HAL_Driver/Src/stm32g0xx_hal_rcc_ex.o
 .debug_macro   0x00015313      0x1ec ./Drivers/STM32G0xx_HAL_Driver/Src/stm32g0xx_hal_tim.o
 .debug_macro   0x000154ff      0x1ea ./Drivers/STM32G0xx_HAL_Driver/Src/stm32g0xx_hal_tim_ex.o

.debug_line     0x00000000    0x10af1
 .debug_line    0x00000000      0xbde ./Core/Src/main.o
 .debug_line    0x00000bde     0x1132 ./Core/Src/ssd1306.o
 .debug_line    0x00001d10      0x77e ./Core/Src/stm32g0xx_hal_msp.o
 .debug_line    0x0000248e      0x754 ./Core/Src/stm32g0xx_it.o
 .debug_line    0x00002be2      0x73f ./Core/Src/system_stm32g0xx.o
 .debug_line    0x00003321       0x7b ./Core/Startup/startup_stm32g030k8tx.o
 .debug_line    0x0000339c      0xa02 ./Drivers/STM32G0xx_HAL_Driver/Src/stm32g0xx_hal.o
 .debug_line    0x00003d9e      0xb1a ./Drivers/STM32G0xx_HAL_Driver/Src/stm32g0xx_hal_cortex.o
 .debug_line    0x000048b8      0xad6 ./Drivers/STM32G0xx_HAL_Driver/Src/stm32g0xx_hal_gpio.o
 .debug_line    0x0000538e     0x3695 ./Drivers/STM32G0xx_HAL_Driver/Src/stm32g0xx_hal_i2c.o
 .debug_line    0x00008a23      0x832 ./Drivers/STM32G0xx_HAL_Driver/Src/stm32g0xx_hal_i2c_ex.o
 .debug_line    0x00009255      0x910 ./Drivers/STM32G0xx_HAL_Driver/Src/stm32g0xx_hal_pwr_ex.o
 .debug_line    0x00009b65      0xf40 ./Drivers/STM32G0xx_HAL_Driver/Src/stm32g0xx_hal_rcc.o
 .debug_line    0x0000aaa5      0xa5c ./Drivers/STM32G0xx_HAL_Driver/Src/stm32g0xx_hal_rcc_ex.o
 .debug_line    0x0000b501     0x3b34 ./Drivers/STM32G0xx_HAL_Driver/Src/stm32g0xx_hal_tim.o
 .debug_line    0x0000f035     0x1abc ./Drivers/STM32G0xx_HAL_Driver/Src/stm32g0xx_hal_tim_ex.o

.debug_str      0x00000000    0x87e80
 .debug_str     0x00000000    0x87e80 ./Core/Src/main.o
                              0x81255 (size before relaxing)
 .debug_str     0x00087e80    0x841dd ./Core/Src/ssd1306.o
 .debug_str     0x00087e80    0x807e8 ./Core/Src/stm32g0xx_hal_msp.o
 .debug_str     0x00087e80    0x8019f ./Core/Src/stm32g0xx_it.o
 .debug_str     0x00087e80    0x7fbb3 ./Core/Src/system_stm32g0xx.o
 .debug_str     0x00087e80       0x92 ./Core/Startup/startup_stm32g030k8tx.o
 .debug_str     0x00087e80    0x80241 ./Drivers/STM32G0xx_HAL_Driver/Src/stm32g0xx_hal.o
 .debug_str     0x00087e80    0x80008 ./Drivers/STM32G0xx_HAL_Driver/Src/stm32g0xx_hal_cortex.o
 .debug_str     0x00087e80    0x7fceb ./Drivers/STM32G0xx_HAL_Driver/Src/stm32g0xx_hal_gpio.o
 .debug_str     0x00087e80    0x80f79 ./Drivers/STM32G0xx_HAL_Driver/Src/stm32g0xx_hal_i2c.o
 .debug_str     0x00087e80    0x801f5 ./Drivers/STM32G0xx_HAL_Driver/Src/stm32g0xx_hal_i2c_ex.o
 .debug_str     0x00087e80    0x7fe0a ./Drivers/STM32G0xx_HAL_Driver/Src/stm32g0xx_hal_pwr_ex.o
 .debug_str     0x00087e80    0x802da ./Drivers/STM32G0xx_HAL_Driver/Src/stm32g0xx_hal_rcc.o
 .debug_str     0x00087e80    0x7fef2 ./Drivers/STM32G0xx_HAL_Driver/Src/stm32g0xx_hal_rcc_ex.o
 .debug_str     0x00087e80    0x810f8 ./Drivers/STM32G0xx_HAL_Driver/Src/stm32g0xx_hal_tim.o
 .debug_str     0x00087e80    0x80a83 ./Drivers/STM32G0xx_HAL_Driver/Src/stm32g0xx_hal_tim_ex.o

.comment        0x00000000       0x43
 .comment       0x00000000       0x43 ./Core/Src/main.o
                                 0x44 (size before relaxing)
 .comment       0x00000043       0x44 ./Core/Src/ssd1306.o
 .comment       0x00000043       0x44 ./Core/Src/stm32g0xx_hal_msp.o
 .comment       0x00000043       0x44 ./Core/Src/stm32g0xx_it.o
 .comment       0x00000043       0x44 ./Core/Src/system_stm32g0xx.o
 .comment       0x00000043       0x44 ./Drivers/STM32G0xx_HAL_Driver/Src/stm32g0xx_hal.o
 .comment       0x00000043       0x44 ./Drivers/STM32G0xx_HAL_Driver/Src/stm32g0xx_hal_cortex.o
 .comment       0x00000043       0x44 ./Drivers/STM32G0xx_HAL_Driver/Src/stm32g0xx_hal_gpio.o
 .comment       0x00000043       0x44 ./Drivers/STM32G0xx_HAL_Driver/Src/stm32g0xx_hal_i2c.o
 .comment       0x00000043       0x44 ./Drivers/STM32G0xx_HAL_Driver/Src/stm32g0xx_hal_i2c_ex.o
 .comment       0x00000043       0x44 ./Drivers/STM32G0xx_HAL_Driver/Src/stm32g0xx_hal_pwr_ex.o
 .comment       0x00000043       0x44 ./Drivers/STM32G0xx_HAL_Driver/Src/stm32g0xx_hal_rcc.o
 .comment       0x00000043       0x44 ./Drivers/STM32G0xx_HAL_Driver/Src/stm32g0xx_hal_rcc_ex.o
 .comment       0x00000043       0x44 ./Drivers/STM32G0xx_HAL_Driver/Src/stm32g0xx_hal_tim.o
 .comment       0x00000043       0x44 ./Drivers/STM32G0xx_HAL_Driver/Src/stm32g0xx_hal_tim_ex.o

.debug_frame    0x00000000     0x349c
 .debug_frame   0x00000000      0x198 ./Core/Src/main.o
 .debug_frame   0x00000198      0x38c ./Core/Src/ssd1306.o
 .debug_frame   0x00000524       0xb0 ./Core/Src/stm32g0xx_hal_msp.o
 .debug_frame   0x000005d4       0xd4 ./Core/Src/stm32g0xx_it.o
 .debug_frame   0x000006a8       0x4c ./Core/Src/system_stm32g0xx.o
 .debug_frame   0x000006f4      0x360 ./Drivers/STM32G0xx_HAL_Driver/Src/stm32g0xx_hal.o
 .debug_frame   0x00000a54      0x33c ./Drivers/STM32G0xx_HAL_Driver/Src/stm32g0xx_hal_cortex.o
 .debug_frame   0x00000d90      0x130 ./Drivers/STM32G0xx_HAL_Driver/Src/stm32g0xx_hal_gpio.o
 .debug_frame   0x00000ec0      0xa68 ./Drivers/STM32G0xx_HAL_Driver/Src/stm32g0xx_hal_i2c.o
 .debug_frame   0x00001928       0xd0 ./Drivers/STM32G0xx_HAL_Driver/Src/stm32g0xx_hal_i2c_ex.o
 .debug_frame   0x000019f8      0x1f4 ./Drivers/STM32G0xx_HAL_Driver/Src/stm32g0xx_hal_pwr_ex.o
 .debug_frame   0x00001bec      0x214 ./Drivers/STM32G0xx_HAL_Driver/Src/stm32g0xx_hal_rcc.o
 .debug_frame   0x00001e00       0xb0 ./Drivers/STM32G0xx_HAL_Driver/Src/stm32g0xx_hal_rcc_ex.o
 .debug_frame   0x00001eb0      0xf40 ./Drivers/STM32G0xx_HAL_Driver/Src/stm32g0xx_hal_tim.o
 .debug_frame   0x00002df0      0x620 ./Drivers/STM32G0xx_HAL_Driver/Src/stm32g0xx_hal_tim_ex.o
 .debug_frame   0x00003410       0x20 /opt/st/stm32cubeide_1.19.0/plugins/com.st.stm32cube.ide.mcu.externaltools.gnu-tools-for-stm32.13.3.rel1.linux64_1.0.0.202410170706/tools/bin/../lib/gcc/arm-none-eabi/13.3.1/../../../../arm-none-eabi/lib/thumb/v6-m/nofp/libc_nano.a(libc_a-memset.o)
 .debug_frame   0x00003430       0x2c /opt/st/stm32cubeide_1.19.0/plugins/com.st.stm32cube.ide.mcu.externaltools.gnu-tools-for-stm32.13.3.rel1.linux64_1.0.0.202410170706/tools/bin/../lib/gcc/arm-none-eabi/13.3.1/../../../../arm-none-eabi/lib/thumb/v6-m/nofp/libc_nano.a(libc_a-init.o)
 .debug_frame   0x0000345c       0x20 /opt/st/stm32cubeide_1.19.0/plugins/com.st.stm32cube.ide.mcu.externaltools.gnu-tools-for-stm32.13.3.rel1.linux64_1.0.0.202410170706/tools/bin/../lib/gcc/arm-none-eabi/13.3.1/thumb/v6-m/nofp/libgcc.a(_udivsi3.o)
 .debug_frame   0x0000347c       0x20 /opt/st/stm32cubeide_1.19.0/plugins/com.st.stm32cube.ide.mcu.externaltools.gnu-tools-for-stm32.13.3.rel1.linux64_1.0.0.202410170706/tools/bin/../lib/gcc/arm-none-eabi/13.3.1/thumb/v6-m/nofp/libgcc.a(_divsi3.o)

.debug_line_str
                0x00000000       0x76
 .debug_line_str
                0x00000000       0x76 ./Core/Startup/startup_stm32g030k8tx.o
