Archive member included to satisfy reference by file (symbol)

C:/ST/STM32CubeIDE_1.12.1/STM32CubeIDE/plugins/com.st.stm32cube.ide.mcu.externaltools.gnu-tools-for-stm32.12.3.rel1.win32_1.0.100.202403111256/tools/bin/../lib/gcc/arm-none-eabi/12.3.1/../../../../arm-none-eabi/lib/thumb/v6-m/nofp\libc_nano.a(libc_a-exit.o)
                              C:/ST/STM32CubeIDE_1.12.1/STM32CubeIDE/plugins/com.st.stm32cube.ide.mcu.externaltools.gnu-tools-for-stm32.12.3.rel1.win32_1.0.100.202403111256/tools/bin/../lib/gcc/arm-none-eabi/12.3.1/../../../../arm-none-eabi/lib/thumb/v6-m/nofp/crt0.o (exit)
C:/ST/STM32CubeIDE_1.12.1/STM32CubeIDE/plugins/com.st.stm32cube.ide.mcu.externaltools.gnu-tools-for-stm32.12.3.rel1.win32_1.0.100.202403111256/tools/bin/../lib/gcc/arm-none-eabi/12.3.1/../../../../arm-none-eabi/lib/thumb/v6-m/nofp\libc_nano.a(libc_a-findfp.o)
                              C:/ST/STM32CubeIDE_1.12.1/STM32CubeIDE/plugins/com.st.stm32cube.ide.mcu.externaltools.gnu-tools-for-stm32.12.3.rel1.win32_1.0.100.202403111256/tools/bin/../lib/gcc/arm-none-eabi/12.3.1/../../../../arm-none-eabi/lib/thumb/v6-m/nofp\libc_nano.a(libc_a-exit.o) (__stdio_exit_handler)
C:/ST/STM32CubeIDE_1.12.1/STM32CubeIDE/plugins/com.st.stm32cube.ide.mcu.externaltools.gnu-tools-for-stm32.12.3.rel1.win32_1.0.100.202403111256/tools/bin/../lib/gcc/arm-none-eabi/12.3.1/../../../../arm-none-eabi/lib/thumb/v6-m/nofp\libc_nano.a(libc_a-fwalk.o)
                              C:/ST/STM32CubeIDE_1.12.1/STM32CubeIDE/plugins/com.st.stm32cube.ide.mcu.externaltools.gnu-tools-for-stm32.12.3.rel1.win32_1.0.100.202403111256/tools/bin/../lib/gcc/arm-none-eabi/12.3.1/../../../../arm-none-eabi/lib/thumb/v6-m/nofp\libc_nano.a(libc_a-findfp.o) (_fwalk_sglue)
C:/ST/STM32CubeIDE_1.12.1/STM32CubeIDE/plugins/com.st.stm32cube.ide.mcu.externaltools.gnu-tools-for-stm32.12.3.rel1.win32_1.0.100.202403111256/tools/bin/../lib/gcc/arm-none-eabi/12.3.1/../../../../arm-none-eabi/lib/thumb/v6-m/nofp\libc_nano.a(libc_a-snprintf.o)
                              ./Core/Src/ssd1306_tests.o (snprintf)
C:/ST/STM32CubeIDE_1.12.1/STM32CubeIDE/plugins/com.st.stm32cube.ide.mcu.externaltools.gnu-tools-for-stm32.12.3.rel1.win32_1.0.100.202403111256/tools/bin/../lib/gcc/arm-none-eabi/12.3.1/../../../../arm-none-eabi/lib/thumb/v6-m/nofp\libc_nano.a(libc_a-stdio.o)
                              C:/ST/STM32CubeIDE_1.12.1/STM32CubeIDE/plugins/com.st.stm32cube.ide.mcu.externaltools.gnu-tools-for-stm32.12.3.rel1.win32_1.0.100.202403111256/tools/bin/../lib/gcc/arm-none-eabi/12.3.1/../../../../arm-none-eabi/lib/thumb/v6-m/nofp\libc_nano.a(libc_a-findfp.o) (__sread)
C:/ST/STM32CubeIDE_1.12.1/STM32CubeIDE/plugins/com.st.stm32cube.ide.mcu.externaltools.gnu-tools-for-stm32.12.3.rel1.win32_1.0.100.202403111256/tools/bin/../lib/gcc/arm-none-eabi/12.3.1/../../../../arm-none-eabi/lib/thumb/v6-m/nofp\libc_nano.a(libc_a-memmove.o)
                              ./Core/Src/ssd1306_tests.o (memmove)
C:/ST/STM32CubeIDE_1.12.1/STM32CubeIDE/plugins/com.st.stm32cube.ide.mcu.externaltools.gnu-tools-for-stm32.12.3.rel1.win32_1.0.100.202403111256/tools/bin/../lib/gcc/arm-none-eabi/12.3.1/../../../../arm-none-eabi/lib/thumb/v6-m/nofp\libc_nano.a(libc_a-memset.o)
                              C:/ST/STM32CubeIDE_1.12.1/STM32CubeIDE/plugins/com.st.stm32cube.ide.mcu.externaltools.gnu-tools-for-stm32.12.3.rel1.win32_1.0.100.202403111256/tools/bin/../lib/gcc/arm-none-eabi/12.3.1/../../../../arm-none-eabi/lib/thumb/v6-m/nofp/crt0.o (memset)
C:/ST/STM32CubeIDE_1.12.1/STM32CubeIDE/plugins/com.st.stm32cube.ide.mcu.externaltools.gnu-tools-for-stm32.12.3.rel1.win32_1.0.100.202403111256/tools/bin/../lib/gcc/arm-none-eabi/12.3.1/../../../../arm-none-eabi/lib/thumb/v6-m/nofp\libc_nano.a(libc_a-closer.o)
                              C:/ST/STM32CubeIDE_1.12.1/STM32CubeIDE/plugins/com.st.stm32cube.ide.mcu.externaltools.gnu-tools-for-stm32.12.3.rel1.win32_1.0.100.202403111256/tools/bin/../lib/gcc/arm-none-eabi/12.3.1/../../../../arm-none-eabi/lib/thumb/v6-m/nofp\libc_nano.a(libc_a-stdio.o) (_close_r)
C:/ST/STM32CubeIDE_1.12.1/STM32CubeIDE/plugins/com.st.stm32cube.ide.mcu.externaltools.gnu-tools-for-stm32.12.3.rel1.win32_1.0.100.202403111256/tools/bin/../lib/gcc/arm-none-eabi/12.3.1/../../../../arm-none-eabi/lib/thumb/v6-m/nofp\libc_nano.a(libc_a-reent.o)
                              C:/ST/STM32CubeIDE_1.12.1/STM32CubeIDE/plugins/com.st.stm32cube.ide.mcu.externaltools.gnu-tools-for-stm32.12.3.rel1.win32_1.0.100.202403111256/tools/bin/../lib/gcc/arm-none-eabi/12.3.1/../../../../arm-none-eabi/lib/thumb/v6-m/nofp\libc_nano.a(libc_a-closer.o) (errno)
C:/ST/STM32CubeIDE_1.12.1/STM32CubeIDE/plugins/com.st.stm32cube.ide.mcu.externaltools.gnu-tools-for-stm32.12.3.rel1.win32_1.0.100.202403111256/tools/bin/../lib/gcc/arm-none-eabi/12.3.1/../../../../arm-none-eabi/lib/thumb/v6-m/nofp\libc_nano.a(libc_a-impure.o)
[...]
Memory Configuration

Name             Origin             Length             Attributes
RAM              0x20000000         0x00002000         xrw
FLASH            0x08000000         0x00010000         xr
*default*        0x00000000         0xffffffff

Linker script and memory map

LOAD C:/ST/STM32CubeIDE_1.12.1/STM32CubeIDE/plugins/com.st.stm32cube.ide.mcu.externaltools.gnu-tools-for-stm32.12.3.rel1.win32_1.0.100.202403111256/tools/bin/../lib/gcc/arm-none-eabi/12.3.1/thumb/v6-m/nofp/crti.o
LOAD C:/ST/STM32CubeIDE_1.12.1/STM32CubeIDE/plugins/com.st.stm32cube.ide.mcu.externaltools.gnu-tools-for-stm32.12.3.rel1.win32_1.0.100.202403111256/tools/bin/../lib/gcc/arm-none-eabi/12.3.1/thumb/v6-m/nofp/crtbegin.o
LOAD C:/ST/STM32CubeIDE_1.12.1/STM32CubeIDE/plugins/com.st.stm32cube.ide.mcu.externaltools.gnu-tools-for-stm32.12.3.rel1.win32_1.0.100.202403111256/tools/bin/../lib/gcc/arm-none-eabi/12.3.1/../../../../arm-none-eabi/lib/thumb/v6-m/nofp/crt0.o
LOAD ./Core/Src/main.o
LOAD ./Core/Src/ssd1306.o
LOAD ./Core/Src/ssd1306_fonts.o
LOAD ./Core/Src/ssd1306_tests.o
LOAD ./Core/Src/stm32g0xx_hal_msp.o
LOAD ./Core/Src/stm32g0xx_it.o
LOAD ./Core/Src/syscalls.o
LOAD ./Core/Src/sysmem.o
LOAD ./Core/Src/system_stm32g0xx.o
LOAD ./Core/Startup/startup_stm32g030k8tx.o
LOAD ./Drivers/STM32G0xx_HAL_Driver/Src/stm32g0xx_hal.o
LOAD ./Drivers/STM32G0xx_HAL_Driver/Src/stm32g0xx_hal_cortex.o
LOAD ./Drivers/STM32G0xx_HAL_Driver/Src/stm32g0xx_hal_dma.o
LOAD ./Drivers/STM32G0xx_HAL_Driver/Src/stm32g0xx_hal_dma_ex.o
LOAD ./Drivers/STM32G0xx_HAL_Driver/Src/stm32g0xx_hal_exti.o
LOAD ./Drivers/STM32G0xx_HAL_Driver/Src/stm32g0xx_hal_flash.o
LOAD ./Drivers/STM32G0xx_HAL_Driver/Src/stm32g0xx_hal_flash_ex.o
LOAD ./Drivers/STM32G0xx_HAL_Driver/Src/stm32g0xx_hal_gpio.o
LOAD ./Drivers/STM32G0xx_HAL_Driver/Src/stm32g0xx_hal_i2c.o
LOAD ./Drivers/STM32G0xx_HAL_Driver/Src/stm32g0xx_hal_i2c_ex.o
LOAD ./Drivers/STM32G0xx_HAL_Driver/Src/stm32g0xx_hal_pwr.o
LOAD ./Drivers/STM32G0xx_HAL_Driver/Src/stm32g0xx_hal_pwr_ex.o
LOAD ./Drivers/STM32G0xx_HAL_Driver/Src/stm32g0xx_hal_rcc.o
LOAD ./Drivers/STM32G0xx_HAL_Driver/Src/stm32g0xx_hal_rcc_ex.o
LOAD ./Drivers/STM32G0xx_HAL_Driver/Src/stm32g0xx_hal_tim.o
LOAD ./Drivers/STM32G0xx_HAL_Driver/Src/stm32g0xx_hal_tim_ex.o
LOAD ./Drivers/STM32G0xx_HAL_Driver/Src/stm32g0xx_ll_dma.o
LOAD ./Drivers/STM32G0xx_HAL_Driver/Src/stm32g0xx_ll_rcc.o
START GROUP
LOAD C:/ST/STM32CubeIDE_1.12.1/STM32CubeIDE/plugins/com.st.stm32cube.ide.mcu.externaltools.gnu-tools-for-stm32.12.3.rel1.win32_1.0.100.202403111256/tools/bin/../lib/gcc/arm-none-eabi/12.3.1/../../../../arm-none-eabi/lib/thumb/v6-m/nofp\libc_nano.a
LOAD C:/ST/STM32CubeIDE_1.12.1/STM32CubeIDE/plugins/com.st.stm32cube.ide.mcu.externaltools.gnu-tools-for-stm32.12.3.rel1.win32_1.0.100.202403111256/tools/bin/../lib/gcc/arm-none-eabi/12.3.1/../../../../arm-none-eabi/lib/thumb/v6-m/nofp\libm.a
END GROUP
START GROUP
LOAD C:/ST/STM32CubeIDE_1.12.1/STM32CubeIDE/plugins/com.st.stm32cube.ide.mcu.externaltools.gnu-tools-for-stm32.12.3.rel1.win32_1.0.100.202403111256/tools/bin/../lib/gcc/arm-none-eabi/12.3.1/thumb/v6-m/nofp\libgcc.a
LOAD C:/ST/STM32CubeIDE_1.12.1/STM32CubeIDE/plugins/com.st.stm32cube.ide.mcu.externaltools.gnu-tools-for-stm32.12.3.rel1.win32_1.0.100.202403111256/tools/bin/../lib/gcc/arm-none-eabi/12.3.1/../../../../arm-none-eabi/lib/thumb/v6-m/nofp\libc_nano.a
END GROUP
START GROUP
LOAD C:/ST/STM32CubeIDE_1.12.1/STM32CubeIDE/plugins/com.st.stm32cube.ide.mcu.externaltools.gnu-tools-for-stm32.12.3.rel1.win32_1.0.100.202403111256/tools/bin/../lib/gcc/arm-none-eabi/12.3.1/thumb/v6-m/nofp\libgcc.a
LOAD C:/ST/STM32CubeIDE_1.12.1/STM32CubeIDE/plugins/com.st.stm32cube.ide.mcu.externaltools.gnu-tools-for-stm32.12.3.rel1.win32_1.0.100.202403111256/tools/bin/../lib/gcc/arm-none-eabi/12.3.1/../../../../arm-none-eabi/lib/thumb/v6-m/nofp\libc_nano.a
LOAD C:/ST/STM32CubeIDE_1.12.1/STM32CubeIDE/plugins/com.st.stm32cube.ide.mcu.externaltools.gnu-tools-for-stm32.12.3.rel1.win32_1.0.100.202403111256/tools/bin/../lib/gcc/arm-none-eabi/12.3.1/../../../../arm-none-eabi/lib/thumb/v6-m/nofp\libnosys.a
END GROUP
START GROUP
LOAD C:/ST/STM32CubeIDE_1.12.1/STM32CubeIDE/plugins/com.st.stm32cube.ide.mcu.externaltools.gnu-tools-for-stm32.12.3.rel1.win32_1.0.100.202403111256/tools/bin/../lib/gcc/arm-none-eabi/12.3.1/thumb/v6-m/nofp\libgcc.a
LOAD C:/ST/STM32CubeIDE_1.12.1/STM32CubeIDE/plugins/com.st.stm32cube.ide.mcu.externaltools.gnu-tools-for-stm32.12.3.rel1.win32_1.0.100.202403111256/tools/bin/../lib/gcc/arm-none-eabi/12.3.1/../../../../arm-none-eabi/lib/thumb/v6-m/nofp\libc_nano.a
LOAD C:/ST/STM32CubeIDE_1.12.1/STM32CubeIDE/plugins/com.st.stm32cube.ide.mcu.externaltools.gnu-tools-for-stm32.12.3.rel1.win32_1.0.100.202403111256/tools/bin/../lib/gcc/arm-none-eabi/12.3.1/../../../../arm-none-eabi/lib/thumb/v6-m/nofp\libnosys.a
END GROUP
LOAD C:/ST/STM32CubeIDE_1.12.1/STM32CubeIDE/plugins/com.st.stm32cube.ide.mcu.externaltools.gnu-tools-for-stm32.12.3.rel1.win32_1.0.100.202403111256/tools/bin/../lib/gcc/arm-none-eabi/12.3.1/thumb/v6-m/nofp/crtend.o
LOAD C:/ST/STM32CubeIDE_1.12.1/STM32CubeIDE/plugins/com.st.stm32cube.ide.mcu.externaltools.gnu-tools-for-stm32.12.3.rel1.win32_1.0.100.202403111256/tools/bin/../lib/gcc/arm-none-eabi/12.3.1/thumb/v6-m/nofp/crtn.o
                0x20002000                        _estack = (ORIGIN (RAM) + LENGTH (RAM))
                0x00000200                        _Min_Heap_Size = 0x200
                0x00000400                        _Min_Stack_Size = 0x400

.isr_vector     0x08000000       0xb8
                0x08000000                        . = ALIGN (0x4)
 *(.isr_vector)
 .isr_vector    0x08000000       0xb8 ./Core/Startup/startup_stm32g030k8tx.o
                0x08000000                g_pfnVectors
                0x080000b8                        . = ALIGN (0x4)

.text           0x080000b8     0x31d4
                0x080000b8                        . = ALIGN (0x4)
 *(.text)
 .text          0x080000b8       0x48 C:/ST/STM32CubeIDE_1.12.1/STM32CubeIDE/plugins/com.st.stm32cube.ide.mcu.externaltools.gnu-tools-for-stm32.12.3.rel1.win32_1.0.100.202403111256/tools/bin/../lib/gcc/arm-none-eabi/12.3.1/thumb/v6-m/nofp/crtbegin.o
 .text          0x08000100      0x114 C:/ST/STM32CubeIDE_1.12.1/STM32CubeIDE/plugins/com.st.stm32cube.ide.mcu.externaltools.gnu-tools-for-stm32.12.3.rel1.win32_1.0.100.202403111256/tools/bin/../lib/gcc/arm-none-eabi/12.3.1/thumb/v6-m/nofp\libgcc.a(_udivsi3.o)
                0x08000100                __aeabi_uidiv
                0x08000100                __udivsi3
                0x0800020c                __aeabi_uidivmod
 .text          0x08000214      0x1d4 C:/ST/STM32CubeIDE_1.12.1/STM32CubeIDE/plugins/com.st.stm32cube.ide.mcu.externaltools.gnu-tools-for-stm32.12.3.rel1.win32_1.0.100.202403111256/tools/bin/../lib/gcc/arm-none-eabi/12.3.1/thumb/v6-m/nofp\libgcc.a(_divsi3.o)
                0x08000214                __divsi3
                0x08000214                __aeabi_idiv
                0x080003e0                __aeabi_idivmod
 .text          0x080003e8        0x4 C:/ST/STM32CubeIDE_1.12.1/STM32CubeIDE/plugins/com.st.stm32cube.ide.mcu.externaltools.gnu-tools-for-stm32.12.3.rel1.win32_1.0.100.202403111256/tools/bin/../lib/gcc/arm-none-eabi/12.3.1/thumb/v6-m/nofp\libgcc.a(_dvmd_tls.o)
                0x080003e8                __aeabi_idiv0
                0x080003e8                __aeabi_ldiv0
 *(.text*)
 .text.draw_animation
                0x080003ec       0x2a ./Core/Src/main.o
                0x080003ec                draw_animation
 .text.draw_animation_erase
                0x08000416       0x24 ./Core/Src/main.o
                0x08000416                draw_animation_erase
 .text.draw_animation_transparent
                0x0800043a       0x24 ./Core/Src/main.o
                0x0800043a                draw_animation_transparent
 *fill*         0x0800045e        0x2 
 .text.HAL_TIM_PeriodElapsedCallback
                0x08000460       0x50 ./Core/Src/main.o
                0x08000460                HAL_TIM_PeriodElapsedCallback
 .text.main     0x080004b0      0x2d0 ./Core/Src/main.o
                0x080004b0                main
 .text.SystemClock_Config
                0x08000780       0xb4 ./Core/Src/main.o
                0x08000780                SystemClock_Config
 .text.MX_NVIC_Init
                0x08000834       0x2a ./Core/Src/main.o
 *fill*         0x0800085e        0x2 
 .text.MX_I2C1_Init
                0x08000860       0x8c ./Core/Src/main.o
 .text.MX_TIM14_Init
                0x080008ec       0x4c ./Core/Src/main.o
 .text.MX_GPIO_Init
                0x08000938      0x118 ./Core/Src/main.o
 .text.Error_Handler
                0x08000a50        0xc ./Core/Src/main.o
                0x08000a50                Error_Handler
 .text.ssd1306_Reset
                0x08000a5c        0xa ./Core/Src/ssd1306.o
                0x08000a5c                ssd1306_Reset
 *fill*         0x08000a66        0x2 
 .text.ssd1306_WriteCommand
                0x08000a68       0x34 ./Core/Src/ssd1306.o
                0x08000a68                ssd1306_WriteCommand
 .text.ssd1306_WriteData
                0x08000a9c       0x34 ./Core/Src/ssd1306.o
                0x08000a9c                ssd1306_WriteData
 .text.ssd1306_Init
                0x08000ad0       0xd8 ./Core/Src/ssd1306.o
                0x08000ad0                ssd1306_Init
 .text.ssd1306_Fill
                0x08000ba8       0x34 ./Core/Src/ssd1306.o
                0x08000ba8                ssd1306_Fill
 .text.ssd1306_UpdateScreen
                0x08000bdc       0x64 ./Core/Src/ssd1306.o
                0x08000bdc                ssd1306_UpdateScreen
 .text.ssd1306_DrawPixel
                0x08000c40       0xdc ./Core/Src/ssd1306.o
                0x08000c40                ssd1306_DrawPixel
 .text.ssd1306_DrawBitmap
                0x08000d1c      0x11a ./Core/Src/ssd1306.o
                0x08000d1c                ssd1306_DrawBitmap
 .text.ssd1306_SetContrast
                0x08000e36       0x30 ./Core/Src/ssd1306.o
                0x08000e36                ssd1306_SetContrast
 *fill*         0x08000e66        0x2 
 .text.ssd1306_SetDisplayOn
                0x08000e68       0x4c ./Core/Src/ssd1306.o
                0x08000e68                ssd1306_SetDisplayOn
 .text.HAL_MspInit
                0x08000eb4       0x48 ./Core/Src/stm32g0xx_hal_msp.o
                0x08000eb4                HAL_MspInit
 .text.HAL_I2C_MspInit
                0x08000efc      0x110 ./Core/Src/stm32g0xx_hal_msp.o
                0x08000efc                HAL_I2C_MspInit
 .text.HAL_TIM_Base_MspInit
                0x0800100c       0x40 ./Core/Src/stm32g0xx_hal_msp.o
                0x0800100c                HAL_TIM_Base_MspInit
 .text.NMI_Handler
                0x0800104c        0x8 ./Core/Src/stm32g0xx_it.o
                0x0800104c                NMI_Handler
 .text.HardFault_Handler
                0x08001054        0x8 ./Core/Src/stm32g0xx_it.o
                0x08001054                HardFault_Handler
 .text.SVC_Handler
                0x0800105c        0xa ./Core/Src/stm32g0xx_it.o
                0x0800105c                SVC_Handler
 .text.PendSV_Handler
                0x08001066        0xa ./Core/Src/stm32g0xx_it.o
                0x08001066                PendSV_Handler
 .text.SysTick_Handler
                0x08001070        0xe ./Core/Src/stm32g0xx_it.o
                0x08001070                SysTick_Handler
 .text.RCC_IRQHandler
                0x0800107e        0xa ./Core/Src/stm32g0xx_it.o
                0x0800107e                RCC_IRQHandler
 .text.TIM14_IRQHandler
                0x08001088       0x18 ./Core/Src/stm32g0xx_it.o
                0x08001088                TIM14_IRQHandler
 .text.SystemInit
                0x080010a0        0xa ./Core/Src/system_stm32g0xx.o
                0x080010a0                SystemInit
 *fill*         0x080010aa        0x2 
 .text.Reset_Handler
                0x080010ac       0x50 ./Core/Startup/startup_stm32g030k8tx.o
                0x080010ac                Reset_Handler
 .text.Default_Handler
                0x080010fc        0x2 ./Core/Startup/startup_stm32g030k8tx.o
                0x080010fc                TIM1_CC_IRQHandler
                0x080010fc                I2C1_IRQHandler
                0x080010fc                RTC_TAMP_IRQHandler
                0x080010fc                SPI1_IRQHandler
                0x080010fc                DMA1_Ch4_5_DMAMUX1_OVR_IRQHandler
                0x080010fc                EXTI2_3_IRQHandler
                0x080010fc                ADC1_IRQHandler
                0x080010fc                I2C2_IRQHandler
                0x080010fc                TIM17_IRQHandler
                0x080010fc                TIM16_IRQHandler
                0x080010fc                TIM3_IRQHandler
                0x080010fc                EXTI4_15_IRQHandler
                0x080010fc                DMA1_Channel1_IRQHandler
                0x080010fc                Default_Handler
                0x080010fc                EXTI0_1_IRQHandler
                0x080010fc                SPI2_IRQHandler
                0x080010fc                WWDG_IRQHandler
                0x080010fc                DMA1_Channel2_3_IRQHandler
                0x080010fc                USART2_IRQHandler
                0x080010fc                FLASH_IRQHandler
                0x080010fc                USART1_IRQHandler
                0x080010fc                TIM1_BRK_UP_TRG_COM_IRQHandler
 *fill*         0x080010fe        0x2 
 .text.HAL_Init
                0x08001100       0x40 ./Drivers/STM32G0xx_HAL_Driver/Src/stm32g0xx_hal.o
                0x08001100                HAL_Init
 .text.HAL_InitTick
                0x08001140       0x94 ./Drivers/STM32G0xx_HAL_Driver/Src/stm32g0xx_hal.o
                0x08001140                HAL_InitTick
 .text.HAL_IncTick
                0x080011d4       0x24 ./Drivers/STM32G0xx_HAL_Driver/Src/stm32g0xx_hal.o
                0x080011d4                HAL_IncTick
 .text.HAL_GetTick
                0x080011f8       0x14 ./Drivers/STM32G0xx_HAL_Driver/Src/stm32g0xx_hal.o
                0x080011f8                HAL_GetTick
 .text.HAL_Delay
                0x0800120c       0x48 ./Drivers/STM32G0xx_HAL_Driver/Src/stm32g0xx_hal.o
                0x0800120c                HAL_Delay
 .text.__NVIC_EnableIRQ
                0x08001254       0x34 ./Drivers/STM32G0xx_HAL_Driver/Src/stm32g0xx_hal_cortex.o
 .text.__NVIC_SetPriority
                0x08001288       0xdc ./Drivers/STM32G0xx_HAL_Driver/Src/stm32g0xx_hal_cortex.o
 .text.SysTick_Config
                0x08001364       0x48 ./Drivers/STM32G0xx_HAL_Driver/Src/stm32g0xx_hal_cortex.o
 .text.HAL_NVIC_SetPriority
                0x080013ac       0x2a ./Drivers/STM32G0xx_HAL_Driver/Src/stm32g0xx_hal_cortex.o
                0x080013ac                HAL_NVIC_SetPriority
 .text.HAL_NVIC_EnableIRQ
                0x080013d6       0x20 ./Drivers/STM32G0xx_HAL_Driver/Src/stm32g0xx_hal_cortex.o
                0x080013d6                HAL_NVIC_EnableIRQ
 .text.HAL_SYSTICK_Config
                0x080013f6       0x1a ./Drivers/STM32G0xx_HAL_Driver/Src/stm32g0xx_hal_cortex.o
                0x080013f6                HAL_SYSTICK_Config
 .text.HAL_GPIO_Init
                0x08001410      0x2c8 ./Drivers/STM32G0xx_HAL_Driver/Src/stm32g0xx_hal_gpio.o
                0x08001410                HAL_GPIO_Init
 .text.HAL_GPIO_ReadPin
                0x080016d8       0x3a ./Drivers/STM32G0xx_HAL_Driver/Src/stm32g0xx_hal_gpio.o
                0x080016d8                HAL_GPIO_ReadPin
 *fill*         0x08001712        0x2 
 .text.HAL_I2C_Init
                0x08001714      0x14c ./Drivers/STM32G0xx_HAL_Driver/Src/stm32g0xx_hal_i2c.o
                0x08001714                HAL_I2C_Init
 .text.HAL_I2C_Mem_Write
                0x08001860      0x25c ./Drivers/STM32G0xx_HAL_Driver/Src/stm32g0xx_hal_i2c.o
                0x08001860                HAL_I2C_Mem_Write
 .text.I2C_RequestMemoryWrite
                0x08001abc       0xc8 ./Drivers/STM32G0xx_HAL_Driver/Src/stm32g0xx_hal_i2c.o
 .text.I2C_Flush_TXDR
                0x08001b84       0x44 ./Drivers/STM32G0xx_HAL_Driver/Src/stm32g0xx_hal_i2c.o
 .text.I2C_WaitOnFlagUntilTimeout
                0x08001bc8       0xb0 ./Drivers/STM32G0xx_HAL_Driver/Src/stm32g0xx_hal_i2c.o
 .text.I2C_WaitOnTXISFlagUntilTimeout
                0x08001c78       0x8c ./Drivers/STM32G0xx_HAL_Driver/Src/stm32g0xx_hal_i2c.o
 .text.I2C_WaitOnSTOPFlagUntilTimeout
                0x08001d04       0x86 ./Drivers/STM32G0xx_HAL_Driver/Src/stm32g0xx_hal_i2c.o
 *fill*         0x08001d8a        0x2 
 .text.I2C_IsErrorOccurred
                0x08001d8c      0x1f0 ./Drivers/STM32G0xx_HAL_Driver/Src/stm32g0xx_hal_i2c.o
 .text.I2C_TransferConfig
                0x08001f7c       0x74 ./Drivers/STM32G0xx_HAL_Driver/Src/stm32g0xx_hal_i2c.o
 .text.HAL_I2CEx_ConfigAnalogFilter
                0x08001ff0       0x98 ./Drivers/STM32G0xx_HAL_Driver/Src/stm32g0xx_hal_i2c_ex.o
                0x08001ff0                HAL_I2CEx_ConfigAnalogFilter
 .text.HAL_I2CEx_ConfigDigitalFilter
                0x08002088       0x98 ./Drivers/STM32G0xx_HAL_Driver/Src/stm32g0xx_hal_i2c_ex.o
                0x08002088                HAL_I2CEx_ConfigDigitalFilter
 .text.HAL_I2CEx_EnableFastModePlus
                0x08002120       0x3c ./Drivers/STM32G0xx_HAL_Driver/Src/stm32g0xx_hal_i2c_ex.o
                0x08002120                HAL_I2CEx_EnableFastModePlus
 .text.HAL_PWREx_ControlVoltageScaling
                0x0800215c       0x80 ./Drivers/STM32G0xx_HAL_Driver/Src/stm32g0xx_hal_pwr_ex.o
                0x0800215c                HAL_PWREx_ControlVoltageScaling
 .text.HAL_RCC_OscConfig
                0x080021dc      0x620 ./Drivers/STM32G0xx_HAL_Driver/Src/stm32g0xx_hal_rcc.o
                0x080021dc                HAL_RCC_OscConfig
 .text.HAL_RCC_ClockConfig
                0x080027fc      0x210 ./Drivers/STM32G0xx_HAL_Driver/Src/stm32g0xx_hal_rcc.o
                0x080027fc                HAL_RCC_ClockConfig
 .text.HAL_RCC_GetSysClockFreq
                0x08002a0c      0x104 ./Drivers/STM32G0xx_HAL_Driver/Src/stm32g0xx_hal_rcc.o
                0x08002a0c                HAL_RCC_GetSysClockFreq
 .text.HAL_RCCEx_PeriphCLKConfig
                0x08002b10      0x24c ./Drivers/STM32G0xx_HAL_Driver/Src/stm32g0xx_hal_rcc_ex.o
                0x08002b10                HAL_RCCEx_PeriphCLKConfig
 .text.HAL_TIM_Base_Init
                0x08002d5c       0xb0 ./Drivers/STM32G0xx_HAL_Driver/Src/stm32g0xx_hal_tim.o
                0x08002d5c                HAL_TIM_Base_Init
 .text.HAL_TIM_Base_Start_IT
                0x08002e0c       0x9c ./Drivers/STM32G0xx_HAL_Driver/Src/stm32g0xx_hal_tim.o
                0x08002e0c                HAL_TIM_Base_Start_IT
 .text.HAL_TIM_IRQHandler
                0x08002ea8      0x210 ./Drivers/STM32G0xx_HAL_Driver/Src/stm32g0xx_hal_tim.o
                0x08002ea8                HAL_TIM_IRQHandler
 .text.HAL_TIM_OC_DelayElapsedCallback
                0x080030b8       0x10 ./Drivers/STM32G0xx_HAL_Driver/Src/stm32g0xx_hal_tim.o
                0x080030b8                HAL_TIM_OC_DelayElapsedCallback
 .text.HAL_TIM_IC_CaptureCallback
                0x080030c8       0x10 ./Drivers/STM32G0xx_HAL_Driver/Src/stm32g0xx_hal_tim.o
                0x080030c8                HAL_TIM_IC_CaptureCallback
 .text.HAL_TIM_PWM_PulseFinishedCallback
                0x080030d8       0x10 ./Drivers/STM32G0xx_HAL_Driver/Src/stm32g0xx_hal_tim.o
                0x080030d8                HAL_TIM_PWM_PulseFinishedCallback
 .text.HAL_TIM_TriggerCallback
                0x080030e8       0x10 ./Drivers/STM32G0xx_HAL_Driver/Src/stm32g0xx_hal_tim.o
                0x080030e8                HAL_TIM_TriggerCallback
 .text.TIM_Base_SetConfig
                0x080030f8       0xf4 ./Drivers/STM32G0xx_HAL_Driver/Src/stm32g0xx_hal_tim.o
                0x080030f8                TIM_Base_SetConfig
 .text.HAL_TIMEx_CommutCallback
                0x080031ec       0x10 ./Drivers/STM32G0xx_HAL_Driver/Src/stm32g0xx_hal_tim_ex.o
                0x080031ec                HAL_TIMEx_CommutCallback
 .text.HAL_TIMEx_BreakCallback
                0x080031fc       0x10 ./Drivers/STM32G0xx_HAL_Driver/Src/stm32g0xx_hal_tim_ex.o
                0x080031fc                HAL_TIMEx_BreakCallback
 .text.HAL_TIMEx_Break2Callback
                0x0800320c       0x10 ./Drivers/STM32G0xx_HAL_Driver/Src/stm32g0xx_hal_tim_ex.o
                0x0800320c                HAL_TIMEx_Break2Callback
 .text.memset   0x0800321c       0x10 C:/ST/STM32CubeIDE_1.12.1/STM32CubeIDE/plugins/com.st.stm32cube.ide.mcu.externaltools.gnu-tools-for-stm32.12.3.rel1.win32_1.0.100.202403111256/tools/bin/../lib/gcc/arm-none-eabi/12.3.1/../../../../arm-none-eabi/lib/thumb/v6-m/nofp\libc_nano.a(libc_a-memset.o)
                0x0800321c                memset
 .text.__libc_init_array
                0x0800322c       0x48 C:/ST/STM32CubeIDE_1.12.1/STM32CubeIDE/plugins/com.st.stm32cube.ide.mcu.externaltools.gnu-tools-for-stm32.12.3.rel1.win32_1.0.100.202403111256/tools/bin/../lib/gcc/arm-none-eabi/12.3.1/../../../../arm-none-eabi/lib/thumb/v6-m/nofp\libc_nano.a(libc_a-init.o)
                0x0800322c                __libc_init_array
 *(.glue_7)
 .glue_7        0x08003274        0x0 linker stubs
 *(.glue_7t)
 .glue_7t       0x08003274        0x0 linker stubs
 *(.eh_frame)
 .eh_frame      0x08003274        0x0 C:/ST/STM32CubeIDE_1.12.1/STM32CubeIDE/plugins/com.st.stm32cube.ide.mcu.externaltools.gnu-tools-for-stm32.12.3.rel1.win32_1.0.100.202403111256/tools/bin/../lib/gcc/arm-none-eabi/12.3.1/thumb/v6-m/nofp/crtbegin.o
 *(.init)
 .init          0x08003274        0x4 C:/ST/STM32CubeIDE_1.12.1/STM32CubeIDE/plugins/com.st.stm32cube.ide.mcu.externaltools.gnu-tools-for-stm32.12.3.rel1.win32_1.0.100.202403111256/tools/bin/../lib/gcc/arm-none-eabi/12.3.1/thumb/v6-m/nofp/crti.o
                0x08003274                _init
 .init          0x08003278        0x8 C:/ST/STM32CubeIDE_1.12.1/STM32CubeIDE/plugins/com.st.stm32cube.ide.mcu.externaltools.gnu-tools-for-stm32.12.3.rel1.win32_1.0.100.202403111256/tools/bin/../lib/gcc/arm-none-eabi/12.3.1/thumb/v6-m/nofp/crtn.o
 *(.fini)
 .fini          0x08003280        0x4 C:/ST/STM32CubeIDE_1.12.1/STM32CubeIDE/plugins/com.st.stm32cube.ide.mcu.externaltools.gnu-tools-for-stm32.12.3.rel1.win32_1.0.100.202403111256/tools/bin/../lib/gcc/arm-none-eabi/12.3.1/thumb/v6-m/nofp/crti.o
                0x08003280                _fini
 .fini          0x08003284        0x8 C:/ST/STM32CubeIDE_1.12.1/STM32CubeIDE/plugins/com.st.stm32cube.ide.mcu.externaltools.gnu-tools-for-stm32.12.3.rel1.win32_1.0.100.202403111256/tools/bin/../lib/gcc/arm-none-eabi/12.3.1/thumb/v6-m/nofp/crtn.o
                0x0800328c                        . = ALIGN (0x4)
                0x0800328c                        _etext = .

.vfp11_veneer   0x0800328c        0x0
 .vfp11_veneer  0x0800328c        0x0 linker stubs

.v4_bx          0x0800328c        0x0
 .v4_bx         0x0800328c        0x0 linker stubs

.iplt           0x0800328c        0x0
 .iplt          0x0800328c        0x0 C:/ST/STM32CubeIDE_1.12.1/STM32CubeIDE/plugins/com.st.stm32cube.ide.mcu.externaltools.gnu-tools-for-stm32.12.3.rel1.win32_1.0.100.202403111256/tools/bin/../lib/gcc/arm-none-eabi/12.3.1/thumb/v6-m/nofp/crtbegin.o

.rodata         0x0800328c     0x2c40
                0x0800328c                        . = ALIGN (0x4)
 *(.rodata)
 *(.rodata*)
 .rodata.img_both_up
                0x0800328c      0x400 ./Core/Src/main.o
                0x0800328c                img_both_up
 .rodata.img_idle1
                0x0800368c      0x400 ./Core/Src/main.o
                0x0800368c                img_idle1
 .rodata.img_idle2
                0x08003a8c      0x400 ./Core/Src/main.o
                0x08003a8c                img_idle2
 .rodata.img_idle3
                0x08003e8c      0x400 ./Core/Src/main.o
                0x08003e8c                img_idle3
 .rodata.img_idle4
                0x0800428c      0x400 ./Core/Src/main.o
                0x0800428c                img_idle4
 .rodata.img_idle5
                0x0800468c      0x400 ./Core/Src/main.o
                0x0800468c                img_idle5
 .rodata.img_both_down_alt
                0x08004a8c      0x400 ./Core/Src/main.o
                0x08004a8c                img_both_down_alt
 .rodata.img_left_down_alt
                0x08004e8c      0x400 ./Core/Src/main.o
                0x08004e8c                img_left_down_alt
 .rodata.img_right_down_alt
                0x0800528c      0x400 ./Core/Src/main.o
                0x0800528c                img_right_down_alt
 .rodata.img_tap_left
                0x0800568c      0x400 ./Core/Src/main.o
                0x0800568c                img_tap_left
 .rodata.img_tap_right
                0x08005a8c      0x400 ./Core/Src/main.o
                0x08005a8c                img_tap_right
 .rodata.AHBPrescTable
                0x08005e8c       0x40 ./Core/Src/system_stm32g0xx.o
                0x08005e8c                AHBPrescTable
                0x08005ecc                        . = ALIGN (0x4)

.ARM.extab      0x08005ecc        0x0
                0x08005ecc                        . = ALIGN (0x4)
 *(.ARM.extab* .gnu.linkonce.armextab.*)
                0x08005ecc                        . = ALIGN (0x4)

.ARM            0x08005ecc        0x0
                0x08005ecc                        . = ALIGN (0x4)
                0x08005ecc                        __exidx_start = .
 *(.ARM.exidx*)
                0x08005ecc                        __exidx_end = .
                0x08005ecc                        . = ALIGN (0x4)

.preinit_array  0x08005ecc        0x0
                0x08005ecc                        . = ALIGN (0x4)
                0x08005ecc                        PROVIDE (__preinit_array_start = .)
 *(.preinit_array*)
                0x08005ecc                        PROVIDE (__preinit_array_end = .)
                0x08005ecc                        . = ALIGN (0x4)

.init_array     0x08005ecc        0x4
                0x08005ecc                        . = ALIGN (0x4)
                0x08005ecc                        PROVIDE (__init_array_start = .)
 *(SORT_BY_NAME(.init_array.*))
 *(.init_array*)
 .init_array    0x08005ecc        0x4 C:/ST/STM32CubeIDE_1.12.1/STM32CubeIDE/plugins/com.st.stm32cube.ide.mcu.externaltools.gnu-tools-for-stm32.12.3.rel1.win32_1.0.100.202403111256/tools/bin/../lib/gcc/arm-none-eabi/12.3.1/thumb/v6-m/nofp/crtbegin.o
                0x08005ed0                        PROVIDE (__init_array_end = .)
                0x08005ed0                        . = ALIGN (0x4)

.fini_array     0x08005ed0        0x4
                0x08005ed0                        . = ALIGN (0x4)
                [!provide]                        PROVIDE (__fini_array_start = .)
 *(SORT_BY_NAME(.fini_array.*))
 *(.fini_array*)
 .fini_array    0x08005ed0        0x4 C:/ST/STM32CubeIDE_1.12.1/STM32CubeIDE/plugins/com.st.stm32cube.ide.mcu.externaltools.gnu-tools-for-stm32.12.3.rel1.win32_1.0.100.202403111256/tools/bin/../lib/gcc/arm-none-eabi/12.3.1/thumb/v6-m/nofp/crtbegin.o
                [!provide]                        PROVIDE (__fini_array_end = .)
                0x08005ed4                        . = ALIGN (0x4)
                0x08005ed4                        _sidata = LOADADDR (.data)

.rel.dyn        0x08005ed4        0x0
 .rel.iplt      0x08005ed4        0x0 C:/ST/STM32CubeIDE_1.12.1/STM32CubeIDE/plugins/com.st.stm32cube.ide.mcu.externaltools.gnu-tools-for-stm32.12.3.rel1.win32_1.0.100.202403111256/tools/bin/../lib/gcc/arm-none-eabi/12.3.1/thumb/v6-m/nofp/crtbegin.o

.data           0x20000000       0x20 load address 0x08005ed4
                0x20000000                        . = ALIGN (0x4)
                0x20000000                        _sdata = .
 *(.data)
 *(.data*)
 .data.ani_idle
                0x20000000       0x14 ./Core/Src/main.o
                0x20000000                ani_idle
 .data.SystemCoreClock
                0x20000014        0x4 ./Core/Src/system_stm32g0xx.o
                0x20000014                SystemCoreClock
 .data.uwTickPrio
                0x20000018        0x4 ./Drivers/STM32G0xx_HAL_Driver/Src/stm32g0xx_hal.o
                0x20000018                uwTickPrio
 .data.uwTickFreq
                0x2000001c        0x1 ./Drivers/STM32G0xx_HAL_Driver/Src/stm32g0xx_hal.o
                0x2000001c                uwTickFreq
 *(.RamFunc)
 *(.RamFunc*)
                0x20000020                        . = ALIGN (0x4)
 *fill*         0x2000001d        0x3 
                0x20000020                        _edata = .

.igot.plt       0x20000020        0x0 load address 0x08005ef4
 .igot.plt      0x20000020        0x0 C:/ST/STM32CubeIDE_1.12.1/STM32CubeIDE/plugins/com.st.stm32cube.ide.mcu.externaltools.gnu-tools-for-stm32.12.3.rel1.win32_1.0.100.202403111256/tools/bin/../lib/gcc/arm-none-eabi/12.3.1/thumb/v6-m/nofp/crtbegin.o
                0x20000020                        . = ALIGN (0x4)

.bss            0x20000020      0x4e4 load address 0x08005ef4
                0x20000020                        _sbss = .
                0x20000020                        __bss_start__ = _sbss
 *(.bss)
 .bss           0x20000020       0x1c C:/ST/STM32CubeIDE_1.12.1/STM32CubeIDE/plugins/com.st.stm32cube.ide.mcu.externaltools.gnu-tools-for-stm32.12.3.rel1.win32_1.0.100.202403111256/tools/bin/../lib/gcc/arm-none-eabi/12.3.1/thumb/v6-m/nofp/crtbegin.o
 *(.bss*)
 .bss.hi2c1     0x2000003c       0x54 ./Core/Src/main.o
                0x2000003c                hi2c1
 .bss.htim14    0x20000090       0x4c ./Core/Src/main.o
                0x20000090                htim14
 .bss.sw_state_left
                0x200000dc        0x4 ./Core/Src/main.o
                0x200000dc                sw_state_left
 .bss.sw_state_right
                0x200000e0        0x4 ./Core/Src/main.o
                0x200000e0                sw_state_right
 .bss.idle_cnt  0x200000e4        0x1 ./Core/Src/main.o
                0x200000e4                idle_cnt
 *fill*         0x200000e5        0x3 
 .bss.SSD1306_Buffer
                0x200000e8      0x410 ./Core/Src/ssd1306.o
 .bss.SSD1306   0x200004f8        0x6 ./Core/Src/ssd1306.o
 *fill*         0x200004fe        0x2 
 .bss.uwTick    0x20000500        0x4 ./Drivers/STM32G0xx_HAL_Driver/Src/stm32g0xx_hal.o
                0x20000500                uwTick
 *(COMMON)
                0x20000504                        . = ALIGN (0x4)
                0x20000504                        _ebss = .
                0x20000504                        __bss_end__ = _ebss

._user_heap_stack
                0x20000504      0x604 load address 0x08005ef4
                0x20000508                        . = ALIGN (0x8)
 *fill*         0x20000504        0x4 
                [!provide]                        PROVIDE (end = .)
                0x20000508                        PROVIDE (_end = .)
                0x20000708                        . = (. + _Min_Heap_Size)
 *fill*         0x20000508      0x200 
                0x20000b08                        . = (. + _Min_Stack_Size)
 *fill*         0x20000708      0x400 
                0x20000b08                        . = ALIGN (0x8)

/DISCARD/
 libc.a(*)
 libm.a(*)
 libgcc.a(*)

.ARM.attributes
                0x00000000       0x28
 *(.ARM.attributes)
 .ARM.attributes
                0x00000000       0x1e C:/ST/STM32CubeIDE_1.12.1/STM32CubeIDE/plugins/com.st.stm32cube.ide.mcu.externaltools.gnu-tools-for-stm32.12.3.rel1.win32_1.0.100.202403111256/tools/bin/../lib/gcc/arm-none-eabi/12.3.1/thumb/v6-m/nofp/crti.o
 .ARM.attributes
                0x0000001e       0x2c C:/ST/STM32CubeIDE_1.12.1/STM32CubeIDE/plugins/com.st.stm32cube.ide.mcu.externaltools.gnu-tools-for-stm32.12.3.rel1.win32_1.0.100.202403111256/tools/bin/../lib/gcc/arm-none-eabi/12.3.1/thumb/v6-m/nofp/crtbegin.o
 .ARM.attributes
                0x0000004a       0x2c ./Core/Src/main.o
 .ARM.attributes
                0x00000076       0x2c ./Core/Src/ssd1306.o
 .ARM.attributes
                0x000000a2       0x2c ./Core/Src/stm32g0xx_hal_msp.o
 .ARM.attributes
                0x000000ce       0x2c ./Core/Src/stm32g0xx_it.o
 .ARM.attributes
                0x000000fa       0x2c ./Core/Src/system_stm32g0xx.o
 .ARM.attributes
                0x00000126       0x22 ./Core/Startup/startup_stm32g030k8tx.o
 .ARM.attributes
                0x00000148       0x2c ./Drivers/STM32G0xx_HAL_Driver/Src/stm32g0xx_hal.o
 .ARM.attributes
                0x00000174       0x2c ./Drivers/STM32G0xx_HAL_Driver/Src/stm32g0xx_hal_cortex.o
 .ARM.attributes
                0x000001a0       0x2c ./Drivers/STM32G0xx_HAL_Driver/Src/stm32g0xx_hal_gpio.o
 .ARM.attributes
                0x000001cc       0x2c ./Drivers/STM32G0xx_HAL_Driver/Src/stm32g0xx_hal_i2c.o
 .ARM.attributes
                0x000001f8       0x2c ./Drivers/STM32G0xx_HAL_Driver/Src/stm32g0xx_hal_i2c_ex.o
 .ARM.attributes
                0x00000224       0x2c ./Drivers/STM32G0xx_HAL_Driver/Src/stm32g0xx_hal_pwr_ex.o
 .ARM.attributes
                0x00000250       0x2c ./Drivers/STM32G0xx_HAL_Driver/Src/stm32g0xx_hal_rcc.o
 .ARM.attributes
                0x0000027c       0x2c ./Drivers/STM32G0xx_HAL_Driver/Src/stm32g0xx_hal_rcc_ex.o
 .ARM.attributes
                0x000002a8       0x2c ./Drivers/STM32G0xx_HAL_Driver/Src/stm32g0xx_hal_tim.o
 .ARM.attributes
                0x000002d4       0x2c ./Drivers/STM32G0xx_HAL_Driver/Src/stm32g0xx_hal_tim_ex.o
 .ARM.attributes
                0x00000300       0x2c C:/ST/STM32CubeIDE_1.12.1/STM32CubeIDE/plugins/com.st.stm32cube.ide.mcu.externaltools.gnu-tools-for-stm32.12.3.rel1.win32_1.0.100.202403111256/tools/bin/../lib/gcc/arm-none-eabi/12.3.1/../../../../arm-none-eabi/lib/thumb/v6-m/nofp\libc_nano.a(libc_a-memset.o)
 .ARM.attributes
                0x0000032c       0x2c C:/ST/STM32CubeIDE_1.12.1/STM32CubeIDE/plugins/com.st.stm32cube.ide.mcu.externaltools.gnu-tools-for-stm32.12.3.rel1.win32_1.0.100.202403111256/tools/bin/../lib/gcc/arm-none-eabi/12.3.1/../../../../arm-none-eabi/lib/thumb/v6-m/nofp\libc_nano.a(libc_a-init.o)
 .ARM.attributes
                0x00000358       0x1e C:/ST/STM32CubeIDE_1.12.1/STM32CubeIDE/plugins/com.st.stm32cube.ide.mcu.externaltools.gnu-tools-for-stm32.12.3.rel1.win32_1.0.100.202403111256/tools/bin/../lib/gcc/arm-none-eabi/12.3.1/thumb/v6-m/nofp\libgcc.a(_udivsi3.o)
 .ARM.attributes
                0x00000376       0x1e C:/ST/STM32CubeIDE_1.12.1/STM32CubeIDE/plugins/com.st.stm32cube.ide.mcu.externaltools.gnu-tools-for-stm32.12.3.rel1.win32_1.0.100.202403111256/tools/bin/../lib/gcc/arm-none-eabi/12.3.1/thumb/v6-m/nofp\libgcc.a(_divsi3.o)
 .ARM.attributes
                0x00000394       0x1e C:/ST/STM32CubeIDE_1.12.1/STM32CubeIDE/plugins/com.st.stm32cube.ide.mcu.externaltools.gnu-tools-for-stm32.12.3.rel1.win32_1.0.100.202403111256/tools/bin/../lib/gcc/arm-none-eabi/12.3.1/thumb/v6-m/nofp\libgcc.a(_dvmd_tls.o)
 .ARM.attributes
                0x000003b2       0x1e C:/ST/STM32CubeIDE_1.12.1/STM32CubeIDE/plugins/com.st.stm32cube.ide.mcu.externaltools.gnu-tools-for-stm32.12.3.rel1.win32_1.0.100.202403111256/tools/bin/../lib/gcc/arm-none-eabi/12.3.1/thumb/v6-m/nofp/crtn.o
OUTPUT(Bongo-cat-fidget-toy.elf elf32-littlearm)
LOAD linker stubs
LOAD C:/ST/STM32CubeIDE_1.12.1/STM32CubeIDE/plugins/com.st.stm32cube.ide.mcu.externaltools.gnu-tools-for-stm32.12.3.rel1.win32_1.0.100.202403111256/tools/bin/../lib/gcc/arm-none-eabi/12.3.1/../../../../arm-none-eabi/lib/thumb/v6-m/nofp\libc.a
LOAD C:/ST/STM32CubeIDE_1.12.1/STM32CubeIDE/plugins/com.st.stm32cube.ide.mcu.externaltools.gnu-tools-for-stm32.12.3.rel1.win32_1.0.100.202403111256/tools/bin/../lib/gcc/arm-none-eabi/12.3.1/../../../../arm-none-eabi/lib/thumb/v6-m/nofp\libm.a
LOAD C:/ST/STM32CubeIDE_1.12.1/STM32CubeIDE/plugins/com.st.stm32cube.ide.mcu.externaltools.gnu-tools-for-stm32.12.3.rel1.win32_1.0.100.202403111256/tools/bin/../lib/gcc/arm-none-eabi/12.3.1/thumb/v6-m/nofp\libgcc.a

.debug_info     0x00000000     0xe167
 .debug_info    0x00000000     0x1539 ./Core/Src/main.o
 .debug_info    0x00001539     0x1365 ./Core/Src/ssd1306.o
 .debug_info    0x0000289e      0xfe1 ./Core/Src/stm32g0xx_hal_msp.o
 .debug_info    0x0000387f      0x7e7 ./Core/Src/stm32g0xx_it.o
 .debug_info    0x00004066      0x316 ./Core/Src/system_stm32g0xx.o
 .debug_info    0x0000437c       0x30 ./Core/Startup/startup_stm32g030k8tx.o
 .debug_info    0x000043ac      0x8f0 ./Drivers/STM32G0xx_HAL_Driver/Src/stm32g0xx_hal.o
 .debug_info    0x00004c9c      0x8a9 ./Drivers/STM32G0xx_HAL_Driver/Src/stm32g0xx_hal_cortex.o
 .debug_info    0x00005545      0x59d ./Drivers/STM32G0xx_HAL_Driver/Src/stm32g0xx_hal_gpio.o
 .debug_info    0x00005ae2     0x21bc ./Drivers/STM32G0xx_HAL_Driver/Src/stm32g0xx_hal_i2c.o
 .debug_info    0x00007c9e      0x9d9 ./Drivers/STM32G0xx_HAL_Driver/Src/stm32g0xx_hal_i2c_ex.o
 .debug_info    0x00008677      0x496 ./Drivers/STM32G0xx_HAL_Driver/Src/stm32g0xx_hal_pwr_ex.o
 .debug_info    0x00008b0d      0xad0 ./Drivers/STM32G0xx_HAL_Driver/Src/stm32g0xx_hal_rcc.o
 .debug_info    0x000095dd      0x72b ./Drivers/STM32G0xx_HAL_Driver/Src/stm32g0xx_hal_rcc_ex.o
 .debug_info    0x00009d08     0x2ba7 ./Drivers/STM32G0xx_HAL_Driver/Src/stm32g0xx_hal_tim.o
 .debug_info    0x0000c8af     0x18b8 ./Drivers/STM32G0xx_HAL_Driver/Src/stm32g0xx_hal_tim_ex.o

.debug_abbrev   0x00000000     0x235a
 .debug_abbrev  0x00000000      0x345 ./Core/Src/main.o
 .debug_abbrev  0x00000345      0x365 ./Core/Src/ssd1306.o
 .debug_abbrev  0x000006aa      0x22b ./Core/Src/stm32g0xx_hal_msp.o
 .debug_abbrev  0x000008d5      0x1bc ./Core/Src/stm32g0xx_it.o
 .debug_abbrev  0x00000a91      0x119 ./Core/Src/system_stm32g0xx.o
 .debug_abbrev  0x00000baa       0x24 ./Core/Startup/startup_stm32g030k8tx.o
 .debug_abbrev  0x00000bce      0x2b4 ./Drivers/STM32G0xx_HAL_Driver/Src/stm32g0xx_hal.o
 .debug_abbrev  0x00000e82      0x2ab ./Drivers/STM32G0xx_HAL_Driver/Src/stm32g0xx_hal_cortex.o
 .debug_abbrev  0x0000112d      0x1c3 ./Drivers/STM32G0xx_HAL_Driver/Src/stm32g0xx_hal_gpio.o
 .debug_abbrev  0x000012f0      0x291 ./Drivers/STM32G0xx_HAL_Driver/Src/stm32g0xx_hal_i2c.o
 .debug_abbrev  0x00001581      0x1ea ./Drivers/STM32G0xx_HAL_Driver/Src/stm32g0xx_hal_i2c_ex.o
 .debug_abbrev  0x0000176b      0x1d7 ./Drivers/STM32G0xx_HAL_Driver/Src/stm32g0xx_hal_pwr_ex.o
 .debug_abbrev  0x00001942      0x2a9 ./Drivers/STM32G0xx_HAL_Driver/Src/stm32g0xx_hal_rcc.o
 .debug_abbrev  0x00001beb      0x229 ./Drivers/STM32G0xx_HAL_Driver/Src/stm32g0xx_hal_rcc_ex.o
 .debug_abbrev  0x00001e14      0x29b ./Drivers/STM32G0xx_HAL_Driver/Src/stm32g0xx_hal_tim.o
 .debug_abbrev  0x000020af      0x2ab ./Drivers/STM32G0xx_HAL_Driver/Src/stm32g0xx_hal_tim_ex.o

.debug_aranges  0x00000000      0xe58
 .debug_aranges
                0x00000000       0x70 ./Core/Src/main.o
 .debug_aranges
                0x00000070       0xe8 ./Core/Src/ssd1306.o
 .debug_aranges
                0x00000158       0x40 ./Core/Src/stm32g0xx_hal_msp.o
 .debug_aranges
                0x00000198       0x50 ./Core/Src/stm32g0xx_it.o
 .debug_aranges
                0x000001e8       0x28 ./Core/Src/system_stm32g0xx.o
 .debug_aranges
                0x00000210       0x28 ./Core/Startup/startup_stm32g030k8tx.o
 .debug_aranges
                0x00000238      0x100 ./Drivers/STM32G0xx_HAL_Driver/Src/stm32g0xx_hal.o
 .debug_aranges
                0x00000338       0xe8 ./Drivers/STM32G0xx_HAL_Driver/Src/stm32g0xx_hal_cortex.o
 .debug_aranges
                0x00000420       0x60 ./Drivers/STM32G0xx_HAL_Driver/Src/stm32g0xx_hal_gpio.o
 .debug_aranges
                0x00000480      0x2a0 ./Drivers/STM32G0xx_HAL_Driver/Src/stm32g0xx_hal_i2c.o
 .debug_aranges
                0x00000720       0x48 ./Drivers/STM32G0xx_HAL_Driver/Src/stm32g0xx_hal_i2c_ex.o
 .debug_aranges
                0x00000768       0x98 ./Drivers/STM32G0xx_HAL_Driver/Src/stm32g0xx_hal_pwr_ex.o
 .debug_aranges
                0x00000800       0xa0 ./Drivers/STM32G0xx_HAL_Driver/Src/stm32g0xx_hal_rcc.o
 .debug_aranges
                0x000008a0       0x40 ./Drivers/STM32G0xx_HAL_Driver/Src/stm32g0xx_hal_rcc_ex.o
 .debug_aranges
                0x000008e0      0x3e0 ./Drivers/STM32G0xx_HAL_Driver/Src/stm32g0xx_hal_tim.o
 .debug_aranges
                0x00000cc0      0x198 ./Drivers/STM32G0xx_HAL_Driver/Src/stm32g0xx_hal_tim_ex.o

.debug_rnglists
                0x00000000      0xb3a
 .debug_rnglists
                0x00000000       0x53 ./Core/Src/main.o
 .debug_rnglists
                0x00000053       0xb6 ./Core/Src/ssd1306.o
 .debug_rnglists
                0x00000109       0x2c ./Core/Src/stm32g0xx_hal_msp.o
 .debug_rnglists
                0x00000135       0x37 ./Core/Src/stm32g0xx_it.o
 .debug_rnglists
                0x0000016c       0x1a ./Core/Src/system_stm32g0xx.o
 .debug_rnglists
                0x00000186       0x19 ./Core/Startup/startup_stm32g030k8tx.o
 .debug_rnglists
                0x0000019f       0xbc ./Drivers/STM32G0xx_HAL_Driver/Src/stm32g0xx_hal.o
 .debug_rnglists
                0x0000025b       0xaa ./Drivers/STM32G0xx_HAL_Driver/Src/stm32g0xx_hal_cortex.o
 .debug_rnglists
                0x00000305       0x45 ./Drivers/STM32G0xx_HAL_Driver/Src/stm32g0xx_hal_gpio.o
 .debug_rnglists
                0x0000034a      0x229 ./Drivers/STM32G0xx_HAL_Driver/Src/stm32g0xx_hal_i2c.o
 .debug_rnglists
                0x00000573       0x35 ./Drivers/STM32G0xx_HAL_Driver/Src/stm32g0xx_hal_i2c_ex.o
 .debug_rnglists
                0x000005a8       0x72 ./Drivers/STM32G0xx_HAL_Driver/Src/stm32g0xx_hal_pwr_ex.o
 .debug_rnglists
                0x0000061a       0x79 ./Drivers/STM32G0xx_HAL_Driver/Src/stm32g0xx_hal_rcc.o
 .debug_rnglists
                0x00000693       0x2f ./Drivers/STM32G0xx_HAL_Driver/Src/stm32g0xx_hal_rcc_ex.o
 .debug_rnglists
                0x000006c2      0x32a ./Drivers/STM32G0xx_HAL_Driver/Src/stm32g0xx_hal_tim.o
 .debug_rnglists
                0x000009ec      0x14e ./Drivers/STM32G0xx_HAL_Driver/Src/stm32g0xx_hal_tim_ex.o

.debug_macro    0x00000000    0x1568f
 .debug_macro   0x00000000      0x271 ./Core/Src/main.o
 .debug_macro   0x00000271      0xa8a ./Core/Src/main.o
 .debug_macro   0x00000cfb      0x11d ./Core/Src/main.o
 .debug_macro   0x00000e18       0x2e ./Core/Src/main.o
 .debug_macro   0x00000e46       0x28 ./Core/Src/main.o
 .debug_macro   0x00000e6e       0x22 ./Core/Src/main.o
 .debug_macro   0x00000e90       0x8e ./Core/Src/main.o
 .debug_macro   0x00000f1e       0x51 ./Core/Src/main.o
 .debug_macro   0x00000f6f      0x103 ./Core/Src/main.o
 .debug_macro   0x00001072       0x6a ./Core/Src/main.o
 .debug_macro   0x000010dc      0x1df ./Core/Src/main.o
 .debug_macro   0x000012bb       0x1c ./Core/Src/main.o
 .debug_macro   0x000012d7       0x22 ./Core/Src/main.o
 .debug_macro   0x000012f9       0xd1 ./Core/Src/main.o
 .debug_macro   0x000013ca      0x4da ./Core/Src/main.o
 .debug_macro   0x000018a4      0x11f ./Core/Src/main.o
 .debug_macro   0x000019c3     0xa0e8 ./Core/Src/main.o
 .debug_macro   0x0000baab       0x66 ./Core/Src/main.o
 .debug_macro   0x0000bb11     0x350e ./Core/Src/main.o
 .debug_macro   0x0000f01f      0x189 ./Core/Src/main.o
 .debug_macro   0x0000f1a8       0x5c ./Core/Src/main.o
 .debug_macro   0x0000f204      0x462 ./Core/Src/main.o
 .debug_macro   0x0000f666      0xe1a ./Core/Src/main.o
 .debug_macro   0x00010480      0x106 ./Core/Src/main.o
 .debug_macro   0x00010586      0x1cf ./Core/Src/main.o
 .debug_macro   0x00010755       0xff ./Core/Src/main.o
 .debug_macro   0x00010854      0x33c ./Core/Src/main.o
 .debug_macro   0x00010b90      0x202 ./Core/Src/main.o
 .debug_macro   0x00010d92      0x2c7 ./Core/Src/main.o
 .debug_macro   0x00011059      0x198 ./Core/Src/main.o
 .debug_macro   0x000111f1       0x43 ./Core/Src/main.o
 .debug_macro   0x00011234      0x1f1 ./Core/Src/main.o
 .debug_macro   0x00011425      0x1d6 ./Core/Src/main.o
 .debug_macro   0x000115fb      0x2a3 ./Core/Src/main.o
 .debug_macro   0x0001189e       0x28 ./Core/Src/main.o
 .debug_macro   0x000118c6       0xcf ./Core/Src/main.o
 .debug_macro   0x00011995      0x22c ./Core/Src/main.o
 .debug_macro   0x00011bc1       0x67 ./Core/Src/main.o
 .debug_macro   0x00011c28       0xa5 ./Core/Src/main.o
 .debug_macro   0x00011ccd       0xff ./Core/Src/main.o
 .debug_macro   0x00011dcc      0x10d ./Core/Src/main.o
 .debug_macro   0x00011ed9      0xac2 ./Core/Src/main.o
 .debug_macro   0x0001299b       0xfa ./Core/Src/main.o
 .debug_macro   0x00012a95      0x412 ./Core/Src/main.o
 .debug_macro   0x00012ea7       0x1c ./Core/Src/main.o
 .debug_macro   0x00012ec3       0x61 ./Core/Src/main.o
 .debug_macro   0x00012f24       0x24 ./Core/Src/main.o
 .debug_macro   0x00012f48       0x43 ./Core/Src/main.o
 .debug_macro   0x00012f8b       0x34 ./Core/Src/main.o
 .debug_macro   0x00012fbf       0x58 ./Core/Src/main.o
 .debug_macro   0x00013017       0x40 ./Core/Src/main.o
 .debug_macro   0x00013057      0x30f ./Core/Src/ssd1306.o
 .debug_macro   0x00013366       0x28 ./Core/Src/ssd1306.o
 .debug_macro   0x0001338e       0x16 ./Core/Src/ssd1306.o
 .debug_macro   0x000133a4       0x43 ./Core/Src/ssd1306.o
 .debug_macro   0x000133e7       0x34 ./Core/Src/ssd1306.o
 .debug_macro   0x0001341b       0x10 ./Core/Src/ssd1306.o
 .debug_macro   0x0001342b       0x58 ./Core/Src/ssd1306.o
 .debug_macro   0x00013483       0x8e ./Core/Src/ssd1306.o
 .debug_macro   0x00013511       0x1c ./Core/Src/ssd1306.o
 .debug_macro   0x0001352d      0x177 ./Core/Src/ssd1306.o
 .debug_macro   0x000136a4      0x369 ./Core/Src/ssd1306.o
 .debug_macro   0x00013a0d      0x19b ./Core/Src/ssd1306.o
 .debug_macro   0x00013ba8       0x16 ./Core/Src/ssd1306.o
 .debug_macro   0x00013bbe       0x35 ./Core/Src/ssd1306.o
 .debug_macro   0x00013bf3       0x16 ./Core/Src/ssd1306.o
 .debug_macro   0x00013c09       0x29 ./Core/Src/ssd1306.o
 .debug_macro   0x00013c32       0x16 ./Core/Src/ssd1306.o
 .debug_macro   0x00013c48       0x20 ./Core/Src/ssd1306.o
 .debug_macro   0x00013c68      0x1f3 ./Core/Src/stm32g0xx_hal_msp.o
 .debug_macro   0x00013e5b      0x1fd ./Core/Src/stm32g0xx_it.o
 .debug_macro   0x00014058      0x1e4 ./Core/Src/system_stm32g0xx.o
 .debug_macro   0x0001423c      0x202 ./Drivers/STM32G0xx_HAL_Driver/Src/stm32g0xx_hal.o
 .debug_macro   0x0001443e      0x1e4 ./Drivers/STM32G0xx_HAL_Driver/Src/stm32g0xx_hal_cortex.o
 .debug_macro   0x00014622      0x1eb ./Drivers/STM32G0xx_HAL_Driver/Src/stm32g0xx_hal_gpio.o
 .debug_macro   0x0001480d      0x2b0 ./Drivers/STM32G0xx_HAL_Driver/Src/stm32g0xx_hal_i2c.o
 .debug_macro   0x00014abd      0x1e4 ./Drivers/STM32G0xx_HAL_Driver/Src/stm32g0xx_hal_i2c_ex.o
 .debug_macro   0x00014ca1      0x1f6 ./Drivers/STM32G0xx_HAL_Driver/Src/stm32g0xx_hal_pwr_ex.o
 .debug_macro   0x00014e97      0x226 ./Drivers/STM32G0xx_HAL_Driver/Src/stm32g0xx_hal_rcc.o
 .debug_macro   0x000150bd      0x1fc ./Drivers/STM32G0xx_HAL_Driver/Src/stm32g0xx_hal_rcc_ex.o
 .debug_macro   0x000152b9      0x1ec ./Drivers/STM32G0xx_HAL_Driver/Src/stm32g0xx_hal_tim.o
 .debug_macro   0x000154a5      0x1ea ./Drivers/STM32G0xx_HAL_Driver/Src/stm32g0xx_hal_tim_ex.o

.debug_line     0x00000000    0x11987
 .debug_line    0x00000000      0xc00 ./Core/Src/main.o
 .debug_line    0x00000c00     0x11c4 ./Core/Src/ssd1306.o
 .debug_line    0x00001dc4      0x83d ./Core/Src/stm32g0xx_hal_msp.o
 .debug_line    0x00002601      0x81f ./Core/Src/stm32g0xx_it.o
 .debug_line    0x00002e20      0x802 ./Core/Src/system_stm32g0xx.o
 .debug_line    0x00003622       0x7b ./Core/Startup/startup_stm32g030k8tx.o
 .debug_line    0x0000369d      0xabd ./Drivers/STM32G0xx_HAL_Driver/Src/stm32g0xx_hal.o
 .debug_line    0x0000415a      0xbdd ./Drivers/STM32G0xx_HAL_Driver/Src/stm32g0xx_hal_cortex.o
 .debug_line    0x00004d37      0xbc1 ./Drivers/STM32G0xx_HAL_Driver/Src/stm32g0xx_hal_gpio.o
 .debug_line    0x000058f8     0x3a7a ./Drivers/STM32G0xx_HAL_Driver/Src/stm32g0xx_hal_i2c.o
 .debug_line    0x00009372      0x9ad ./Drivers/STM32G0xx_HAL_Driver/Src/stm32g0xx_hal_i2c_ex.o
 .debug_line    0x00009d1f      0x9d3 ./Drivers/STM32G0xx_HAL_Driver/Src/stm32g0xx_hal_pwr_ex.o
 .debug_line    0x0000a6f2      0xf4b ./Drivers/STM32G0xx_HAL_Driver/Src/stm32g0xx_hal_rcc.o
 .debug_line    0x0000b63d      0xb0f ./Drivers/STM32G0xx_HAL_Driver/Src/stm32g0xx_hal_rcc_ex.o
 .debug_line    0x0000c14c     0x3c0a ./Drivers/STM32G0xx_HAL_Driver/Src/stm32g0xx_hal_tim.o
 .debug_line    0x0000fd56     0x1c31 ./Drivers/STM32G0xx_HAL_Driver/Src/stm32g0xx_hal_tim_ex.o

.debug_str      0x00000000    0x87cda
 .debug_str     0x00000000    0x80aef ./Core/Src/main.o
                              0x81168 (size before relaxing)
 .debug_str     0x00080aef     0x3b1c ./Core/Src/ssd1306.o
                              0x84087 (size before relaxing)
 .debug_str     0x0008460b      0x162 ./Core/Src/stm32g0xx_hal_msp.o
                              0x80720 (size before relaxing)
 .debug_str     0x0008476d       0xb5 ./Core/Src/stm32g0xx_it.o
                              0x800da (size before relaxing)
 .debug_str     0x00084822       0x8e ./Core/Src/system_stm32g0xx.o
                              0x7fb20 (size before relaxing)
 .debug_str     0x000848b0       0x44 ./Core/Startup/startup_stm32g030k8tx.o
                                 0x87 (size before relaxing)
 .debug_str     0x000848f4      0x468 ./Drivers/STM32G0xx_HAL_Driver/Src/stm32g0xx_hal.o
                              0x801ab (size before relaxing)
 .debug_str     0x00084d5c      0x281 ./Drivers/STM32G0xx_HAL_Driver/Src/stm32g0xx_hal_cortex.o
                              0x7ff72 (size before relaxing)
 .debug_str     0x00084fdd      0x143 ./Drivers/STM32G0xx_HAL_Driver/Src/stm32g0xx_hal_gpio.o
                              0x7fc55 (size before relaxing)
 .debug_str     0x00085120      0xde5 ./Drivers/STM32G0xx_HAL_Driver/Src/stm32g0xx_hal_i2c.o
                              0x80ee3 (size before relaxing)
 .debug_str     0x00085f05       0x9b ./Drivers/STM32G0xx_HAL_Driver/Src/stm32g0xx_hal_i2c_ex.o
                              0x8015f (size before relaxing)
 .debug_str     0x00085fa0      0x221 ./Drivers/STM32G0xx_HAL_Driver/Src/stm32g0xx_hal_pwr_ex.o
                              0x7fd74 (size before relaxing)
 .debug_str     0x000861c1      0x49c ./Drivers/STM32G0xx_HAL_Driver/Src/stm32g0xx_hal_rcc.o
                              0x80244 (size before relaxing)
 .debug_str     0x0008665d      0x185 ./Drivers/STM32G0xx_HAL_Driver/Src/stm32g0xx_hal_rcc_ex.o
                              0x7fe5c (size before relaxing)
 .debug_str     0x000867e2      0xe7a ./Drivers/STM32G0xx_HAL_Driver/Src/stm32g0xx_hal_tim.o
                              0x81062 (size before relaxing)
 .debug_str     0x0008765c      0x67e ./Drivers/STM32G0xx_HAL_Driver/Src/stm32g0xx_hal_tim_ex.o
                              0x809f0 (size before relaxing)

.comment        0x00000000       0x43
 .comment       0x00000000       0x43 ./Core/Src/main.o
                                 0x44 (size before relaxing)
 .comment       0x00000043       0x44 ./Core/Src/ssd1306.o
 .comment       0x00000043       0x44 ./Core/Src/stm32g0xx_hal_msp.o
 .comment       0x00000043       0x44 ./Core/Src/stm32g0xx_it.o
 .comment       0x00000043       0x44 ./Core/Src/system_stm32g0xx.o
 .comment       0x00000043       0x44 ./Drivers/STM32G0xx_HAL_Driver/Src/stm32g0xx_hal.o
 .comment       0x00000043       0x44 ./Drivers/STM32G0xx_HAL_Driver/Src/stm32g0xx_hal_cortex.o
 .comment       0x00000043       0x44 ./Drivers/STM32G0xx_HAL_Driver/Src/stm32g0xx_hal_gpio.o
 .comment       0x00000043       0x44 ./Drivers/STM32G0xx_HAL_Driver/Src/stm32g0xx_hal_i2c.o
 .comment       0x00000043       0x44 ./Drivers/STM32G0xx_HAL_Driver/Src/stm32g0xx_hal_i2c_ex.o
 .comment       0x00000043       0x44 ./Drivers/STM32G0xx_HAL_Driver/Src/stm32g0xx_hal_pwr_ex.o
 .comment       0x00000043       0x44 ./Drivers/STM32G0xx_HAL_Driver/Src/stm32g0xx_hal_rcc.o
 .comment       0x00000043       0x44 ./Drivers/STM32G0xx_HAL_Driver/Src/stm32g0xx_hal_rcc_ex.o
 .comment       0x00000043       0x44 ./Drivers/STM32G0xx_HAL_Driver/Src/stm32g0xx_hal_tim.o
 .comment       0x00000043       0x44 ./Drivers/STM32G0xx_HAL_Driver/Src/stm32g0xx_hal_tim_ex.o

.debug_frame    0x00000000     0x3444
 .debug_frame   0x00000000      0x160 ./Core/Src/main.o
 .debug_frame   0x00000160      0x36c ./Core/Src/ssd1306.o
 .debug_frame   0x000004cc       0xb0 ./Core/Src/stm32g0xx_hal_msp.o
 .debug_frame   0x0000057c       0xd4 ./Core/Src/stm32g0xx_it.o
 .debug_frame   0x00000650       0x4c ./Core/Src/system_stm32g0xx.o
 .debug_frame   0x0000069c      0x360 ./Drivers/STM32G0xx_HAL_Driver/Src/stm32g0xx_hal.o
 .debug_frame   0x000009fc      0x33c ./Drivers/STM32G0xx_HAL_Driver/Src/stm32g0xx_hal_cortex.o
 .debug_frame   0x00000d38      0x130 ./Drivers/STM32G0xx_HAL_Driver/Src/stm32g0xx_hal_gpio.o
 .debug_frame   0x00000e68      0xa68 ./Drivers/STM32G0xx_HAL_Driver/Src/stm32g0xx_hal_i2c.o
 .debug_frame   0x000018d0       0xd0 ./Drivers/STM32G0xx_HAL_Driver/Src/stm32g0xx_hal_i2c_ex.o
 .debug_frame   0x000019a0      0x1f4 ./Drivers/STM32G0xx_HAL_Driver/Src/stm32g0xx_hal_pwr_ex.o
 .debug_frame   0x00001b94      0x214 ./Drivers/STM32G0xx_HAL_Driver/Src/stm32g0xx_hal_rcc.o
 .debug_frame   0x00001da8       0xb0 ./Drivers/STM32G0xx_HAL_Driver/Src/stm32g0xx_hal_rcc_ex.o
 .debug_frame   0x00001e58      0xf40 ./Drivers/STM32G0xx_HAL_Driver/Src/stm32g0xx_hal_tim.o
 .debug_frame   0x00002d98      0x620 ./Drivers/STM32G0xx_HAL_Driver/Src/stm32g0xx_hal_tim_ex.o
 .debug_frame   0x000033b8       0x20 C:/ST/STM32CubeIDE_1.12.1/STM32CubeIDE/plugins/com.st.stm32cube.ide.mcu.externaltools.gnu-tools-for-stm32.12.3.rel1.win32_1.0.100.202403111256/tools/bin/../lib/gcc/arm-none-eabi/12.3.1/../../../../arm-none-eabi/lib/thumb/v6-m/nofp\libc_nano.a(libc_a-memset.o)
 .debug_frame   0x000033d8       0x2c C:/ST/STM32CubeIDE_1.12.1/STM32CubeIDE/plugins/com.st.stm32cube.ide.mcu.externaltools.gnu-tools-for-stm32.12.3.rel1.win32_1.0.100.202403111256/tools/bin/../lib/gcc/arm-none-eabi/12.3.1/../../../../arm-none-eabi/lib/thumb/v6-m/nofp\libc_nano.a(libc_a-init.o)
 .debug_frame   0x00003404       0x20 C:/ST/STM32CubeIDE_1.12.1/STM32CubeIDE/plugins/com.st.stm32cube.ide.mcu.externaltools.gnu-tools-for-stm32.12.3.rel1.win32_1.0.100.202403111256/tools/bin/../lib/gcc/arm-none-eabi/12.3.1/thumb/v6-m/nofp\libgcc.a(_udivsi3.o)
 .debug_frame   0x00003424       0x20 C:/ST/STM32CubeIDE_1.12.1/STM32CubeIDE/plugins/com.st.stm32cube.ide.mcu.externaltools.gnu-tools-for-stm32.12.3.rel1.win32_1.0.100.202403111256/tools/bin/../lib/gcc/arm-none-eabi/12.3.1/thumb/v6-m/nofp\libgcc.a(_divsi3.o)

.debug_line_str
                0x00000000       0x6b
 .debug_line_str
                0x00000000       0x6b ./Core/Startup/startup_stm32g030k8tx.o
