/home/amrm/Documents/AM/Bongo-Cat-Fidget-Toy/Software/Bongo-cat-fidget-toy-cmake/Drivers/STM32G0xx_HAL_Driver/Src/stm32g0xx_hal_exti.c:143:19:HAL_EXTI_SetConfigLine	32	static
/home/amrm/Documents/AM/Bongo-Cat-Fidget-Toy/Software/Bongo-cat-fidget-toy-cmake/Drivers/STM32G0xx_HAL_Driver/Src/stm32g0xx_hal_exti.c:265:19:HAL_EXTI_GetConfigLine	20	static
/home/amrm/Documents/AM/Bongo-Cat-Fidget-Toy/Software/Bongo-cat-fidget-toy-cmake/Drivers/STM32G0xx_HAL_Driver/Src/stm32g0xx_hal_exti.c:359:19:HAL_EXTI_ClearConfigLine	32	static
/home/amrm/Documents/AM/Bongo-Cat-Fidget-Toy/Software/Bongo-cat-fidget-toy-cmake/Drivers/STM32G0xx_HAL_Driver/Src/stm32g0xx_hal_exti.c:425:19:HAL_EXTI_RegisterCallback	0	static
/home/amrm/Documents/AM/Bongo-Cat-Fidget-Toy/Software/Bongo-cat-fidget-toy-cmake/Drivers/STM32G0xx_HAL_Driver/Src/stm32g0xx_hal_exti.c:460:19:HAL_EXTI_GetHandle	0	static
/home/amrm/Documents/AM/Bongo-Cat-Fidget-Toy/Software/Bongo-cat-fidget-toy-cmake/Drivers/STM32G0xx_HAL_Driver/Src/stm32g0xx_hal_exti.c:501:6:HAL_EXTI_IRQHandler	16	static
/home/amrm/Documents/AM/Bongo-Cat-Fidget-Toy/Software/Bongo-cat-fidget-toy-cmake/Drivers/STM32G0xx_HAL_Driver/Src/stm32g0xx_hal_exti.c:555:10:HAL_EXTI_GetPending	8	static
/home/amrm/Documents/AM/Bongo-Cat-Fidget-Toy/Software/Bongo-cat-fidget-toy-cmake/Drivers/STM32G0xx_HAL_Driver/Src/stm32g0xx_hal_exti.c:599:6:HAL_EXTI_ClearPending	8	static
/home/amrm/Documents/AM/Bongo-Cat-Fidget-Toy/Software/Bongo-cat-fidget-toy-cmake/Drivers/STM32G0xx_HAL_Driver/Src/stm32g0xx_hal_exti.c:635:6:HAL_EXTI_GenerateSWI	0	static
