/home/amrm/Documents/AM/Bongo-Cat-Fidget-Toy/Software/Bongo-cat-fidget-toy-cmake/Drivers/STM32G0xx_HAL_Driver/Src/stm32g0xx_hal_dma.c:1070:13:DMA_SetConfig	20	static
/home/amrm/Documents/AM/Bongo-Cat-Fidget-Toy/Software/Bongo-cat-fidget-toy-cmake/Drivers/STM32G0xx_HAL_Driver/Src/stm32g0xx_hal_dma.c:1117:13:DMA_CalcDMAMUXChannelBaseAndMask	8	static
/home/amrm/Documents/AM/Bongo-Cat-Fidget-Toy/Software/Bongo-cat-fidget-toy-cmake/Drivers/STM32G0xx_HAL_Driver/Src/stm32g0xx_hal_dma.c:152:19:HAL_DMA_Init	24	static
/home/amrm/Documents/AM/Bongo-Cat-Fidget-Toy/Software/Bongo-cat-fidget-toy-cmake/Drivers/STM32G0xx_HAL_Driver/Src/stm32g0xx_hal_dma.c:259:19:HAL_DMA_DeInit	24	static
/home/amrm/Documents/AM/Bongo-Cat-Fidget-Toy/Software/Bongo-cat-fidget-toy-cmake/Drivers/STM32G0xx_HAL_Driver/Src/stm32g0xx_hal_dma.c:382:19:HAL_DMA_Start	32	static
/home/amrm/Documents/AM/Bongo-Cat-Fidget-Toy/Software/Bongo-cat-fidget-toy-cmake/Drivers/STM32G0xx_HAL_Driver/Src/stm32g0xx_hal_dma.c:433:19:HAL_DMA_Start_IT	32	static
/home/amrm/Documents/AM/Bongo-Cat-Fidget-Toy/Software/Bongo-cat-fidget-toy-cmake/Drivers/STM32G0xx_HAL_Driver/Src/stm32g0xx_hal_dma.c:507:19:HAL_DMA_Abort	20	static
/home/amrm/Documents/AM/Bongo-Cat-Fidget-Toy/Software/Bongo-cat-fidget-toy-cmake/Drivers/STM32G0xx_HAL_Driver/Src/stm32g0xx_hal_dma.c:572:19:HAL_DMA_Abort_IT	24	static
/home/amrm/Documents/AM/Bongo-Cat-Fidget-Toy/Software/Bongo-cat-fidget-toy-cmake/Drivers/STM32G0xx_HAL_Driver/Src/stm32g0xx_hal_dma.c:637:19:HAL_DMA_PollForTransfer	40	static
/home/amrm/Documents/AM/Bongo-Cat-Fidget-Toy/Software/Bongo-cat-fidget-toy-cmake/Drivers/STM32G0xx_HAL_Driver/Src/stm32g0xx_hal_dma.c:797:6:HAL_DMA_IRQHandler	24	static
/home/amrm/Documents/AM/Bongo-Cat-Fidget-Toy/Software/Bongo-cat-fidget-toy-cmake/Drivers/STM32G0xx_HAL_Driver/Src/stm32g0xx_hal_dma.c:903:19:HAL_DMA_RegisterCallback	12	static
/home/amrm/Documents/AM/Bongo-Cat-Fidget-Toy/Software/Bongo-cat-fidget-toy-cmake/Drivers/STM32G0xx_HAL_Driver/Src/stm32g0xx_hal_dma.c:954:19:HAL_DMA_UnRegisterCallback	12	static
/home/amrm/Documents/AM/Bongo-Cat-Fidget-Toy/Software/Bongo-cat-fidget-toy-cmake/Drivers/STM32G0xx_HAL_Driver/Src/stm32g0xx_hal_dma.c:1031:22:HAL_DMA_GetState	0	static
/home/amrm/Documents/AM/Bongo-Cat-Fidget-Toy/Software/Bongo-cat-fidget-toy-cmake/Drivers/STM32G0xx_HAL_Driver/Src/stm32g0xx_hal_dma.c:1043:10:HAL_DMA_GetError	0	static
