/home/amrm/Documents/AM/Bongo-Cat-Fidget-Toy/Software/Bongo-cat-fidget-toy-cmake/Drivers/STM32G0xx_HAL_Driver/Src/stm32g0xx_hal_rcc.c:217:19:HAL_RCC_DeInit	16	static
/home/amrm/Documents/AM/Bongo-Cat-Fidget-Toy/Software/Bongo-cat-fidget-toy-cmake/Drivers/STM32G0xx_HAL_Driver/Src/stm32g0xx_hal_rcc.c:309:19:HAL_RCC_OscConfig	40	static
/home/amrm/Documents/AM/Bongo-Cat-Fidget-Toy/Software/Bongo-cat-fidget-toy-cmake/Drivers/STM32G0xx_HAL_Driver/Src/stm32g0xx_hal_rcc.c:1040:6:HAL_RCC_MCOConfig	48	static
/home/amrm/Documents/AM/Bongo-Cat-Fidget-Toy/Software/Bongo-cat-fidget-toy-cmake/Drivers/STM32G0xx_HAL_Driver/Src/stm32g0xx_hal_rcc.c:1128:10:HAL_RCC_GetSysClockFreq	16	static
/home/amrm/Documents/AM/Bongo-Cat-Fidget-Toy/Software/Bongo-cat-fidget-toy-cmake/Drivers/STM32G0xx_HAL_Driver/Src/stm32g0xx_hal_rcc.c:805:19:HAL_RCC_ClockConfig	32	static
/home/amrm/Documents/AM/Bongo-Cat-Fidget-Toy/Software/Bongo-cat-fidget-toy-cmake/Drivers/STM32G0xx_HAL_Driver/Src/stm32g0xx_hal_rcc.c:1196:10:HAL_RCC_GetHCLKFreq	0	static
/home/amrm/Documents/AM/Bongo-Cat-Fidget-Toy/Software/Bongo-cat-fidget-toy-cmake/Drivers/STM32G0xx_HAL_Driver/Src/stm32g0xx_hal_rcc.c:1207:10:HAL_RCC_GetPCLK1Freq	0	static
/home/amrm/Documents/AM/Bongo-Cat-Fidget-Toy/Software/Bongo-cat-fidget-toy-cmake/Drivers/STM32G0xx_HAL_Driver/Src/stm32g0xx_hal_rcc.c:1220:6:HAL_RCC_GetOscConfig	8	static
/home/amrm/Documents/AM/Bongo-Cat-Fidget-Toy/Software/Bongo-cat-fidget-toy-cmake/Drivers/STM32G0xx_HAL_Driver/Src/stm32g0xx_hal_rcc.c:1323:6:HAL_RCC_GetClockConfig	12	static
/home/amrm/Documents/AM/Bongo-Cat-Fidget-Toy/Software/Bongo-cat-fidget-toy-cmake/Drivers/STM32G0xx_HAL_Driver/Src/stm32g0xx_hal_rcc.c:1356:6:HAL_RCC_EnableCSS	0	static
/home/amrm/Documents/AM/Bongo-Cat-Fidget-Toy/Software/Bongo-cat-fidget-toy-cmake/Drivers/STM32G0xx_HAL_Driver/Src/stm32g0xx_hal_rcc.c:1372:6:HAL_RCC_EnableLSECSS	0	static
/home/amrm/Documents/AM/Bongo-Cat-Fidget-Toy/Software/Bongo-cat-fidget-toy-cmake/Drivers/STM32G0xx_HAL_Driver/Src/stm32g0xx_hal_rcc.c:1383:6:HAL_RCC_DisableLSECSS	0	static
/home/amrm/Documents/AM/Bongo-Cat-Fidget-Toy/Software/Bongo-cat-fidget-toy-cmake/Drivers/STM32G0xx_HAL_Driver/Src/stm32g0xx_hal_rcc.c:1419:13:HAL_RCC_CSSCallback	0	static
/home/amrm/Documents/AM/Bongo-Cat-Fidget-Toy/Software/Bongo-cat-fidget-toy-cmake/Drivers/STM32G0xx_HAL_Driver/Src/stm32g0xx_hal_rcc.c:1430:13:HAL_RCC_LSECSSCallback	0	static
/home/amrm/Documents/AM/Bongo-Cat-Fidget-Toy/Software/Bongo-cat-fidget-toy-cmake/Drivers/STM32G0xx_HAL_Driver/Src/stm32g0xx_hal_rcc.c:1393:6:HAL_RCC_NMI_IRQHandler	8	static
/home/amrm/Documents/AM/Bongo-Cat-Fidget-Toy/Software/Bongo-cat-fidget-toy-cmake/Drivers/STM32G0xx_HAL_Driver/Src/stm32g0xx_hal_rcc.c:1443:10:HAL_RCC_GetResetSource	0	static
