/home/amrm/Documents/AM/Bongo-Cat-Fidget-Toy/Software/Bongo-cat-fidget-toy-cmake/Core/Src/main.c:66:6:HAL_TIM_PeriodElapsedCallback	8	static
/home/amrm/Documents/AM/Bongo-Cat-Fidget-Toy/Software/Bongo-cat-fidget-toy-cmake/Core/Src/main.c:170:6:SystemClock_Config	80	static
/home/amrm/Documents/AM/Bongo-Cat-Fidget-Toy/Software/Bongo-cat-fidget-toy-cmake/Core/Src/main.c:79:5:main	80	static
/home/amrm/Documents/AM/Bongo-Cat-Fidget-Toy/Software/Bongo-cat-fidget-toy-cmake/Core/Src/main.c:338:6:Error_Handler	0	static
