/home/amrm/Documents/AM/Bongo-Cat-Fidget-Toy/Software/Bongo-cat-fidget-toy-cmake/Core/Src/ui.c:13:6:display_tap_count_overlay	56	static
/home/amrm/Documents/AM/Bongo-Cat-Fidget-Toy/Software/Bongo-cat-fidget-toy-cmake/Core/Src/ui.c:35:6:display_saved_indicator	16	static
/home/amrm/Documents/AM/Bongo-Cat-Fidget-Toy/Software/Bongo-cat-fidget-toy-cmake/Core/Src/ui.c:40:6:update_display_with_overlays	8	static
/home/amrm/Documents/AM/Bongo-Cat-Fidget-Toy/Software/Bongo-cat-fidget-toy-cmake/Core/Src/ui.c:50:6:redraw_current_frame	8	static
/home/amrm/Documents/AM/Bongo-Cat-Fidget-Toy/Software/Bongo-cat-fidget-toy-cmake/Core/Src/ui.c:57:6:toggle_display_invert	8	static
/home/amrm/Documents/AM/Bongo-Cat-Fidget-Toy/Software/Bongo-cat-fidget-toy-cmake/Core/Src/ui.c:72:9:handle_display_mode_switch	16	static
/home/amrm/Documents/AM/Bongo-Cat-Fidget-Toy/Software/Bongo-cat-fidget-toy-cmake/Core/Src/ui.c:90:9:handle_invert_toggle	24	static
/home/amrm/Documents/AM/Bongo-Cat-Fidget-Toy/Software/Bongo-cat-fidget-toy-cmake/Core/Src/ui.c:109:6:handle_reset	40	static
/home/amrm/Documents/AM/Bongo-Cat-Fidget-Toy/Software/Bongo-cat-fidget-toy-cmake/Core/Src/ui.c:161:6:handle_credits	24	static
/home/amrm/Documents/AM/Bongo-Cat-Fidget-Toy/Software/Bongo-cat-fidget-toy-cmake/Core/Src/ui.c:187:6:handle_boot_overrides	16	static
