Archive member included to satisfy reference by file (symbol)

/usr/lib/gcc/arm-none-eabi/13.2.1/../../../arm-none-eabi/lib/thumb/v6-m/nofp/libm.a(libm_a-sf_cos.o)
                              CMakeFiles/Bongo-cat-fidget-toy-cmake.dir/Core/Src/ssd1306.c.obj (cosf)
/usr/lib/gcc/arm-none-eabi/13.2.1/../../../arm-none-eabi/lib/thumb/v6-m/nofp/libm.a(libm_a-kf_cos.o)
                              /usr/lib/gcc/arm-none-eabi/13.2.1/../../../arm-none-eabi/lib/thumb/v6-m/nofp/libm.a(libm_a-sf_cos.o) (__kernel_cosf)
/usr/lib/gcc/arm-none-eabi/13.2.1/../../../arm-none-eabi/lib/thumb/v6-m/nofp/libm.a(libm_a-sf_sin.o)
                              CMakeFiles/Bongo-cat-fidget-toy-cmake.dir/Core/Src/ssd1306.c.obj (sinf)
/usr/lib/gcc/arm-none-eabi/13.2.1/../../../arm-none-eabi/lib/thumb/v6-m/nofp/libm.a(libm_a-kf_sin.o)
                              /usr/lib/gcc/arm-none-eabi/13.2.1/../../../arm-none-eabi/lib/thumb/v6-m/nofp/libm.a(libm_a-sf_cos.o) (__kernel_sinf)
/usr/lib/gcc/arm-none-eabi/13.2.1/../../../arm-none-eabi/lib/thumb/v6-m/nofp/libm.a(libm_a-ef_rem_pio2.o)
                              /usr/lib/gcc/arm-none-eabi/13.2.1/../../../arm-none-eabi/lib/thumb/v6-m/nofp/libm.a(libm_a-sf_cos.o) (__ieee754_rem_pio2f)
/usr/lib/gcc/arm-none-eabi/13.2.1/../../../arm-none-eabi/lib/thumb/v6-m/nofp/libm.a(libm_a-sf_fabs.o)
                              /usr/lib/gcc/arm-none-eabi/13.2.1/../../../arm-none-eabi/lib/thumb/v6-m/nofp/libm.a(libm_a-ef_rem_pio2.o) (fabsf)
/usr/lib/gcc/arm-none-eabi/13.2.1/../../../arm-none-eabi/lib/thumb/v6-m/nofp/libm.a(libm_a-kf_rem_pio2.o)
                              /usr/lib/gcc/arm-none-eabi/13.2.1/../../../arm-none-eabi/lib/thumb/v6-m/nofp/libm.a(libm_a-ef_rem_pio2.o) (__kernel_rem_pio2f)
/usr/lib/gcc/arm-none-eabi/13.2.1/../../../arm-none-eabi/lib/thumb/v6-m/nofp/libm.a(libm_a-sf_scalbn.o)
                              /usr/lib/gcc/arm-none-eabi/13.2.1/../../../arm-none-eabi/lib/thumb/v6-m/nofp/libm.a(libm_a-kf_rem_pio2.o) (scalbnf)
/usr/lib/gcc/arm-none-eabi/13.2.1/../../../arm-none-eabi/lib/thumb/v6-m/nofp/libm.a(libm_a-sf_floor.o)
                              /usr/lib/gcc/arm-none-eabi/13.2.1/../../../arm-none-eabi/lib/thumb/v6-m/nofp/libm.a(libm_a-kf_rem_pio2.o) (floorf)
/usr/lib/gcc/arm-none-eabi/13.2.1/thumb/v6-m/nofp/libgcc.a(_thumb1_case_uqi.o)
                              cmake/stm32cubemx/CMakeFiles/STM32_Drivers.dir/__/__/Drivers/STM32G0xx_HAL_Driver/Src/stm32g0xx_hal_i2c.c.obj (__gnu_thumb1_case_uqi)
/usr/lib/gcc/arm-none-eabi/13.2.1/thumb/v6-m/nofp/libgcc.a(_udivsi3.o)
                              CMakeFiles/Bongo-cat-fidget-toy-cmake.dir/Core/Src/ssd1306.c.obj (__aeabi_uidiv)
/usr/lib/gcc/arm-none-eabi/13.2.1/thumb/v6-m/nofp/libgcc.a(_divsi3.o)
                              CMakeFiles/Bongo-cat-fidget-toy-cmake.dir/Core/Src/ssd1306.c.obj (__aeabi_idiv)
/usr/lib/gcc/arm-none-eabi/13.2.1/thumb/v6-m/nofp/libgcc.a(_dvmd_tls.o)
                              /usr/lib/gcc/arm-none-eabi/13.2.1/thumb/v6-m/nofp/libgcc.a(_udivsi3.o) (__aeabi_idiv0)
/usr/lib/gcc/arm-none-eabi/13.2.1/thumb/v6-m/nofp/libgcc.a(_arm_cmpsf2.o)
                              /usr/lib/gcc/arm-none-eabi/13.2.1/../../../arm-none-eabi/lib/thumb/v6-m/nofp/libm.a(libm_a-ef_rem_pio2.o) (__aeabi_fcmpeq)
/usr/lib/gcc/arm-none-eabi/13.2.1/thumb/v6-m/nofp/libgcc.a(addsf3.o)
                              /usr/lib/gcc/arm-none-eabi/13.2.1/../../../arm-none-eabi/lib/thumb/v6-m/nofp/libm.a(libm_a-kf_cos.o) (__aeabi_fadd)
/usr/lib/gcc/arm-none-eabi/13.2.1/thumb/v6-m/nofp/libgcc.a(divsf3.o)
                              CMakeFiles/Bongo-cat-fidget-toy-cmake.dir/Core/Src/ssd1306.c.obj (__aeabi_fdiv)
/usr/lib/gcc/arm-none-eabi/13.2.1/thumb/v6-m/nofp/libgcc.a(eqsf2.o)
                              /usr/lib/gcc/arm-none-eabi/13.2.1/thumb/v6-m/nofp/libgcc.a(_arm_cmpsf2.o) (__eqsf2)
/usr/lib/gcc/arm-none-eabi/13.2.1/thumb/v6-m/nofp/libgcc.a(gesf2.o)
                              /usr/lib/gcc/arm-none-eabi/13.2.1/thumb/v6-m/nofp/libgcc.a(_arm_cmpsf2.o) (__gesf2)
/usr/lib/gcc/arm-none-eabi/13.2.1/thumb/v6-m/nofp/libgcc.a(lesf2.o)
                              /usr/lib/gcc/arm-none-eabi/13.2.1/thumb/v6-m/nofp/libgcc.a(_arm_cmpsf2.o) (__lesf2)
/usr/lib/gcc/arm-none-eabi/13.2.1/thumb/v6-m/nofp/libgcc.a(mulsf3.o)
                              CMakeFiles/Bongo-cat-fidget-toy-cmake.dir/Core/Src/ssd1306.c.obj (__aeabi_fmul)
/usr/lib/gcc/arm-none-eabi/13.2.1/thumb/v6-m/nofp/libgcc.a(subsf3.o)
                              /usr/lib/gcc/arm-none-eabi/13.2.1/../../../arm-none-eabi/lib/thumb/v6-m/nofp/libm.a(libm_a-sf_cos.o) (__aeabi_fsub)
/usr/lib/gcc/arm-none-eabi/13.2.1/thumb/v6-m/nofp/libgcc.a(fixsfsi.o)
                              CMakeFiles/Bongo-cat-fidget-toy-cmake.dir/Core/Src/ssd1306.c.obj (__aeabi_f2iz)
/usr/lib/gcc/arm-none-eabi/13.2.1/thumb/v6-m/nofp/libgcc.a(floatsisf.o)
                              CMakeFiles/Bongo-cat-fidget-toy-cmake.dir/Core/Src/ssd1306.c.obj (__aeabi_i2f)
[...]
Memory Configuration

Name             Origin             Length             Attributes
RAM              0x20000000         0x00002000         xrw
FLASH            0x08000000         0x00010000         xr
*default*        0x00000000         0xffffffff

Linker script and memory map

LOAD /usr/lib/gcc/arm-none-eabi/13.2.1/thumb/v6-m/nofp/crti.o
LOAD /usr/lib/gcc/arm-none-eabi/13.2.1/thumb/v6-m/nofp/crtbegin.o
LOAD /usr/lib/gcc/arm-none-eabi/13.2.1/../../../arm-none-eabi/lib/thumb/v6-m/nofp/crt0.o
LOAD CMakeFiles/Bongo-cat-fidget-toy-cmake.dir/Core/Src/main.c.obj
LOAD CMakeFiles/Bongo-cat-fidget-toy-cmake.dir/Core/Src/stm32g0xx_it.c.obj
LOAD CMakeFiles/Bongo-cat-fidget-toy-cmake.dir/Core/Src/stm32g0xx_hal_msp.c.obj
LOAD CMakeFiles/Bongo-cat-fidget-toy-cmake.dir/Core/Src/sysmem.c.obj
LOAD CMakeFiles/Bongo-cat-fidget-toy-cmake.dir/Core/Src/syscalls.c.obj
LOAD CMakeFiles/Bongo-cat-fidget-toy-cmake.dir/startup_stm32g030xx.s.obj
LOAD CMakeFiles/Bongo-cat-fidget-toy-cmake.dir/Core/Src/ssd1306.c.obj
LOAD CMakeFiles/Bongo-cat-fidget-toy-cmake.dir/Core/Src/ssd1306_fonts.c.obj
LOAD CMakeFiles/Bongo-cat-fidget-toy-cmake.dir/Core/Src/buttons.c.obj
LOAD CMakeFiles/Bongo-cat-fidget-toy-cmake.dir/Core/Src/settings.c.obj
LOAD CMakeFiles/Bongo-cat-fidget-toy-cmake.dir/Core/Src/tap_tracker.c.obj
LOAD CMakeFiles/Bongo-cat-fidget-toy-cmake.dir/Core/Src/animation.c.obj
LOAD CMakeFiles/Bongo-cat-fidget-toy-cmake.dir/Core/Src/ui.c.obj
LOAD cmake/stm32cubemx/CMakeFiles/STM32_Drivers.dir/__/__/Core/Src/system_stm32g0xx.c.obj
LOAD cmake/stm32cubemx/CMakeFiles/STM32_Drivers.dir/__/__/Drivers/STM32G0xx_HAL_Driver/Src/stm32g0xx_hal_i2c.c.obj
LOAD cmake/stm32cubemx/CMakeFiles/STM32_Drivers.dir/__/__/Drivers/STM32G0xx_HAL_Driver/Src/stm32g0xx_hal_i2c_ex.c.obj
LOAD cmake/stm32cubemx/CMakeFiles/STM32_Drivers.dir/__/__/Drivers/STM32G0xx_HAL_Driver/Src/stm32g0xx_hal_rcc.c.obj
LOAD cmake/stm32cubemx/CMakeFiles/STM32_Drivers.dir/__/__/Drivers/STM32G0xx_HAL_Driver/Src/stm32g0xx_hal_rcc_ex.c.obj
LOAD cmake/stm32cubemx/CMakeFiles/STM32_Drivers.dir/__/__/Drivers/STM32G0xx_HAL_Driver/Src/stm32g0xx_ll_rcc.c.obj
LOAD cmake/stm32cubemx/CMakeFiles/STM32_Drivers.dir/__/__/Drivers/STM32G0xx_HAL_Driver/Src/stm32g0xx_hal_flash.c.obj
LOAD cmake/stm32cubemx/CMakeFiles/STM32_Drivers.dir/__/__/Drivers/STM32G0xx_HAL_Driver/Src/stm32g0xx_hal_flash_ex.c.obj
LOAD cmake/stm32cubemx/CMakeFiles/STM32_Drivers.dir/__/__/Drivers/STM32G0xx_HAL_Driver/Src/stm32g0xx_hal_gpio.c.obj
LOAD cmake/stm32cubemx/CMakeFiles/STM32_Drivers.dir/__/__/Drivers/STM32G0xx_HAL_Driver/Src/stm32g0xx_hal_dma.c.obj
LOAD cmake/stm32cubemx/CMakeFiles/STM32_Drivers.dir/__/__/Drivers/STM32G0xx_HAL_Driver/Src/stm32g0xx_hal_dma_ex.c.obj
LOAD cmake/stm32cubemx/CMakeFiles/STM32_Drivers.dir/__/__/Drivers/STM32G0xx_HAL_Driver/Src/stm32g0xx_hal_pwr.c.obj
LOAD cmake/stm32cubemx/CMakeFiles/STM32_Drivers.dir/__/__/Drivers/STM32G0xx_HAL_Driver/Src/stm32g0xx_hal_pwr_ex.c.obj
LOAD cmake/stm32cubemx/CMakeFiles/STM32_Drivers.dir/__/__/Drivers/STM32G0xx_HAL_Driver/Src/stm32g0xx_hal_cortex.c.obj
LOAD cmake/stm32cubemx/CMakeFiles/STM32_Drivers.dir/__/__/Drivers/STM32G0xx_HAL_Driver/Src/stm32g0xx_hal.c.obj
LOAD cmake/stm32cubemx/CMakeFiles/STM32_Drivers.dir/__/__/Drivers/STM32G0xx_HAL_Driver/Src/stm32g0xx_hal_exti.c.obj
LOAD cmake/stm32cubemx/CMakeFiles/STM32_Drivers.dir/__/__/Drivers/STM32G0xx_HAL_Driver/Src/stm32g0xx_hal_tim.c.obj
LOAD cmake/stm32cubemx/CMakeFiles/STM32_Drivers.dir/__/__/Drivers/STM32G0xx_HAL_Driver/Src/stm32g0xx_hal_tim_ex.c.obj
LOAD /usr/lib/gcc/arm-none-eabi/13.2.1/../../../arm-none-eabi/lib/thumb/v6-m/nofp/libm.a
START GROUP
LOAD /usr/lib/gcc/arm-none-eabi/13.2.1/thumb/v6-m/nofp/libgcc.a
LOAD /usr/lib/gcc/arm-none-eabi/13.2.1/../../../arm-none-eabi/lib/thumb/v6-m/nofp/libg_nano.a
LOAD /usr/lib/gcc/arm-none-eabi/13.2.1/../../../arm-none-eabi/lib/thumb/v6-m/nofp/libc_nano.a
END GROUP
START GROUP
LOAD /usr/lib/gcc/arm-none-eabi/13.2.1/thumb/v6-m/nofp/libgcc.a
LOAD /usr/lib/gcc/arm-none-eabi/13.2.1/../../../arm-none-eabi/lib/thumb/v6-m/nofp/libc_nano.a
END GROUP
LOAD /usr/lib/gcc/arm-none-eabi/13.2.1/thumb/v6-m/nofp/crtend.o
LOAD /usr/lib/gcc/arm-none-eabi/13.2.1/thumb/v6-m/nofp/crtn.o
                0x20002000                        _estack = (ORIGIN (RAM) + LENGTH (RAM))
                0x20001c00                        _sstack = (_estack - _Min_Stack_Size)
                0x00000200                        _Min_Heap_Size = 0x200
                0x00000400                        _Min_Stack_Size = 0x400

.isr_vector     0x08000000       0xb8
                0x08000000                        . = ALIGN (0x4)
 *(.isr_vector)
 .isr_vector    0x08000000       0xb8 CMakeFiles/Bongo-cat-fidget-toy-cmake.dir/startup_stm32g030xx.s.obj
                0x08000000                g_pfnVectors
                0x080000b8                        . = ALIGN (0x4)

.text           0x080000b8     0x37b8
                0x080000b8                        . = ALIGN (0x4)
 *(.text)
 .text          0x080000b8       0x98 /usr/lib/gcc/arm-none-eabi/13.2.1/thumb/v6-m/nofp/crtbegin.o
 .text          0x08000150       0x14 /usr/lib/gcc/arm-none-eabi/13.2.1/thumb/v6-m/nofp/libgcc.a(_thumb1_case_uqi.o)
                0x08000150                __gnu_thumb1_case_uqi
 .text          0x08000164      0x114 /usr/lib/gcc/arm-none-eabi/13.2.1/thumb/v6-m/nofp/libgcc.a(_udivsi3.o)
                0x08000164                __udivsi3
                0x08000164                __aeabi_uidiv
                0x08000270                __aeabi_uidivmod
 .text          0x08000278      0x1d4 /usr/lib/gcc/arm-none-eabi/13.2.1/thumb/v6-m/nofp/libgcc.a(_divsi3.o)
                0x08000278                __aeabi_idiv
                0x08000278                __divsi3
                0x08000444                __aeabi_idivmod
 .text          0x0800044c        0x4 /usr/lib/gcc/arm-none-eabi/13.2.1/thumb/v6-m/nofp/libgcc.a(_dvmd_tls.o)
                0x0800044c                __aeabi_ldiv0
                0x0800044c                __aeabi_idiv0
 .text          0x08000450       0x80 /usr/lib/gcc/arm-none-eabi/13.2.1/../../../arm-none-eabi/lib/thumb/v6-m/nofp/libg_nano.a(libc_a-sprintf.o)
                0x08000450                _siprintf_r
                0x08000450                _sprintf_r
                0x0800048c                sprintf
                0x0800048c                siprintf
 .text          0x080004d0      0x430 /usr/lib/gcc/arm-none-eabi/13.2.1/../../../arm-none-eabi/lib/thumb/v6-m/nofp/libg_nano.a(libc_a-nano-svfprintf.o)
                0x080004d0                __ssputs_r
                0x080005a0                __ssprint_r
                0x080006b8                _svfprintf_r
                0x080006b8                _svfiprintf_r
 .text          0x08000900       0x48 /usr/lib/gcc/arm-none-eabi/13.2.1/../../../arm-none-eabi/lib/thumb/v6-m/nofp/libg_nano.a(libc_a-init.o)
                0x08000900                __libc_init_array
 .text          0x08000948       0xa8 /usr/lib/gcc/arm-none-eabi/13.2.1/../../../arm-none-eabi/lib/thumb/v6-m/nofp/libg_nano.a(libc_a-memset.o)
                0x08000948                memset
 .text          0x080009f0        0xc /usr/lib/gcc/arm-none-eabi/13.2.1/../../../arm-none-eabi/lib/thumb/v6-m/nofp/libg_nano.a(libc_a-errno.o)
                0x080009f0                __errno
 .text          0x080009fc      0x158 /usr/lib/gcc/arm-none-eabi/13.2.1/../../../arm-none-eabi/lib/thumb/v6-m/nofp/libg_nano.a(libc_a-mallocr.o)
                0x08000a44                _malloc_r
 .text          0x08000b54       0xb8 /usr/lib/gcc/arm-none-eabi/13.2.1/../../../arm-none-eabi/lib/thumb/v6-m/nofp/libg_nano.a(libc_a-freer.o)
                0x08000b54                _free_r
 .text          0x08000c0c       0xb0 /usr/lib/gcc/arm-none-eabi/13.2.1/../../../arm-none-eabi/lib/thumb/v6-m/nofp/libg_nano.a(libc_a-memmove.o)
                0x08000c0c                memmove
 .text          0x08000cbc       0x78 /usr/lib/gcc/arm-none-eabi/13.2.1/../../../arm-none-eabi/lib/thumb/v6-m/nofp/libg_nano.a(libc_a-reallocr.o)
                0x08000cbc                _realloc_r
 .text          0x08000d34      0x3a8 /usr/lib/gcc/arm-none-eabi/13.2.1/../../../arm-none-eabi/lib/thumb/v6-m/nofp/libg_nano.a(libc_a-nano-vfprintf_i.o)
                0x08000d34                _printf_common
                0x08000e7c                _printf_i
 .text          0x080010dc        0x8 /usr/lib/gcc/arm-none-eabi/13.2.1/../../../arm-none-eabi/lib/thumb/v6-m/nofp/libg_nano.a(libc_a-mlock.o)
                0x080010dc                __malloc_lock
                0x080010e0                __malloc_unlock
 .text          0x080010e4       0x74 /usr/lib/gcc/arm-none-eabi/13.2.1/../../../arm-none-eabi/lib/thumb/v6-m/nofp/libg_nano.a(libc_a-memchr-stub.o)
                0x080010e4                memchr
 .text          0x08001158       0x8c /usr/lib/gcc/arm-none-eabi/13.2.1/../../../arm-none-eabi/lib/thumb/v6-m/nofp/libg_nano.a(libc_a-memcpy-stub.o)
                0x08001158                memcpy
 .text          0x080011e4       0x24 /usr/lib/gcc/arm-none-eabi/13.2.1/../../../arm-none-eabi/lib/thumb/v6-m/nofp/libg_nano.a(libc_a-sbrkr.o)
                0x080011e4                _sbrk_r
 .text          0x08001208       0x14 /usr/lib/gcc/arm-none-eabi/13.2.1/../../../arm-none-eabi/lib/thumb/v6-m/nofp/libg_nano.a(libc_a-msizer.o)
                0x08001208                _malloc_usable_size_r
 *(.text*)
 .text.HAL_TIM_PeriodElapsedCallback
                0x0800121c       0x14 CMakeFiles/Bongo-cat-fidget-toy-cmake.dir/Core/Src/main.c.obj
                0x0800121c                HAL_TIM_PeriodElapsedCallback
 .text.SystemClock_Config
                0x08001230       0x78 CMakeFiles/Bongo-cat-fidget-toy-cmake.dir/Core/Src/main.c.obj
                0x08001230                SystemClock_Config
 .text.startup.main
                0x080012a8      0x274 CMakeFiles/Bongo-cat-fidget-toy-cmake.dir/Core/Src/main.c.obj
                0x080012a8                main
 .text.Error_Handler
                0x0800151c        0x4 CMakeFiles/Bongo-cat-fidget-toy-cmake.dir/Core/Src/main.c.obj
                0x0800151c                Error_Handler
 .text.NMI_Handler
                0x08001520        0x2 CMakeFiles/Bongo-cat-fidget-toy-cmake.dir/Core/Src/stm32g0xx_it.c.obj
                0x08001520                NMI_Handler
 .text.HardFault_Handler
                0x08001522        0x2 CMakeFiles/Bongo-cat-fidget-toy-cmake.dir/Core/Src/stm32g0xx_it.c.obj
                0x08001522                HardFault_Handler
 .text.SVC_Handler
                0x08001524        0x2 CMakeFiles/Bongo-cat-fidget-toy-cmake.dir/Core/Src/stm32g0xx_it.c.obj
                0x08001524                SVC_Handler
 .text.PendSV_Handler
                0x08001526        0x2 CMakeFiles/Bongo-cat-fidget-toy-cmake.dir/Core/Src/stm32g0xx_it.c.obj
                0x08001526                PendSV_Handler
 .text.SysTick_Handler
                0x08001528        0x8 CMakeFiles/Bongo-cat-fidget-toy-cmake.dir/Core/Src/stm32g0xx_it.c.obj
                0x08001528                SysTick_Handler
 .text.RCC_IRQHandler
                0x08001530        0x2 CMakeFiles/Bongo-cat-fidget-toy-cmake.dir/Core/Src/stm32g0xx_it.c.obj
                0x08001530                RCC_IRQHandler
 *fill*         0x08001532        0x2 
 .text.TIM14_IRQHandler
                0x08001534       0x10 CMakeFiles/Bongo-cat-fidget-toy-cmake.dir/Core/Src/stm32g0xx_it.c.obj
                0x08001534                TIM14_IRQHandler
 .text.HAL_MspInit
                0x08001544       0x30 CMakeFiles/Bongo-cat-fidget-toy-cmake.dir/Core/Src/stm32g0xx_hal_msp.c.obj
                0x08001544                HAL_MspInit
 .text.HAL_I2C_MspInit
                0x08001574       0xac CMakeFiles/Bongo-cat-fidget-toy-cmake.dir/Core/Src/stm32g0xx_hal_msp.c.obj
                0x08001574                HAL_I2C_MspInit
 .text.HAL_TIM_Base_MspInit
                0x08001620       0x2c CMakeFiles/Bongo-cat-fidget-toy-cmake.dir/Core/Src/stm32g0xx_hal_msp.c.obj
                0x08001620                HAL_TIM_Base_MspInit
 .text._sbrk    0x0800164c       0x40 CMakeFiles/Bongo-cat-fidget-toy-cmake.dir/Core/Src/sysmem.c.obj
                0x0800164c                _sbrk
 .text.Reset_Handler
                0x0800168c       0x50 CMakeFiles/Bongo-cat-fidget-toy-cmake.dir/startup_stm32g030xx.s.obj
                0x0800168c                Reset_Handler
 .text.Default_Handler
                0x080016dc        0x2 CMakeFiles/Bongo-cat-fidget-toy-cmake.dir/startup_stm32g030xx.s.obj
                0x080016dc                TIM1_CC_IRQHandler
                0x080016dc                I2C1_IRQHandler
                0x080016dc                RTC_TAMP_IRQHandler
                0x080016dc                SPI1_IRQHandler
                0x080016dc                DMA1_Ch4_5_DMAMUX1_OVR_IRQHandler
                0x080016dc                EXTI2_3_IRQHandler
                0x080016dc                ADC1_IRQHandler
                0x080016dc                I2C2_IRQHandler
                0x080016dc                TIM17_IRQHandler
                0x080016dc                TIM16_IRQHandler
                0x080016dc                TIM3_IRQHandler
                0x080016dc                EXTI4_15_IRQHandler
                0x080016dc                DMA1_Channel1_IRQHandler
                0x080016dc                Default_Handler
                0x080016dc                EXTI0_1_IRQHandler
                0x080016dc                SPI2_IRQHandler
                0x080016dc                WWDG_IRQHandler
                0x080016dc                DMA1_Channel2_3_IRQHandler
                0x080016dc                USART2_IRQHandler
                0x080016dc                FLASH_IRQHandler
                0x080016dc                USART1_IRQHandler
                0x080016dc                TIM1_BRK_UP_TRG_COM_IRQHandler
 *fill*         0x080016de        0x2 
 .text.ssd1306_WriteCommand
                0x080016e0       0x28 CMakeFiles/Bongo-cat-fidget-toy-cmake.dir/Core/Src/ssd1306.c.obj
                0x080016e0                ssd1306_WriteCommand
 .text.ssd1306_WriteData
                0x08001708       0x24 CMakeFiles/Bongo-cat-fidget-toy-cmake.dir/Core/Src/ssd1306.c.obj
                0x08001708                ssd1306_WriteData
 .text.ssd1306_Fill
                0x0800172c       0x1c CMakeFiles/Bongo-cat-fidget-toy-cmake.dir/Core/Src/ssd1306.c.obj
                0x0800172c                ssd1306_Fill
 .text.ssd1306_UpdateScreen
                0x08001748       0x30 CMakeFiles/Bongo-cat-fidget-toy-cmake.dir/Core/Src/ssd1306.c.obj
                0x08001748                ssd1306_UpdateScreen
 .text.ssd1306_DrawPixel
                0x08001778       0x34 CMakeFiles/Bongo-cat-fidget-toy-cmake.dir/Core/Src/ssd1306.c.obj
                0x08001778                ssd1306_DrawPixel
 .text.ssd1306_WriteChar
                0x080017ac       0xbc CMakeFiles/Bongo-cat-fidget-toy-cmake.dir/Core/Src/ssd1306.c.obj
                0x080017ac                ssd1306_WriteChar
 .text.ssd1306_WriteString
                0x08001868       0x32 CMakeFiles/Bongo-cat-fidget-toy-cmake.dir/Core/Src/ssd1306.c.obj
                0x08001868                ssd1306_WriteString
 *fill*         0x0800189a        0x2 
 .text.ssd1306_SetCursor
                0x0800189c        0xc CMakeFiles/Bongo-cat-fidget-toy-cmake.dir/Core/Src/ssd1306.c.obj
                0x0800189c                ssd1306_SetCursor
 .text.ssd1306_DrawBitmap
                0x080018a8       0x78 CMakeFiles/Bongo-cat-fidget-toy-cmake.dir/Core/Src/ssd1306.c.obj
                0x080018a8                ssd1306_DrawBitmap
 .text.ssd1306_SetContrast
                0x08001920       0x12 CMakeFiles/Bongo-cat-fidget-toy-cmake.dir/Core/Src/ssd1306.c.obj
                0x08001920                ssd1306_SetContrast
 *fill*         0x08001932        0x2 
 .text.ssd1306_SetDisplayOn
                0x08001934       0x1c CMakeFiles/Bongo-cat-fidget-toy-cmake.dir/Core/Src/ssd1306.c.obj
                0x08001934                ssd1306_SetDisplayOn
 .text.ssd1306_Init
                0x08001950       0xc8 CMakeFiles/Bongo-cat-fidget-toy-cmake.dir/Core/Src/ssd1306.c.obj
                0x08001950                ssd1306_Init
 .text.ssd1306_InvertDisplay
                0x08001a18       0x12 CMakeFiles/Bongo-cat-fidget-toy-cmake.dir/Core/Src/ssd1306.c.obj
                0x08001a18                ssd1306_InvertDisplay
 *fill*         0x08001a2a        0x2 
 .text.readPins
                0x08001a2c       0x34 CMakeFiles/Bongo-cat-fidget-toy-cmake.dir/Core/Src/buttons.c.obj
                0x08001a2c                readPins
 .text.calculate_checksum
                0x08001a60       0x20 CMakeFiles/Bongo-cat-fidget-toy-cmake.dir/Core/Src/settings.c.obj
                0x08001a60                calculate_checksum
 .text.save_settings
                0x08001a80       0x7c CMakeFiles/Bongo-cat-fidget-toy-cmake.dir/Core/Src/settings.c.obj
                0x08001a80                save_settings
 .text.load_settings
                0x08001afc       0x5c CMakeFiles/Bongo-cat-fidget-toy-cmake.dir/Core/Src/settings.c.obj
                0x08001afc                load_settings
 .text.reset_all_settings
                0x08001b58       0x30 CMakeFiles/Bongo-cat-fidget-toy-cmake.dir/Core/Src/settings.c.obj
                0x08001b58                reset_all_settings
 .text.check_and_save
                0x08001b88       0x2c CMakeFiles/Bongo-cat-fidget-toy-cmake.dir/Core/Src/settings.c.obj
                0x08001b88                check_and_save
 .text.force_save
                0x08001bb4       0x14 CMakeFiles/Bongo-cat-fidget-toy-cmake.dir/Core/Src/settings.c.obj
                0x08001bb4                force_save
 .text.update_saved_indicator
                0x08001bc8       0x2c CMakeFiles/Bongo-cat-fidget-toy-cmake.dir/Core/Src/settings.c.obj
                0x08001bc8                update_saved_indicator
 .text.tap_tracker_reset
                0x08001bf4       0x2c CMakeFiles/Bongo-cat-fidget-toy-cmake.dir/Core/Src/tap_tracker.c.obj
                0x08001bf4                tap_tracker_reset
 .text.use_angry_mode
                0x08001c20       0x44 CMakeFiles/Bongo-cat-fidget-toy-cmake.dir/Core/Src/tap_tracker.c.obj
                0x08001c20                use_angry_mode
 .text.calculate_tap_speed
                0x08001c64       0x5c CMakeFiles/Bongo-cat-fidget-toy-cmake.dir/Core/Src/tap_tracker.c.obj
                0x08001c64                calculate_tap_speed
 .text.record_tap_timestamp
                0x08001cc0       0x2c CMakeFiles/Bongo-cat-fidget-toy-cmake.dir/Core/Src/tap_tracker.c.obj
                0x08001cc0                record_tap_timestamp
 .text.update_tap_speed
                0x08001cec       0x20 CMakeFiles/Bongo-cat-fidget-toy-cmake.dir/Core/Src/tap_tracker.c.obj
                0x08001cec                update_tap_speed
 .text.register_tap
                0x08001d0c       0x30 CMakeFiles/Bongo-cat-fidget-toy-cmake.dir/Core/Src/tap_tracker.c.obj
                0x08001d0c                register_tap
 .text.draw_animation
                0x08001d3c       0x28 CMakeFiles/Bongo-cat-fidget-toy-cmake.dir/Core/Src/animation.c.obj
                0x08001d3c                draw_animation
 .text.draw_animation_erase
                0x08001d64       0x16 CMakeFiles/Bongo-cat-fidget-toy-cmake.dir/Core/Src/animation.c.obj
                0x08001d64                draw_animation_erase
 .text.draw_animation_transparent
                0x08001d7a       0x18 CMakeFiles/Bongo-cat-fidget-toy-cmake.dir/Core/Src/animation.c.obj
                0x08001d7a                draw_animation_transparent
 *fill*         0x08001d92        0x2 
 .text.handle_tap_decay
                0x08001d94       0x54 CMakeFiles/Bongo-cat-fidget-toy-cmake.dir/Core/Src/animation.c.obj
                0x08001d94                handle_tap_decay
 .text.handle_paw_animations
                0x08001de8      0x134 CMakeFiles/Bongo-cat-fidget-toy-cmake.dir/Core/Src/animation.c.obj
                0x08001de8                handle_paw_animations
 .text.draw_idle_frame
                0x08001f1c       0x18 CMakeFiles/Bongo-cat-fidget-toy-cmake.dir/Core/Src/animation.c.obj
                0x08001f1c                draw_idle_frame
 .text.idle_frame_count
                0x08001f34        0x4 CMakeFiles/Bongo-cat-fidget-toy-cmake.dir/Core/Src/animation.c.obj
                0x08001f34                idle_frame_count
 .text.check_idle_transition
                0x08001f38       0x7c CMakeFiles/Bongo-cat-fidget-toy-cmake.dir/Core/Src/animation.c.obj
                0x08001f38                check_idle_transition
 .text.display_tap_count_overlay
                0x08001fb4       0x90 CMakeFiles/Bongo-cat-fidget-toy-cmake.dir/Core/Src/ui.c.obj
                0x08001fb4                display_tap_count_overlay
 .text.display_saved_indicator
                0x08002044       0x24 CMakeFiles/Bongo-cat-fidget-toy-cmake.dir/Core/Src/ui.c.obj
                0x08002044                display_saved_indicator
 .text.update_display_with_overlays
                0x08002068       0x28 CMakeFiles/Bongo-cat-fidget-toy-cmake.dir/Core/Src/ui.c.obj
                0x08002068                update_display_with_overlays
 .text.redraw_current_frame
                0x08002090       0x18 CMakeFiles/Bongo-cat-fidget-toy-cmake.dir/Core/Src/ui.c.obj
                0x08002090                redraw_current_frame
 .text.toggle_display_invert
                0x080020a8       0x64 CMakeFiles/Bongo-cat-fidget-toy-cmake.dir/Core/Src/ui.c.obj
                0x080020a8                toggle_display_invert
 .text.handle_display_mode_switch
                0x0800210c       0x6c CMakeFiles/Bongo-cat-fidget-toy-cmake.dir/Core/Src/ui.c.obj
                0x0800210c                handle_display_mode_switch
 .text.handle_reset
                0x08002178      0x13c CMakeFiles/Bongo-cat-fidget-toy-cmake.dir/Core/Src/ui.c.obj
                0x08002178                handle_reset
 .text.handle_credits
                0x080022b4       0xbc CMakeFiles/Bongo-cat-fidget-toy-cmake.dir/Core/Src/ui.c.obj
                0x080022b4                handle_credits
 .text.handle_boot_overrides
                0x08002370       0x60 CMakeFiles/Bongo-cat-fidget-toy-cmake.dir/Core/Src/ui.c.obj
                0x08002370                handle_boot_overrides
 .text.SystemInit
                0x080023d0        0x2 cmake/stm32cubemx/CMakeFiles/STM32_Drivers.dir/__/__/Core/Src/system_stm32g0xx.c.obj
                0x080023d0                SystemInit
 .text.I2C_Flush_TXDR
                0x080023d2       0x1c cmake/stm32cubemx/CMakeFiles/STM32_Drivers.dir/__/__/Drivers/STM32G0xx_HAL_Driver/Src/stm32g0xx_hal_i2c.c.obj
 *fill*         0x080023ee        0x2 
 .text.I2C_TransferConfig
                0x080023f0       0x2c cmake/stm32cubemx/CMakeFiles/STM32_Drivers.dir/__/__/Drivers/STM32G0xx_HAL_Driver/Src/stm32g0xx_hal_i2c.c.obj
 .text.I2C_IsErrorOccurred
                0x0800241c       0xfc cmake/stm32cubemx/CMakeFiles/STM32_Drivers.dir/__/__/Drivers/STM32G0xx_HAL_Driver/Src/stm32g0xx_hal_i2c.c.obj
 .text.I2C_WaitOnTXISFlagUntilTimeout
                0x08002518       0x5c cmake/stm32cubemx/CMakeFiles/STM32_Drivers.dir/__/__/Drivers/STM32G0xx_HAL_Driver/Src/stm32g0xx_hal_i2c.c.obj
 .text.I2C_WaitOnFlagUntilTimeout
                0x08002574       0x6e cmake/stm32cubemx/CMakeFiles/STM32_Drivers.dir/__/__/Drivers/STM32G0xx_HAL_Driver/Src/stm32g0xx_hal_i2c.c.obj
 .text.I2C_WaitOnSTOPFlagUntilTimeout
                0x080025e2       0x54 cmake/stm32cubemx/CMakeFiles/STM32_Drivers.dir/__/__/Drivers/STM32G0xx_HAL_Driver/Src/stm32g0xx_hal_i2c.c.obj
 *fill*         0x08002636        0x2 
 .text.HAL_I2C_Init
                0x08002638       0xbc cmake/stm32cubemx/CMakeFiles/STM32_Drivers.dir/__/__/Drivers/STM32G0xx_HAL_Driver/Src/stm32g0xx_hal_i2c.c.obj
                0x08002638                HAL_I2C_Init
 .text.HAL_I2C_Mem_Write
                0x080026f4      0x1b4 cmake/stm32cubemx/CMakeFiles/STM32_Drivers.dir/__/__/Drivers/STM32G0xx_HAL_Driver/Src/stm32g0xx_hal_i2c.c.obj
                0x080026f4                HAL_I2C_Mem_Write
 .text.HAL_I2CEx_ConfigAnalogFilter
                0x080028a8       0x4c cmake/stm32cubemx/CMakeFiles/STM32_Drivers.dir/__/__/Drivers/STM32G0xx_HAL_Driver/Src/stm32g0xx_hal_i2c_ex.c.obj
                0x080028a8                HAL_I2CEx_ConfigAnalogFilter
 .text.HAL_I2CEx_ConfigDigitalFilter
                0x080028f4       0x48 cmake/stm32cubemx/CMakeFiles/STM32_Drivers.dir/__/__/Drivers/STM32G0xx_HAL_Driver/Src/stm32g0xx_hal_i2c_ex.c.obj
                0x080028f4                HAL_I2CEx_ConfigDigitalFilter
 .text.HAL_RCC_OscConfig
                0x0800293c      0x438 cmake/stm32cubemx/CMakeFiles/STM32_Drivers.dir/__/__/Drivers/STM32G0xx_HAL_Driver/Src/stm32g0xx_hal_rcc.c.obj
                0x0800293c                HAL_RCC_OscConfig
 .text.HAL_RCC_GetSysClockFreq
                0x08002d74       0x88 cmake/stm32cubemx/CMakeFiles/STM32_Drivers.dir/__/__/Drivers/STM32G0xx_HAL_Driver/Src/stm32g0xx_hal_rcc.c.obj
                0x08002d74                HAL_RCC_GetSysClockFreq
 .text.HAL_RCC_ClockConfig
                0x08002dfc      0x154 cmake/stm32cubemx/CMakeFiles/STM32_Drivers.dir/__/__/Drivers/STM32G0xx_HAL_Driver/Src/stm32g0xx_hal_rcc.c.obj
                0x08002dfc                HAL_RCC_ClockConfig
 .text.HAL_RCCEx_PeriphCLKConfig
                0x08002f50      0x154 cmake/stm32cubemx/CMakeFiles/STM32_Drivers.dir/__/__/Drivers/STM32G0xx_HAL_Driver/Src/stm32g0xx_hal_rcc_ex.c.obj
                0x08002f50                HAL_RCCEx_PeriphCLKConfig
 .text.HAL_FLASH_Unlock
                0x080030a4       0x24 cmake/stm32cubemx/CMakeFiles/STM32_Drivers.dir/__/__/Drivers/STM32G0xx_HAL_Driver/Src/stm32g0xx_hal_flash.c.obj
                0x080030a4                HAL_FLASH_Unlock
 .text.FLASH_WaitForLastOperation
                0x080030c8       0x70 cmake/stm32cubemx/CMakeFiles/STM32_Drivers.dir/__/__/Drivers/STM32G0xx_HAL_Driver/Src/stm32g0xx_hal_flash.c.obj
                0x080030c8                FLASH_WaitForLastOperation
 .text.HAL_FLASH_Program
                0x08003138       0x68 cmake/stm32cubemx/CMakeFiles/STM32_Drivers.dir/__/__/Drivers/STM32G0xx_HAL_Driver/Src/stm32g0xx_hal_flash.c.obj
                0x08003138                HAL_FLASH_Program
 .text.HAL_FLASH_Lock
                0x080031a0       0x24 cmake/stm32cubemx/CMakeFiles/STM32_Drivers.dir/__/__/Drivers/STM32G0xx_HAL_Driver/Src/stm32g0xx_hal_flash.c.obj
                0x080031a0                HAL_FLASH_Lock
 .text.FLASH_PageErase
                0x080031c4       0x20 cmake/stm32cubemx/CMakeFiles/STM32_Drivers.dir/__/__/Drivers/STM32G0xx_HAL_Driver/Src/stm32g0xx_hal_flash_ex.c.obj
                0x080031c4                FLASH_PageErase
 .text.HAL_FLASHEx_Erase
                0x080031e4       0x94 cmake/stm32cubemx/CMakeFiles/STM32_Drivers.dir/__/__/Drivers/STM32G0xx_HAL_Driver/Src/stm32g0xx_hal_flash_ex.c.obj
                0x080031e4                HAL_FLASHEx_Erase
 .text.HAL_GPIO_Init
                0x08003278      0x164 cmake/stm32cubemx/CMakeFiles/STM32_Drivers.dir/__/__/Drivers/STM32G0xx_HAL_Driver/Src/stm32g0xx_hal_gpio.c.obj
                0x08003278                HAL_GPIO_Init
 .text.HAL_GPIO_ReadPin
                0x080033dc        0xc cmake/stm32cubemx/CMakeFiles/STM32_Drivers.dir/__/__/Drivers/STM32G0xx_HAL_Driver/Src/stm32g0xx_hal_gpio.c.obj
                0x080033dc                HAL_GPIO_ReadPin
 .text.HAL_GPIO_WritePin
                0x080033e8        0xc cmake/stm32cubemx/CMakeFiles/STM32_Drivers.dir/__/__/Drivers/STM32G0xx_HAL_Driver/Src/stm32g0xx_hal_gpio.c.obj
                0x080033e8                HAL_GPIO_WritePin
 .text.HAL_PWREx_ControlVoltageScaling
                0x080033f4       0x58 cmake/stm32cubemx/CMakeFiles/STM32_Drivers.dir/__/__/Drivers/STM32G0xx_HAL_Driver/Src/stm32g0xx_hal_pwr_ex.c.obj
                0x080033f4                HAL_PWREx_ControlVoltageScaling
 .text.HAL_NVIC_SetPriority
                0x0800344c       0x54 cmake/stm32cubemx/CMakeFiles/STM32_Drivers.dir/__/__/Drivers/STM32G0xx_HAL_Driver/Src/stm32g0xx_hal_cortex.c.obj
                0x0800344c                HAL_NVIC_SetPriority
 .text.HAL_NVIC_EnableIRQ
                0x080034a0       0x18 cmake/stm32cubemx/CMakeFiles/STM32_Drivers.dir/__/__/Drivers/STM32G0xx_HAL_Driver/Src/stm32g0xx_hal_cortex.c.obj
                0x080034a0                HAL_NVIC_EnableIRQ
 .text.HAL_SYSTICK_Config
                0x080034b8       0x34 cmake/stm32cubemx/CMakeFiles/STM32_Drivers.dir/__/__/Drivers/STM32G0xx_HAL_Driver/Src/stm32g0xx_hal_cortex.c.obj
                0x080034b8                HAL_SYSTICK_Config
 .text.HAL_InitTick
                0x080034ec       0x50 cmake/stm32cubemx/CMakeFiles/STM32_Drivers.dir/__/__/Drivers/STM32G0xx_HAL_Driver/Src/stm32g0xx_hal.c.obj
                0x080034ec                HAL_InitTick
 .text.HAL_Init
                0x0800353c       0x28 cmake/stm32cubemx/CMakeFiles/STM32_Drivers.dir/__/__/Drivers/STM32G0xx_HAL_Driver/Src/stm32g0xx_hal.c.obj
                0x0800353c                HAL_Init
 .text.HAL_IncTick
                0x08003564       0x18 cmake/stm32cubemx/CMakeFiles/STM32_Drivers.dir/__/__/Drivers/STM32G0xx_HAL_Driver/Src/stm32g0xx_hal.c.obj
                0x08003564                HAL_IncTick
 .text.HAL_GetTick
                0x0800357c        0xc cmake/stm32cubemx/CMakeFiles/STM32_Drivers.dir/__/__/Drivers/STM32G0xx_HAL_Driver/Src/stm32g0xx_hal.c.obj
                0x0800357c                HAL_GetTick
 .text.HAL_Delay
                0x08003588       0x24 cmake/stm32cubemx/CMakeFiles/STM32_Drivers.dir/__/__/Drivers/STM32G0xx_HAL_Driver/Src/stm32g0xx_hal.c.obj
                0x08003588                HAL_Delay
 .text.HAL_TIM_Base_Start_IT
                0x080035ac       0x58 cmake/stm32cubemx/CMakeFiles/STM32_Drivers.dir/__/__/Drivers/STM32G0xx_HAL_Driver/Src/stm32g0xx_hal_tim.c.obj
                0x080035ac                HAL_TIM_Base_Start_IT
 .text.HAL_TIM_OC_DelayElapsedCallback
                0x08003604        0x2 cmake/stm32cubemx/CMakeFiles/STM32_Drivers.dir/__/__/Drivers/STM32G0xx_HAL_Driver/Src/stm32g0xx_hal_tim.c.obj
                0x08003604                HAL_TIM_OC_DelayElapsedCallback
 .text.HAL_TIM_IC_CaptureCallback
                0x08003606        0x2 cmake/stm32cubemx/CMakeFiles/STM32_Drivers.dir/__/__/Drivers/STM32G0xx_HAL_Driver/Src/stm32g0xx_hal_tim.c.obj
                0x08003606                HAL_TIM_IC_CaptureCallback
 .text.HAL_TIM_PWM_PulseFinishedCallback
                0x08003608        0x2 cmake/stm32cubemx/CMakeFiles/STM32_Drivers.dir/__/__/Drivers/STM32G0xx_HAL_Driver/Src/stm32g0xx_hal_tim.c.obj
                0x08003608                HAL_TIM_PWM_PulseFinishedCallback
 .text.HAL_TIM_TriggerCallback
                0x0800360a        0x2 cmake/stm32cubemx/CMakeFiles/STM32_Drivers.dir/__/__/Drivers/STM32G0xx_HAL_Driver/Src/stm32g0xx_hal_tim.c.obj
                0x0800360a                HAL_TIM_TriggerCallback
 .text.HAL_TIM_IRQHandler
                0x0800360c      0x158 cmake/stm32cubemx/CMakeFiles/STM32_Drivers.dir/__/__/Drivers/STM32G0xx_HAL_Driver/Src/stm32g0xx_hal_tim.c.obj
                0x0800360c                HAL_TIM_IRQHandler
 .text.TIM_Base_SetConfig
                0x08003764       0x88 cmake/stm32cubemx/CMakeFiles/STM32_Drivers.dir/__/__/Drivers/STM32G0xx_HAL_Driver/Src/stm32g0xx_hal_tim.c.obj
                0x08003764                TIM_Base_SetConfig
 .text.HAL_TIM_Base_Init
                0x080037ec       0x54 cmake/stm32cubemx/CMakeFiles/STM32_Drivers.dir/__/__/Drivers/STM32G0xx_HAL_Driver/Src/stm32g0xx_hal_tim.c.obj
                0x080037ec                HAL_TIM_Base_Init
 .text.HAL_TIMEx_CommutCallback
                0x08003840        0x2 cmake/stm32cubemx/CMakeFiles/STM32_Drivers.dir/__/__/Drivers/STM32G0xx_HAL_Driver/Src/stm32g0xx_hal_tim_ex.c.obj
                0x08003840                HAL_TIMEx_CommutCallback
 .text.HAL_TIMEx_BreakCallback
                0x08003842        0x2 cmake/stm32cubemx/CMakeFiles/STM32_Drivers.dir/__/__/Drivers/STM32G0xx_HAL_Driver/Src/stm32g0xx_hal_tim_ex.c.obj
                0x08003842                HAL_TIMEx_BreakCallback
 .text.HAL_TIMEx_Break2Callback
                0x08003844        0x2 cmake/stm32cubemx/CMakeFiles/STM32_Drivers.dir/__/__/Drivers/STM32G0xx_HAL_Driver/Src/stm32g0xx_hal_tim_ex.c.obj
                0x08003844                HAL_TIMEx_Break2Callback
 *(.glue_7)
 .glue_7        0x08003846        0x0 linker stubs
 *(.glue_7t)
 .glue_7t       0x08003846        0x0 linker stubs
 *(.eh_frame)
 *fill*         0x08003846        0x2 
 .eh_frame      0x08003848        0x0 /usr/lib/gcc/arm-none-eabi/13.2.1/thumb/v6-m/nofp/crtbegin.o
 *(.init)
 .init          0x08003848        0x4 /usr/lib/gcc/arm-none-eabi/13.2.1/thumb/v6-m/nofp/crti.o
                0x08003848                _init
 .init          0x0800384c        0x8 /usr/lib/gcc/arm-none-eabi/13.2.1/thumb/v6-m/nofp/crtn.o
 *(.fini)
 .fini          0x08003854        0x4 /usr/lib/gcc/arm-none-eabi/13.2.1/thumb/v6-m/nofp/crti.o
                0x08003854                _fini
 .fini          0x08003858        0x8 /usr/lib/gcc/arm-none-eabi/13.2.1/thumb/v6-m/nofp/crtn.o
 .fini.__stub   0x08003860       0x10 linker stubs
                0x08003870                        . = ALIGN (0x4)
                0x08003870                        _etext = .

.vfp11_veneer   0x08003870        0x0
 .vfp11_veneer  0x08003870        0x0 linker stubs

.v4_bx          0x08003870        0x0
 .v4_bx         0x08003870        0x0 linker stubs

.iplt           0x08003870        0x0
 .iplt          0x08003870        0x0 /usr/lib/gcc/arm-none-eabi/13.2.1/thumb/v6-m/nofp/crtbegin.o

.rodata         0x08003870     0x46d8
                0x08003870                        . = ALIGN (0x4)
 *(.rodata)
 .rodata        0x08003870       0x84 /usr/lib/gcc/arm-none-eabi/13.2.1/../../../arm-none-eabi/lib/thumb/v6-m/nofp/libg_nano.a(libc_a-nano-vfprintf_i.o)
 *(.rodata*)
 .rodata.ComicSans_11x12
                0x080038f4        0xc CMakeFiles/Bongo-cat-fidget-toy-cmake.dir/Core/Src/ssd1306_fonts.c.obj
                0x080038f4                ComicSans_11x12
 .rodata.char_width_comic_sans_11x12
                0x08003900       0x5f CMakeFiles/Bongo-cat-fidget-toy-cmake.dir/Core/Src/ssd1306_fonts.c.obj
 *fill*         0x0800395f        0x1 
 .rodata.ComicSans11x12
                0x08003960      0x8e8 CMakeFiles/Bongo-cat-fidget-toy-cmake.dir/Core/Src/ssd1306_fonts.c.obj
 .rodata.img_right_down_alt_angry
                0x08004248      0x400 CMakeFiles/Bongo-cat-fidget-toy-cmake.dir/Core/Src/animation.c.obj
                0x08004248                img_right_down_alt_angry
 .rodata.img_left_down_alt_angry
                0x08004648      0x400 CMakeFiles/Bongo-cat-fidget-toy-cmake.dir/Core/Src/animation.c.obj
                0x08004648                img_left_down_alt_angry
 .rodata.img_both_up_angry
                0x08004a48      0x400 CMakeFiles/Bongo-cat-fidget-toy-cmake.dir/Core/Src/animation.c.obj
                0x08004a48                img_both_up_angry
 .rodata.img_both_down_alt_angry
                0x08004e48      0x400 CMakeFiles/Bongo-cat-fidget-toy-cmake.dir/Core/Src/animation.c.obj
                0x08004e48                img_both_down_alt_angry
 .rodata.img_tap_right
                0x08005248      0x400 CMakeFiles/Bongo-cat-fidget-toy-cmake.dir/Core/Src/animation.c.obj
                0x08005248                img_tap_right
 .rodata.img_tap_left
                0x08005648      0x400 CMakeFiles/Bongo-cat-fidget-toy-cmake.dir/Core/Src/animation.c.obj
                0x08005648                img_tap_left
 .rodata.img_right_down_alt
                0x08005a48      0x400 CMakeFiles/Bongo-cat-fidget-toy-cmake.dir/Core/Src/animation.c.obj
                0x08005a48                img_right_down_alt
 .rodata.img_left_down_alt
                0x08005e48      0x400 CMakeFiles/Bongo-cat-fidget-toy-cmake.dir/Core/Src/animation.c.obj
                0x08005e48                img_left_down_alt
 .rodata.img_both_down_alt
                0x08006248      0x400 CMakeFiles/Bongo-cat-fidget-toy-cmake.dir/Core/Src/animation.c.obj
                0x08006248                img_both_down_alt
 .rodata.img_idle5
                0x08006648      0x400 CMakeFiles/Bongo-cat-fidget-toy-cmake.dir/Core/Src/animation.c.obj
                0x08006648                img_idle5
 .rodata.img_idle4
                0x08006a48      0x400 CMakeFiles/Bongo-cat-fidget-toy-cmake.dir/Core/Src/animation.c.obj
                0x08006a48                img_idle4
 .rodata.img_idle3
                0x08006e48      0x400 CMakeFiles/Bongo-cat-fidget-toy-cmake.dir/Core/Src/animation.c.obj
                0x08006e48                img_idle3
 .rodata.img_idle2
                0x08007248      0x400 CMakeFiles/Bongo-cat-fidget-toy-cmake.dir/Core/Src/animation.c.obj
                0x08007248                img_idle2
 .rodata.img_idle1
                0x08007648      0x400 CMakeFiles/Bongo-cat-fidget-toy-cmake.dir/Core/Src/animation.c.obj
                0x08007648                img_idle1
 .rodata.img_both_up
                0x08007a48      0x400 CMakeFiles/Bongo-cat-fidget-toy-cmake.dir/Core/Src/animation.c.obj
                0x08007a48                img_both_up
 .rodata.display_tap_count_overlay.str1.1
                0x08007e48       0x82 CMakeFiles/Bongo-cat-fidget-toy-cmake.dir/Core/Src/ui.c.obj
                                 0x11 (size before relaxing)
 .rodata.display_saved_indicator.str1.1
                0x08007eca        0x7 CMakeFiles/Bongo-cat-fidget-toy-cmake.dir/Core/Src/ui.c.obj
 .rodata.handle_reset.str1.1
                0x08007eca       0x36 CMakeFiles/Bongo-cat-fidget-toy-cmake.dir/Core/Src/ui.c.obj
 .rodata.handle_credits.str1.1
                0x08007eca       0x39 CMakeFiles/Bongo-cat-fidget-toy-cmake.dir/Core/Src/ui.c.obj
 *fill*         0x08007eca        0x2 
 .rodata.AHBPrescTable
                0x08007ecc       0x40 cmake/stm32cubemx/CMakeFiles/STM32_Drivers.dir/__/__/Core/Src/system_stm32g0xx.c.obj
                0x08007ecc                AHBPrescTable
 .rodata.str1.4
                0x08007f0c       0x39 /usr/lib/gcc/arm-none-eabi/13.2.1/../../../arm-none-eabi/lib/thumb/v6-m/nofp/libg_nano.a(libc_a-nano-svfprintf.o)
                                 0x13 (size before relaxing)
 .rodata.str1.4
                0x08007f45       0x25 /usr/lib/gcc/arm-none-eabi/13.2.1/../../../arm-none-eabi/lib/thumb/v6-m/nofp/libg_nano.a(libc_a-nano-vfprintf_i.o)
                0x08007f6c                        . = ALIGN (0x4)
 *fill*         0x08007f45        0x3 

.ARM.extab      0x08007f48        0x0
                0x08007f48                        . = ALIGN (0x4)
 *(.ARM.extab* .gnu.linkonce.armextab.*)
                0x08007f48                        . = ALIGN (0x4)

.ARM            0x08007f48        0x0
                0x08007f48                        . = ALIGN (0x4)
                0x08007f48                        __exidx_start = .
 *(.ARM.exidx*)
                0x08007f48                        __exidx_end = .
                0x08007f48                        . = ALIGN (0x4)

.preinit_array  0x08007f48        0x0
                0x08007f48                        . = ALIGN (0x4)
                0x08007f48                        PROVIDE (__preinit_array_start = .)
 *(.preinit_array*)
                0x08007f48                        PROVIDE (__preinit_array_end = .)
                0x08007f48                        . = ALIGN (0x4)

.init_array     0x08007f48        0x4
                0x08007f48                        . = ALIGN (0x4)
                0x08007f48                        PROVIDE (__init_array_start = .)
 *(SORT_BY_NAME(.init_array.*))
 *(.init_array*)
 .init_array    0x08007f48        0x4 /usr/lib/gcc/arm-none-eabi/13.2.1/thumb/v6-m/nofp/crtbegin.o
                0x08007f4c                        PROVIDE (__init_array_end = .)
                0x08007f4c                        . = ALIGN (0x4)

.fini_array     0x08007f4c        0x4
                0x08007f4c                        . = ALIGN (0x4)
                0x08007f4c                        PROVIDE (__fini_array_start = .)
 *(SORT_BY_NAME(.fini_array.*))
 *(.fini_array*)
 .fini_array    0x08007f4c        0x4 /usr/lib/gcc/arm-none-eabi/13.2.1/thumb/v6-m/nofp/crtbegin.o
                0x08007f50                        PROVIDE (__fini_array_end = .)
                0x08007f50                        . = ALIGN (0x4)
                0x08007f50                        _sidata = LOADADDR (.data)

.rel.dyn        0x08007f50        0x0
 .rel.iplt      0x08007f50        0x0 /usr/lib/gcc/arm-none-eabi/13.2.1/thumb/v6-m/nofp/crtbegin.o

.data           0x20000000       0xa8 load address 0x08007f50
                0x20000000                        . = ALIGN (0x4)
                0x20000000                        _sdata = .
 *(.data)
 .data          0x20000000       0x50 /usr/lib/gcc/arm-none-eabi/13.2.1/../../../arm-none-eabi/lib/thumb/v6-m/nofp/libg_nano.a(libc_a-impure.o)
                0x20000000                _impure_ptr
                0x20000004                _impure_data
 *(.data*)
 .data.ani_idle
                0x20000050       0x14 CMakeFiles/Bongo-cat-fidget-toy-cmake.dir/Core/Src/animation.c.obj
                0x20000050                ani_idle
 .data.SystemCoreClock
                0x20000064        0x4 cmake/stm32cubemx/CMakeFiles/STM32_Drivers.dir/__/__/Core/Src/system_stm32g0xx.c.obj
                0x20000064                SystemCoreClock
 .data.uwTickFreq
                0x20000068        0x1 cmake/stm32cubemx/CMakeFiles/STM32_Drivers.dir/__/__/Drivers/STM32G0xx_HAL_Driver/Src/stm32g0xx_hal.c.obj
                0x20000068                uwTickFreq
 *fill*         0x20000069        0x3 
 .data.uwTickPrio
                0x2000006c        0x4 cmake/stm32cubemx/CMakeFiles/STM32_Drivers.dir/__/__/Drivers/STM32G0xx_HAL_Driver/Src/stm32g0xx_hal.c.obj
                0x2000006c                uwTickPrio
 *(.RamFunc)
 .RamFunc       0x20000070       0x38 cmake/stm32cubemx/CMakeFiles/STM32_Drivers.dir/__/__/Drivers/STM32G0xx_HAL_Driver/Src/stm32g0xx_hal_flash.c.obj
 *(.RamFunc*)
                0x200000a8                        . = ALIGN (0x4)

.tm_clone_table
                0x200000a8        0x0 load address 0x08007ff8
 .tm_clone_table
                0x200000a8        0x0 /usr/lib/gcc/arm-none-eabi/13.2.1/thumb/v6-m/nofp/crtbegin.o
 .tm_clone_table
                0x200000a8        0x0 /usr/lib/gcc/arm-none-eabi/13.2.1/thumb/v6-m/nofp/crtend.o

.igot.plt       0x200000a8        0x0 load address 0x08007ff8
 .igot.plt      0x200000a8        0x0 /usr/lib/gcc/arm-none-eabi/13.2.1/thumb/v6-m/nofp/crtbegin.o

.tdata          0x200000a8        0x0 load address 0x08007ff8
 *(.tdata .tdata.* .gnu.linkonce.td.*)
                0x200000a8                        . = ALIGN (0x4)
                0x200000a8                        _edata = .
                [!provide]                        PROVIDE (__data_end = .)
                [!provide]                        PROVIDE (__tdata_end = .)
                [!provide]                        PROVIDE (__tdata_start = ADDR (.tdata))
                [!provide]                        PROVIDE (__tdata_size = (__tdata_end - __tdata_start))
                [!provide]                        PROVIDE (__data_start = ADDR (.data))
                [!provide]                        PROVIDE (__data_size = (__data_end - __data_start))
                [!provide]                        PROVIDE (__tdata_source = LOADADDR (.tdata))
                [!provide]                        PROVIDE (__tdata_source_end = (LOADADDR (.tdata) + SIZEOF (.tdata)))
                [!provide]                        PROVIDE (__tdata_source_size = (__tdata_source_end - __tdata_source))
                [!provide]                        PROVIDE (__data_source = LOADADDR (.data))
                [!provide]                        PROVIDE (__data_source_end = __tdata_source_end)
                [!provide]                        PROVIDE (__data_source_size = (__data_source_end - __data_source))

.tbss           0x200000a8        0x0 load address 0x08007ff8
                0x200000a8                        _sbss = .
                0x200000a8                        __bss_start__ = _sbss
 *(.tbss .tbss.*)
                0x200000a8                        . = ALIGN (0x4)
                [!provide]                        PROVIDE (__tbss_end = .)
                [!provide]                        PROVIDE (__tbss_start = ADDR (.tbss))
                [!provide]                        PROVIDE (__tbss_size = (__tbss_end - __tbss_start))
                [!provide]                        PROVIDE (__tbss_offset = (ADDR (.tbss) - ADDR (.tdata)))
                [!provide]                        PROVIDE (__tls_base = __tdata_start)
                [!provide]                        PROVIDE (__tls_end = __tbss_end)
                [!provide]                        PROVIDE (__tls_size = (__tls_end - __tls_base))
                [!provide]                        PROVIDE (__tls_align = MAX (ALIGNOF (.tdata), ALIGNOF (.tbss)))
                [!provide]                        PROVIDE (__tls_size_align = (((__tls_size + __tls_align) - 0x1) & ~ ((__tls_align - 0x1))))
                [!provide]                        PROVIDE (__arm32_tls_tcb_offset = MAX (0x8, __tls_align))
                [!provide]                        PROVIDE (__arm64_tls_tcb_offset = MAX (0x10, __tls_align))

.bss            0x200000a8      0x6d0 load address 0x08007ff8
 *(.bss)
 .bss           0x200000a8       0x1c /usr/lib/gcc/arm-none-eabi/13.2.1/thumb/v6-m/nofp/crtbegin.o
 .bss           0x200000c4        0x8 /usr/lib/gcc/arm-none-eabi/13.2.1/../../../arm-none-eabi/lib/thumb/v6-m/nofp/libg_nano.a(libc_a-mallocr.o)
                0x200000c4                __malloc_sbrk_start
                0x200000c8                __malloc_free_list
 .bss           0x200000cc      0x13c /usr/lib/gcc/arm-none-eabi/13.2.1/../../../arm-none-eabi/lib/thumb/v6-m/nofp/libg_nano.a(libc_a-findfp.o)
                0x200000cc                __stdio_exit_handler
                0x200000d0                __sf
 .bss           0x20000208        0x4 /usr/lib/gcc/arm-none-eabi/13.2.1/../../../arm-none-eabi/lib/thumb/v6-m/nofp/libg_nano.a(libc_a-reent.o)
                0x20000208                errno
 *(.bss*)
 .bss.htim14    0x2000020c       0x4c CMakeFiles/Bongo-cat-fidget-toy-cmake.dir/Core/Src/main.c.obj
                0x2000020c                htim14
 .bss.hi2c1     0x20000258       0x54 CMakeFiles/Bongo-cat-fidget-toy-cmake.dir/Core/Src/main.c.obj
                0x20000258                hi2c1
 .bss.__sbrk_heap_end
                0x200002ac        0x4 CMakeFiles/Bongo-cat-fidget-toy-cmake.dir/Core/Src/sysmem.c.obj
 .bss.SSD1306   0x200002b0        0x6 CMakeFiles/Bongo-cat-fidget-toy-cmake.dir/Core/Src/ssd1306.c.obj
 .bss.SSD1306_Buffer
                0x200002b6      0x410 CMakeFiles/Bongo-cat-fidget-toy-cmake.dir/Core/Src/ssd1306.c.obj
 *fill*         0x200006c6        0x2 
 .bss.sw_state_right
                0x200006c8        0x4 CMakeFiles/Bongo-cat-fidget-toy-cmake.dir/Core/Src/buttons.c.obj
                0x200006c8                sw_state_right
 .bss.sw_state_left
                0x200006cc        0x4 CMakeFiles/Bongo-cat-fidget-toy-cmake.dir/Core/Src/buttons.c.obj
                0x200006cc                sw_state_left
 .bss.last_save_time
                0x200006d0        0x4 CMakeFiles/Bongo-cat-fidget-toy-cmake.dir/Core/Src/settings.c.obj
                0x200006d0                last_save_time
 .bss.saved_indicator_timer
                0x200006d4        0x4 CMakeFiles/Bongo-cat-fidget-toy-cmake.dir/Core/Src/settings.c.obj
                0x200006d4                saved_indicator_timer
 .bss.show_saved_indicator
                0x200006d8        0x1 CMakeFiles/Bongo-cat-fidget-toy-cmake.dir/Core/Src/settings.c.obj
                0x200006d8                show_saved_indicator
 .bss.data_changed
                0x200006d9        0x1 CMakeFiles/Bongo-cat-fidget-toy-cmake.dir/Core/Src/settings.c.obj
                0x200006d9                data_changed
 *fill*         0x200006da        0x2 
 .bss.settings  0x200006dc       0x14 CMakeFiles/Bongo-cat-fidget-toy-cmake.dir/Core/Src/settings.c.obj
                0x200006dc                settings
 .bss.last_speed_update.0
                0x200006f0        0x4 CMakeFiles/Bongo-cat-fidget-toy-cmake.dir/Core/Src/tap_tracker.c.obj
 .bss.angry_active.1
                0x200006f4        0x1 CMakeFiles/Bongo-cat-fidget-toy-cmake.dir/Core/Src/tap_tracker.c.obj
 *fill*         0x200006f5        0x1 
 .bss.current_tap_speed_x10
                0x200006f6        0x2 CMakeFiles/Bongo-cat-fidget-toy-cmake.dir/Core/Src/tap_tracker.c.obj
                0x200006f6                current_tap_speed_x10
 .bss.angry_mode_timer
                0x200006f8        0x4 CMakeFiles/Bongo-cat-fidget-toy-cmake.dir/Core/Src/tap_tracker.c.obj
 .bss.tap_history_index
                0x200006fc        0x1 CMakeFiles/Bongo-cat-fidget-toy-cmake.dir/Core/Src/tap_tracker.c.obj
 *fill*         0x200006fd        0x3 
 .bss.tap_timestamps
                0x20000700       0x50 CMakeFiles/Bongo-cat-fidget-toy-cmake.dir/Core/Src/tap_tracker.c.obj
 .bss.current_frame
                0x20000750        0x4 CMakeFiles/Bongo-cat-fidget-toy-cmake.dir/Core/Src/animation.c.obj
                0x20000750                current_frame
 .bss.both_pressed_timer
                0x20000754        0x4 CMakeFiles/Bongo-cat-fidget-toy-cmake.dir/Core/Src/ui.c.obj
 .bss.pFlash    0x20000758       0x1c cmake/stm32cubemx/CMakeFiles/STM32_Drivers.dir/__/__/Drivers/STM32G0xx_HAL_Driver/Src/stm32g0xx_hal_flash.c.obj
                0x20000758                pFlash
 .bss.uwTick    0x20000774        0x4 cmake/stm32cubemx/CMakeFiles/STM32_Drivers.dir/__/__/Drivers/STM32G0xx_HAL_Driver/Src/stm32g0xx_hal.c.obj
                0x20000774                uwTick
 *(COMMON)
                0x20000778                        . = ALIGN (0x4)
                0x20000778                        _ebss = .
                0x20000778                        __bss_end__ = _ebss
                [!provide]                        PROVIDE (__bss_end = .)
                [!provide]                        PROVIDE (__non_tls_bss_start = ADDR (.bss))
                [!provide]                        PROVIDE (__bss_start = __tbss_start)
                [!provide]                        PROVIDE (__bss_size = (__bss_end - __bss_start))

._user_heap_stack
                0x20000778      0x600 load address 0x08007ff8
                0x20000778                        . = ALIGN (0x8)
                [!provide]                        PROVIDE (end = .)
                0x20000778                        PROVIDE (_end = .)
                0x20000978                        . = (. + _Min_Heap_Size)
 *fill*         0x20000778      0x200 
                0x20000d78                        . = (. + _Min_Stack_Size)
 *fill*         0x20000978      0x400 
                0x20000d78                        . = ALIGN (0x8)

/DISCARD/
 libc.a:*(*)
 libm.a:*(*)
 libgcc.a:*(*)
OUTPUT(Bongo-cat-fidget-toy-cmake.elf elf32-littlearm)
LOAD linker stubs

.ARM.attributes
                0x00000000       0x28
 .ARM.attributes
                0x00000000       0x1e /usr/lib/gcc/arm-none-eabi/13.2.1/thumb/v6-m/nofp/crti.o
 .ARM.attributes
                0x0000001e       0x2c /usr/lib/gcc/arm-none-eabi/13.2.1/thumb/v6-m/nofp/crtbegin.o
 .ARM.attributes
                0x0000004a       0x2c CMakeFiles/Bongo-cat-fidget-toy-cmake.dir/Core/Src/main.c.obj
 .ARM.attributes
                0x00000076       0x2c CMakeFiles/Bongo-cat-fidget-toy-cmake.dir/Core/Src/stm32g0xx_it.c.obj
 .ARM.attributes
                0x000000a2       0x2c CMakeFiles/Bongo-cat-fidget-toy-cmake.dir/Core/Src/stm32g0xx_hal_msp.c.obj
 .ARM.attributes
                0x000000ce       0x2c CMakeFiles/Bongo-cat-fidget-toy-cmake.dir/Core/Src/sysmem.c.obj
 .ARM.attributes
                0x000000fa       0x22 CMakeFiles/Bongo-cat-fidget-toy-cmake.dir/startup_stm32g030xx.s.obj
 .ARM.attributes
                0x0000011c       0x2c CMakeFiles/Bongo-cat-fidget-toy-cmake.dir/Core/Src/ssd1306.c.obj
 .ARM.attributes
                0x00000148       0x2c CMakeFiles/Bongo-cat-fidget-toy-cmake.dir/Core/Src/ssd1306_fonts.c.obj
 .ARM.attributes
                0x00000174       0x2c CMakeFiles/Bongo-cat-fidget-toy-cmake.dir/Core/Src/buttons.c.obj
 .ARM.attributes
                0x000001a0       0x2c CMakeFiles/Bongo-cat-fidget-toy-cmake.dir/Core/Src/settings.c.obj
 .ARM.attributes
                0x000001cc       0x2c CMakeFiles/Bongo-cat-fidget-toy-cmake.dir/Core/Src/tap_tracker.c.obj
 .ARM.attributes
                0x000001f8       0x2c CMakeFiles/Bongo-cat-fidget-toy-cmake.dir/Core/Src/animation.c.obj
 .ARM.attributes
                0x00000224       0x2c CMakeFiles/Bongo-cat-fidget-toy-cmake.dir/Core/Src/ui.c.obj
 .ARM.attributes
                0x00000250       0x2c cmake/stm32cubemx/CMakeFiles/STM32_Drivers.dir/__/__/Core/Src/system_stm32g0xx.c.obj
 .ARM.attributes
                0x0000027c       0x2c cmake/stm32cubemx/CMakeFiles/STM32_Drivers.dir/__/__/Drivers/STM32G0xx_HAL_Driver/Src/stm32g0xx_hal_i2c.c.obj
 .ARM.attributes
                0x000002a8       0x2c cmake/stm32cubemx/CMakeFiles/STM32_Drivers.dir/__/__/Drivers/STM32G0xx_HAL_Driver/Src/stm32g0xx_hal_i2c_ex.c.obj
 .ARM.attributes
                0x000002d4       0x2c cmake/stm32cubemx/CMakeFiles/STM32_Drivers.dir/__/__/Drivers/STM32G0xx_HAL_Driver/Src/stm32g0xx_hal_rcc.c.obj
 .ARM.attributes
                0x00000300       0x2c cmake/stm32cubemx/CMakeFiles/STM32_Drivers.dir/__/__/Drivers/STM32G0xx_HAL_Driver/Src/stm32g0xx_hal_rcc_ex.c.obj
 .ARM.attributes
                0x0000032c       0x2c cmake/stm32cubemx/CMakeFiles/STM32_Drivers.dir/__/__/Drivers/STM32G0xx_HAL_Driver/Src/stm32g0xx_hal_flash.c.obj
 .ARM.attributes
                0x00000358       0x2c cmake/stm32cubemx/CMakeFiles/STM32_Drivers.dir/__/__/Drivers/STM32G0xx_HAL_Driver/Src/stm32g0xx_hal_flash_ex.c.obj
 .ARM.attributes
                0x00000384       0x2c cmake/stm32cubemx/CMakeFiles/STM32_Drivers.dir/__/__/Drivers/STM32G0xx_HAL_Driver/Src/stm32g0xx_hal_gpio.c.obj
 .ARM.attributes
                0x000003b0       0x2c cmake/stm32cubemx/CMakeFiles/STM32_Drivers.dir/__/__/Drivers/STM32G0xx_HAL_Driver/Src/stm32g0xx_hal_pwr_ex.c.obj
 .ARM.attributes
                0x000003dc       0x2c cmake/stm32cubemx/CMakeFiles/STM32_Drivers.dir/__/__/Drivers/STM32G0xx_HAL_Driver/Src/stm32g0xx_hal_cortex.c.obj
 .ARM.attributes
                0x00000408       0x2c cmake/stm32cubemx/CMakeFiles/STM32_Drivers.dir/__/__/Drivers/STM32G0xx_HAL_Driver/Src/stm32g0xx_hal.c.obj
 .ARM.attributes
                0x00000434       0x2c cmake/stm32cubemx/CMakeFiles/STM32_Drivers.dir/__/__/Drivers/STM32G0xx_HAL_Driver/Src/stm32g0xx_hal_tim.c.obj
 .ARM.attributes
                0x00000460       0x2c cmake/stm32cubemx/CMakeFiles/STM32_Drivers.dir/__/__/Drivers/STM32G0xx_HAL_Driver/Src/stm32g0xx_hal_tim_ex.c.obj
 .ARM.attributes
                0x0000048c       0x1e /usr/lib/gcc/arm-none-eabi/13.2.1/thumb/v6-m/nofp/libgcc.a(_thumb1_case_uqi.o)
 .ARM.attributes
                0x000004aa       0x1e /usr/lib/gcc/arm-none-eabi/13.2.1/thumb/v6-m/nofp/libgcc.a(_udivsi3.o)
 .ARM.attributes
                0x000004c8       0x1e /usr/lib/gcc/arm-none-eabi/13.2.1/thumb/v6-m/nofp/libgcc.a(_divsi3.o)
 .ARM.attributes
                0x000004e6       0x1e /usr/lib/gcc/arm-none-eabi/13.2.1/thumb/v6-m/nofp/libgcc.a(_dvmd_tls.o)
 .ARM.attributes
                0x00000504       0x2c /usr/lib/gcc/arm-none-eabi/13.2.1/../../../arm-none-eabi/lib/thumb/v6-m/nofp/libg_nano.a(libc_a-sprintf.o)
 .ARM.attributes
                0x00000530       0x2c /usr/lib/gcc/arm-none-eabi/13.2.1/../../../arm-none-eabi/lib/thumb/v6-m/nofp/libg_nano.a(libc_a-impure.o)
 .ARM.attributes
                0x0000055c       0x2c /usr/lib/gcc/arm-none-eabi/13.2.1/../../../arm-none-eabi/lib/thumb/v6-m/nofp/libg_nano.a(libc_a-nano-svfprintf.o)
 .ARM.attributes
                0x00000588       0x2c /usr/lib/gcc/arm-none-eabi/13.2.1/../../../arm-none-eabi/lib/thumb/v6-m/nofp/libg_nano.a(libc_a-init.o)
 .ARM.attributes
                0x000005b4       0x2c /usr/lib/gcc/arm-none-eabi/13.2.1/../../../arm-none-eabi/lib/thumb/v6-m/nofp/libg_nano.a(libc_a-memset.o)
 .ARM.attributes
                0x000005e0       0x2c /usr/lib/gcc/arm-none-eabi/13.2.1/../../../arm-none-eabi/lib/thumb/v6-m/nofp/libg_nano.a(libc_a-errno.o)
 .ARM.attributes
                0x0000060c       0x2c /usr/lib/gcc/arm-none-eabi/13.2.1/../../../arm-none-eabi/lib/thumb/v6-m/nofp/libg_nano.a(libc_a-mallocr.o)
 .ARM.attributes
                0x00000638       0x2c /usr/lib/gcc/arm-none-eabi/13.2.1/../../../arm-none-eabi/lib/thumb/v6-m/nofp/libg_nano.a(libc_a-freer.o)
 .ARM.attributes
                0x00000664       0x2c /usr/lib/gcc/arm-none-eabi/13.2.1/../../../arm-none-eabi/lib/thumb/v6-m/nofp/libg_nano.a(libc_a-memmove.o)
 .ARM.attributes
                0x00000690       0x2c /usr/lib/gcc/arm-none-eabi/13.2.1/../../../arm-none-eabi/lib/thumb/v6-m/nofp/libg_nano.a(libc_a-reallocr.o)
 .ARM.attributes
                0x000006bc       0x2c /usr/lib/gcc/arm-none-eabi/13.2.1/../../../arm-none-eabi/lib/thumb/v6-m/nofp/libg_nano.a(libc_a-nano-vfprintf_i.o)
 .ARM.attributes
                0x000006e8       0x2c /usr/lib/gcc/arm-none-eabi/13.2.1/../../../arm-none-eabi/lib/thumb/v6-m/nofp/libg_nano.a(libc_a-mlock.o)
 .ARM.attributes
                0x00000714       0x2c /usr/lib/gcc/arm-none-eabi/13.2.1/../../../arm-none-eabi/lib/thumb/v6-m/nofp/libg_nano.a(libc_a-memchr-stub.o)
 .ARM.attributes
                0x00000740       0x2c /usr/lib/gcc/arm-none-eabi/13.2.1/../../../arm-none-eabi/lib/thumb/v6-m/nofp/libg_nano.a(libc_a-memcpy-stub.o)
 .ARM.attributes
                0x0000076c       0x2c /usr/lib/gcc/arm-none-eabi/13.2.1/../../../arm-none-eabi/lib/thumb/v6-m/nofp/libg_nano.a(libc_a-sbrkr.o)
 .ARM.attributes
                0x00000798       0x2c /usr/lib/gcc/arm-none-eabi/13.2.1/../../../arm-none-eabi/lib/thumb/v6-m/nofp/libg_nano.a(libc_a-msizer.o)
 .ARM.attributes
                0x000007c4       0x2c /usr/lib/gcc/arm-none-eabi/13.2.1/../../../arm-none-eabi/lib/thumb/v6-m/nofp/libg_nano.a(libc_a-findfp.o)
 .ARM.attributes
                0x000007f0       0x2c /usr/lib/gcc/arm-none-eabi/13.2.1/../../../arm-none-eabi/lib/thumb/v6-m/nofp/libg_nano.a(libc_a-reent.o)
 .ARM.attributes
                0x0000081c       0x2c /usr/lib/gcc/arm-none-eabi/13.2.1/thumb/v6-m/nofp/crtend.o
 .ARM.attributes
                0x00000848       0x1e /usr/lib/gcc/arm-none-eabi/13.2.1/thumb/v6-m/nofp/crtn.o

.comment        0x00000000       0x26
 .comment       0x00000000       0x26 /usr/lib/gcc/arm-none-eabi/13.2.1/thumb/v6-m/nofp/crtbegin.o
                                 0x27 (size before relaxing)
 .comment       0x00000026       0x27 CMakeFiles/Bongo-cat-fidget-toy-cmake.dir/Core/Src/main.c.obj
 .comment       0x00000026       0x27 CMakeFiles/Bongo-cat-fidget-toy-cmake.dir/Core/Src/stm32g0xx_it.c.obj
 .comment       0x00000026       0x27 CMakeFiles/Bongo-cat-fidget-toy-cmake.dir/Core/Src/stm32g0xx_hal_msp.c.obj
 .comment       0x00000026       0x27 CMakeFiles/Bongo-cat-fidget-toy-cmake.dir/Core/Src/sysmem.c.obj
 .comment       0x00000026       0x27 CMakeFiles/Bongo-cat-fidget-toy-cmake.dir/Core/Src/ssd1306.c.obj
 .comment       0x00000026       0x27 CMakeFiles/Bongo-cat-fidget-toy-cmake.dir/Core/Src/ssd1306_fonts.c.obj
 .comment       0x00000026       0x27 CMakeFiles/Bongo-cat-fidget-toy-cmake.dir/Core/Src/buttons.c.obj
 .comment       0x00000026       0x27 CMakeFiles/Bongo-cat-fidget-toy-cmake.dir/Core/Src/settings.c.obj
 .comment       0x00000026       0x27 CMakeFiles/Bongo-cat-fidget-toy-cmake.dir/Core/Src/tap_tracker.c.obj
 .comment       0x00000026       0x27 CMakeFiles/Bongo-cat-fidget-toy-cmake.dir/Core/Src/animation.c.obj
 .comment       0x00000026       0x27 CMakeFiles/Bongo-cat-fidget-toy-cmake.dir/Core/Src/ui.c.obj
 .comment       0x00000026       0x27 cmake/stm32cubemx/CMakeFiles/STM32_Drivers.dir/__/__/Core/Src/system_stm32g0xx.c.obj
 .comment       0x00000026       0x27 cmake/stm32cubemx/CMakeFiles/STM32_Drivers.dir/__/__/Drivers/STM32G0xx_HAL_Driver/Src/stm32g0xx_hal_i2c.c.obj
 .comment       0x00000026       0x27 cmake/stm32cubemx/CMakeFiles/STM32_Drivers.dir/__/__/Drivers/STM32G0xx_HAL_Driver/Src/stm32g0xx_hal_i2c_ex.c.obj
 .comment       0x00000026       0x27 cmake/stm32cubemx/CMakeFiles/STM32_Drivers.dir/__/__/Drivers/STM32G0xx_HAL_Driver/Src/stm32g0xx_hal_rcc.c.obj
 .comment       0x00000026       0x27 cmake/stm32cubemx/CMakeFiles/STM32_Drivers.dir/__/__/Drivers/STM32G0xx_HAL_Driver/Src/stm32g0xx_hal_rcc_ex.c.obj
 .comment       0x00000026       0x27 cmake/stm32cubemx/CMakeFiles/STM32_Drivers.dir/__/__/Drivers/STM32G0xx_HAL_Driver/Src/stm32g0xx_hal_flash.c.obj
 .comment       0x00000026       0x27 cmake/stm32cubemx/CMakeFiles/STM32_Drivers.dir/__/__/Drivers/STM32G0xx_HAL_Driver/Src/stm32g0xx_hal_flash_ex.c.obj
 .comment       0x00000026       0x27 cmake/stm32cubemx/CMakeFiles/STM32_Drivers.dir/__/__/Drivers/STM32G0xx_HAL_Driver/Src/stm32g0xx_hal_gpio.c.obj
 .comment       0x00000026       0x27 cmake/stm32cubemx/CMakeFiles/STM32_Drivers.dir/__/__/Drivers/STM32G0xx_HAL_Driver/Src/stm32g0xx_hal_pwr_ex.c.obj
 .comment       0x00000026       0x27 cmake/stm32cubemx/CMakeFiles/STM32_Drivers.dir/__/__/Drivers/STM32G0xx_HAL_Driver/Src/stm32g0xx_hal_cortex.c.obj
 .comment       0x00000026       0x27 cmake/stm32cubemx/CMakeFiles/STM32_Drivers.dir/__/__/Drivers/STM32G0xx_HAL_Driver/Src/stm32g0xx_hal.c.obj
 .comment       0x00000026       0x27 cmake/stm32cubemx/CMakeFiles/STM32_Drivers.dir/__/__/Drivers/STM32G0xx_HAL_Driver/Src/stm32g0xx_hal_tim.c.obj
 .comment       0x00000026       0x27 cmake/stm32cubemx/CMakeFiles/STM32_Drivers.dir/__/__/Drivers/STM32G0xx_HAL_Driver/Src/stm32g0xx_hal_tim_ex.c.obj
 .comment       0x00000026       0x27 /usr/lib/gcc/arm-none-eabi/13.2.1/../../../arm-none-eabi/lib/thumb/v6-m/nofp/libg_nano.a(libc_a-sprintf.o)
 .comment       0x00000026       0x27 /usr/lib/gcc/arm-none-eabi/13.2.1/../../../arm-none-eabi/lib/thumb/v6-m/nofp/libg_nano.a(libc_a-impure.o)
 .comment       0x00000026       0x27 /usr/lib/gcc/arm-none-eabi/13.2.1/../../../arm-none-eabi/lib/thumb/v6-m/nofp/libg_nano.a(libc_a-nano-svfprintf.o)
 .comment       0x00000026       0x27 /usr/lib/gcc/arm-none-eabi/13.2.1/../../../arm-none-eabi/lib/thumb/v6-m/nofp/libg_nano.a(libc_a-init.o)
 .comment       0x00000026       0x27 /usr/lib/gcc/arm-none-eabi/13.2.1/../../../arm-none-eabi/lib/thumb/v6-m/nofp/libg_nano.a(libc_a-memset.o)
 .comment       0x00000026       0x27 /usr/lib/gcc/arm-none-eabi/13.2.1/../../../arm-none-eabi/lib/thumb/v6-m/nofp/libg_nano.a(libc_a-errno.o)
 .comment       0x00000026       0x27 /usr/lib/gcc/arm-none-eabi/13.2.1/../../../arm-none-eabi/lib/thumb/v6-m/nofp/libg_nano.a(libc_a-mallocr.o)
 .comment       0x00000026       0x27 /usr/lib/gcc/arm-none-eabi/13.2.1/../../../arm-none-eabi/lib/thumb/v6-m/nofp/libg_nano.a(libc_a-freer.o)
 .comment       0x00000026       0x27 /usr/lib/gcc/arm-none-eabi/13.2.1/../../../arm-none-eabi/lib/thumb/v6-m/nofp/libg_nano.a(libc_a-memmove.o)
 .comment       0x00000026       0x27 /usr/lib/gcc/arm-none-eabi/13.2.1/../../../arm-none-eabi/lib/thumb/v6-m/nofp/libg_nano.a(libc_a-reallocr.o)
 .comment       0x00000026       0x27 /usr/lib/gcc/arm-none-eabi/13.2.1/../../../arm-none-eabi/lib/thumb/v6-m/nofp/libg_nano.a(libc_a-nano-vfprintf_i.o)
 .comment       0x00000026       0x27 /usr/lib/gcc/arm-none-eabi/13.2.1/../../../arm-none-eabi/lib/thumb/v6-m/nofp/libg_nano.a(libc_a-mlock.o)
 .comment       0x00000026       0x27 /usr/lib/gcc/arm-none-eabi/13.2.1/../../../arm-none-eabi/lib/thumb/v6-m/nofp/libg_nano.a(libc_a-memchr-stub.o)
 .comment       0x00000026       0x27 /usr/lib/gcc/arm-none-eabi/13.2.1/../../../arm-none-eabi/lib/thumb/v6-m/nofp/libg_nano.a(libc_a-memcpy-stub.o)
 .comment       0x00000026       0x27 /usr/lib/gcc/arm-none-eabi/13.2.1/../../../arm-none-eabi/lib/thumb/v6-m/nofp/libg_nano.a(libc_a-sbrkr.o)
 .comment       0x00000026       0x27 /usr/lib/gcc/arm-none-eabi/13.2.1/../../../arm-none-eabi/lib/thumb/v6-m/nofp/libg_nano.a(libc_a-msizer.o)
 .comment       0x00000026       0x27 /usr/lib/gcc/arm-none-eabi/13.2.1/../../../arm-none-eabi/lib/thumb/v6-m/nofp/libg_nano.a(libc_a-findfp.o)
 .comment       0x00000026       0x27 /usr/lib/gcc/arm-none-eabi/13.2.1/../../../arm-none-eabi/lib/thumb/v6-m/nofp/libg_nano.a(libc_a-reent.o)
 .comment       0x00000026       0x27 /usr/lib/gcc/arm-none-eabi/13.2.1/thumb/v6-m/nofp/crtend.o

.debug_line     0x00000000     0x3318
 .debug_line    0x00000000       0x52 /usr/lib/gcc/arm-none-eabi/13.2.1/thumb/v6-m/nofp/libgcc.a(_thumb1_case_uqi.o)
 .debug_line    0x00000052       0x56 /usr/lib/gcc/arm-none-eabi/13.2.1/thumb/v6-m/nofp/libgcc.a(_udivsi3.o)
 .debug_line    0x000000a8       0x5d /usr/lib/gcc/arm-none-eabi/13.2.1/thumb/v6-m/nofp/libgcc.a(_divsi3.o)
 .debug_line    0x00000105       0x4a /usr/lib/gcc/arm-none-eabi/13.2.1/thumb/v6-m/nofp/libgcc.a(_dvmd_tls.o)
 .debug_line    0x0000014f      0x227 /usr/lib/gcc/arm-none-eabi/13.2.1/../../../arm-none-eabi/lib/thumb/v6-m/nofp/libg_nano.a(libc_a-sprintf.o)
 .debug_line    0x00000376       0xe7 /usr/lib/gcc/arm-none-eabi/13.2.1/../../../arm-none-eabi/lib/thumb/v6-m/nofp/libg_nano.a(libc_a-impure.o)
 .debug_line    0x0000045d      0x85d /usr/lib/gcc/arm-none-eabi/13.2.1/../../../arm-none-eabi/lib/thumb/v6-m/nofp/libg_nano.a(libc_a-nano-svfprintf.o)
 .debug_line    0x00000cba      0x105 /usr/lib/gcc/arm-none-eabi/13.2.1/../../../arm-none-eabi/lib/thumb/v6-m/nofp/libg_nano.a(libc_a-init.o)
 .debug_line    0x00000dbf      0x1bd /usr/lib/gcc/arm-none-eabi/13.2.1/../../../arm-none-eabi/lib/thumb/v6-m/nofp/libg_nano.a(libc_a-memset.o)
 .debug_line    0x00000f7c      0x116 /usr/lib/gcc/arm-none-eabi/13.2.1/../../../arm-none-eabi/lib/thumb/v6-m/nofp/libg_nano.a(libc_a-errno.o)
 .debug_line    0x00001092      0x456 /usr/lib/gcc/arm-none-eabi/13.2.1/../../../arm-none-eabi/lib/thumb/v6-m/nofp/libg_nano.a(libc_a-mallocr.o)
 .debug_line    0x000014e8      0x2d9 /usr/lib/gcc/arm-none-eabi/13.2.1/../../../arm-none-eabi/lib/thumb/v6-m/nofp/libg_nano.a(libc_a-freer.o)
 .debug_line    0x000017c1      0x1f5 /usr/lib/gcc/arm-none-eabi/13.2.1/../../../arm-none-eabi/lib/thumb/v6-m/nofp/libg_nano.a(libc_a-memmove.o)
 .debug_line    0x000019b6      0x1f4 /usr/lib/gcc/arm-none-eabi/13.2.1/../../../arm-none-eabi/lib/thumb/v6-m/nofp/libg_nano.a(libc_a-reallocr.o)
 .debug_line    0x00001baa      0x74e /usr/lib/gcc/arm-none-eabi/13.2.1/../../../arm-none-eabi/lib/thumb/v6-m/nofp/libg_nano.a(libc_a-nano-vfprintf_i.o)
 .debug_line    0x000022f8      0x153 /usr/lib/gcc/arm-none-eabi/13.2.1/../../../arm-none-eabi/lib/thumb/v6-m/nofp/libg_nano.a(libc_a-mlock.o)
 .debug_line    0x0000244b      0x1de /usr/lib/gcc/arm-none-eabi/13.2.1/../../../arm-none-eabi/lib/thumb/v6-m/nofp/libg_nano.a(libc_a-memchr-stub.o)
 .debug_line    0x00002629      0x1e7 /usr/lib/gcc/arm-none-eabi/13.2.1/../../../arm-none-eabi/lib/thumb/v6-m/nofp/libg_nano.a(libc_a-memcpy-stub.o)
 .debug_line    0x00002810      0x193 /usr/lib/gcc/arm-none-eabi/13.2.1/../../../arm-none-eabi/lib/thumb/v6-m/nofp/libg_nano.a(libc_a-sbrkr.o)
 .debug_line    0x000029a3      0x178 /usr/lib/gcc/arm-none-eabi/13.2.1/../../../arm-none-eabi/lib/thumb/v6-m/nofp/libg_nano.a(libc_a-msizer.o)
 .debug_line    0x00002b1b      0x58a /usr/lib/gcc/arm-none-eabi/13.2.1/../../../arm-none-eabi/lib/thumb/v6-m/nofp/libg_nano.a(libc_a-findfp.o)
 .debug_line    0x000030a5      0x273 /usr/lib/gcc/arm-none-eabi/13.2.1/../../../arm-none-eabi/lib/thumb/v6-m/nofp/libg_nano.a(libc_a-reent.o)

.debug_line_str
                0x00000000       0x97
 .debug_line_str
                0x00000000       0x97 /usr/lib/gcc/arm-none-eabi/13.2.1/thumb/v6-m/nofp/libgcc.a(_thumb1_case_uqi.o)
 .debug_line_str
                0x00000097       0x97 /usr/lib/gcc/arm-none-eabi/13.2.1/thumb/v6-m/nofp/libgcc.a(_udivsi3.o)
 .debug_line_str
                0x00000097       0x97 /usr/lib/gcc/arm-none-eabi/13.2.1/thumb/v6-m/nofp/libgcc.a(_divsi3.o)
 .debug_line_str
                0x00000097       0x97 /usr/lib/gcc/arm-none-eabi/13.2.1/thumb/v6-m/nofp/libgcc.a(_dvmd_tls.o)

.debug_info     0x00000000     0x8470
 .debug_info    0x00000000       0x31 /usr/lib/gcc/arm-none-eabi/13.2.1/thumb/v6-m/nofp/libgcc.a(_thumb1_case_uqi.o)
 .debug_info    0x00000031       0x3e /usr/lib/gcc/arm-none-eabi/13.2.1/thumb/v6-m/nofp/libgcc.a(_udivsi3.o)
 .debug_info    0x0000006f       0x3e /usr/lib/gcc/arm-none-eabi/13.2.1/thumb/v6-m/nofp/libgcc.a(_divsi3.o)
 .debug_info    0x000000ad       0x3c /usr/lib/gcc/arm-none-eabi/13.2.1/thumb/v6-m/nofp/libgcc.a(_dvmd_tls.o)
 .debug_info    0x000000e9      0x87b /usr/lib/gcc/arm-none-eabi/13.2.1/../../../arm-none-eabi/lib/thumb/v6-m/nofp/libg_nano.a(libc_a-sprintf.o)
 .debug_info    0x00000964      0x70b /usr/lib/gcc/arm-none-eabi/13.2.1/../../../arm-none-eabi/lib/thumb/v6-m/nofp/libg_nano.a(libc_a-impure.o)
 .debug_info    0x0000106f     0x10af /usr/lib/gcc/arm-none-eabi/13.2.1/../../../arm-none-eabi/lib/thumb/v6-m/nofp/libg_nano.a(libc_a-nano-svfprintf.o)
 .debug_info    0x0000211e      0x10b /usr/lib/gcc/arm-none-eabi/13.2.1/../../../arm-none-eabi/lib/thumb/v6-m/nofp/libg_nano.a(libc_a-init.o)
 .debug_info    0x00002229      0x135 /usr/lib/gcc/arm-none-eabi/13.2.1/../../../arm-none-eabi/lib/thumb/v6-m/nofp/libg_nano.a(libc_a-memset.o)
 .debug_info    0x0000235e      0x6f1 /usr/lib/gcc/arm-none-eabi/13.2.1/../../../arm-none-eabi/lib/thumb/v6-m/nofp/libg_nano.a(libc_a-errno.o)
 .debug_info    0x00002a4f      0x9bb /usr/lib/gcc/arm-none-eabi/13.2.1/../../../arm-none-eabi/lib/thumb/v6-m/nofp/libg_nano.a(libc_a-mallocr.o)
 .debug_info    0x0000340a      0x86a /usr/lib/gcc/arm-none-eabi/13.2.1/../../../arm-none-eabi/lib/thumb/v6-m/nofp/libg_nano.a(libc_a-freer.o)
 .debug_info    0x00003c74      0x148 /usr/lib/gcc/arm-none-eabi/13.2.1/../../../arm-none-eabi/lib/thumb/v6-m/nofp/libg_nano.a(libc_a-memmove.o)
 .debug_info    0x00003dbc      0x8ec /usr/lib/gcc/arm-none-eabi/13.2.1/../../../arm-none-eabi/lib/thumb/v6-m/nofp/libg_nano.a(libc_a-reallocr.o)
 .debug_info    0x000046a8      0xde9 /usr/lib/gcc/arm-none-eabi/13.2.1/../../../arm-none-eabi/lib/thumb/v6-m/nofp/libg_nano.a(libc_a-nano-vfprintf_i.o)
 .debug_info    0x00005491      0x71c /usr/lib/gcc/arm-none-eabi/13.2.1/../../../arm-none-eabi/lib/thumb/v6-m/nofp/libg_nano.a(libc_a-mlock.o)
 .debug_info    0x00005bad      0x14a /usr/lib/gcc/arm-none-eabi/13.2.1/../../../arm-none-eabi/lib/thumb/v6-m/nofp/libg_nano.a(libc_a-memchr-stub.o)
 .debug_info    0x00005cf7      0x152 /usr/lib/gcc/arm-none-eabi/13.2.1/../../../arm-none-eabi/lib/thumb/v6-m/nofp/libg_nano.a(libc_a-memcpy-stub.o)
 .debug_info    0x00005e49      0x778 /usr/lib/gcc/arm-none-eabi/13.2.1/../../../arm-none-eabi/lib/thumb/v6-m/nofp/libg_nano.a(libc_a-sbrkr.o)
 .debug_info    0x000065c1      0x78a /usr/lib/gcc/arm-none-eabi/13.2.1/../../../arm-none-eabi/lib/thumb/v6-m/nofp/libg_nano.a(libc_a-msizer.o)
 .debug_info    0x00006d4b      0xe8d /usr/lib/gcc/arm-none-eabi/13.2.1/../../../arm-none-eabi/lib/thumb/v6-m/nofp/libg_nano.a(libc_a-findfp.o)
 .debug_info    0x00007bd8      0x898 /usr/lib/gcc/arm-none-eabi/13.2.1/../../../arm-none-eabi/lib/thumb/v6-m/nofp/libg_nano.a(libc_a-reent.o)

.debug_abbrev   0x00000000     0x203f
 .debug_abbrev  0x00000000       0x28 /usr/lib/gcc/arm-none-eabi/13.2.1/thumb/v6-m/nofp/libgcc.a(_thumb1_case_uqi.o)
 .debug_abbrev  0x00000028       0x28 /usr/lib/gcc/arm-none-eabi/13.2.1/thumb/v6-m/nofp/libgcc.a(_udivsi3.o)
 .debug_abbrev  0x00000050       0x28 /usr/lib/gcc/arm-none-eabi/13.2.1/thumb/v6-m/nofp/libgcc.a(_divsi3.o)
 .debug_abbrev  0x00000078       0x26 /usr/lib/gcc/arm-none-eabi/13.2.1/thumb/v6-m/nofp/libgcc.a(_dvmd_tls.o)
 .debug_abbrev  0x0000009e      0x21c /usr/lib/gcc/arm-none-eabi/13.2.1/../../../arm-none-eabi/lib/thumb/v6-m/nofp/libg_nano.a(libc_a-sprintf.o)
 .debug_abbrev  0x000002ba      0x149 /usr/lib/gcc/arm-none-eabi/13.2.1/../../../arm-none-eabi/lib/thumb/v6-m/nofp/libg_nano.a(libc_a-impure.o)
 .debug_abbrev  0x00000403      0x315 /usr/lib/gcc/arm-none-eabi/13.2.1/../../../arm-none-eabi/lib/thumb/v6-m/nofp/libg_nano.a(libc_a-nano-svfprintf.o)
 .debug_abbrev  0x00000718       0xc9 /usr/lib/gcc/arm-none-eabi/13.2.1/../../../arm-none-eabi/lib/thumb/v6-m/nofp/libg_nano.a(libc_a-init.o)
 .debug_abbrev  0x000007e1       0xb7 /usr/lib/gcc/arm-none-eabi/13.2.1/../../../arm-none-eabi/lib/thumb/v6-m/nofp/libg_nano.a(libc_a-memset.o)
 .debug_abbrev  0x00000898      0x15e /usr/lib/gcc/arm-none-eabi/13.2.1/../../../arm-none-eabi/lib/thumb/v6-m/nofp/libg_nano.a(libc_a-errno.o)
 .debug_abbrev  0x000009f6      0x241 /usr/lib/gcc/arm-none-eabi/13.2.1/../../../arm-none-eabi/lib/thumb/v6-m/nofp/libg_nano.a(libc_a-mallocr.o)
 .debug_abbrev  0x00000c37      0x238 /usr/lib/gcc/arm-none-eabi/13.2.1/../../../arm-none-eabi/lib/thumb/v6-m/nofp/libg_nano.a(libc_a-freer.o)
 .debug_abbrev  0x00000e6f       0xc3 /usr/lib/gcc/arm-none-eabi/13.2.1/../../../arm-none-eabi/lib/thumb/v6-m/nofp/libg_nano.a(libc_a-memmove.o)
 .debug_abbrev  0x00000f32      0x209 /usr/lib/gcc/arm-none-eabi/13.2.1/../../../arm-none-eabi/lib/thumb/v6-m/nofp/libg_nano.a(libc_a-reallocr.o)
 .debug_abbrev  0x0000113b      0x294 /usr/lib/gcc/arm-none-eabi/13.2.1/../../../arm-none-eabi/lib/thumb/v6-m/nofp/libg_nano.a(libc_a-nano-vfprintf_i.o)
 .debug_abbrev  0x000013cf      0x192 /usr/lib/gcc/arm-none-eabi/13.2.1/../../../arm-none-eabi/lib/thumb/v6-m/nofp/libg_nano.a(libc_a-mlock.o)
 .debug_abbrev  0x00001561       0xc7 /usr/lib/gcc/arm-none-eabi/13.2.1/../../../arm-none-eabi/lib/thumb/v6-m/nofp/libg_nano.a(libc_a-memchr-stub.o)
 .debug_abbrev  0x00001628       0xca /usr/lib/gcc/arm-none-eabi/13.2.1/../../../arm-none-eabi/lib/thumb/v6-m/nofp/libg_nano.a(libc_a-memcpy-stub.o)
 .debug_abbrev  0x000016f2      0x1da /usr/lib/gcc/arm-none-eabi/13.2.1/../../../arm-none-eabi/lib/thumb/v6-m/nofp/libg_nano.a(libc_a-sbrkr.o)
 .debug_abbrev  0x000018cc      0x196 /usr/lib/gcc/arm-none-eabi/13.2.1/../../../arm-none-eabi/lib/thumb/v6-m/nofp/libg_nano.a(libc_a-msizer.o)
 .debug_abbrev  0x00001a62      0x3f2 /usr/lib/gcc/arm-none-eabi/13.2.1/../../../arm-none-eabi/lib/thumb/v6-m/nofp/libg_nano.a(libc_a-findfp.o)
 .debug_abbrev  0x00001e54      0x1eb /usr/lib/gcc/arm-none-eabi/13.2.1/../../../arm-none-eabi/lib/thumb/v6-m/nofp/libg_nano.a(libc_a-reent.o)

.debug_aranges  0x00000000      0x2b8
 .debug_aranges
                0x00000000       0x20 /usr/lib/gcc/arm-none-eabi/13.2.1/thumb/v6-m/nofp/libgcc.a(_thumb1_case_uqi.o)
 .debug_aranges
                0x00000020       0x20 /usr/lib/gcc/arm-none-eabi/13.2.1/thumb/v6-m/nofp/libgcc.a(_udivsi3.o)
 .debug_aranges
                0x00000040       0x20 /usr/lib/gcc/arm-none-eabi/13.2.1/thumb/v6-m/nofp/libgcc.a(_divsi3.o)
 .debug_aranges
                0x00000060       0x20 /usr/lib/gcc/arm-none-eabi/13.2.1/thumb/v6-m/nofp/libgcc.a(_dvmd_tls.o)
 .debug_aranges
                0x00000080       0x20 /usr/lib/gcc/arm-none-eabi/13.2.1/../../../arm-none-eabi/lib/thumb/v6-m/nofp/libg_nano.a(libc_a-sprintf.o)
 .debug_aranges
                0x000000a0       0x18 /usr/lib/gcc/arm-none-eabi/13.2.1/../../../arm-none-eabi/lib/thumb/v6-m/nofp/libg_nano.a(libc_a-impure.o)
 .debug_aranges
                0x000000b8       0x20 /usr/lib/gcc/arm-none-eabi/13.2.1/../../../arm-none-eabi/lib/thumb/v6-m/nofp/libg_nano.a(libc_a-nano-svfprintf.o)
 .debug_aranges
                0x000000d8       0x20 /usr/lib/gcc/arm-none-eabi/13.2.1/../../../arm-none-eabi/lib/thumb/v6-m/nofp/libg_nano.a(libc_a-init.o)
 .debug_aranges
                0x000000f8       0x20 /usr/lib/gcc/arm-none-eabi/13.2.1/../../../arm-none-eabi/lib/thumb/v6-m/nofp/libg_nano.a(libc_a-memset.o)
 .debug_aranges
                0x00000118       0x20 /usr/lib/gcc/arm-none-eabi/13.2.1/../../../arm-none-eabi/lib/thumb/v6-m/nofp/libg_nano.a(libc_a-errno.o)
 .debug_aranges
                0x00000138       0x20 /usr/lib/gcc/arm-none-eabi/13.2.1/../../../arm-none-eabi/lib/thumb/v6-m/nofp/libg_nano.a(libc_a-mallocr.o)
 .debug_aranges
                0x00000158       0x20 /usr/lib/gcc/arm-none-eabi/13.2.1/../../../arm-none-eabi/lib/thumb/v6-m/nofp/libg_nano.a(libc_a-freer.o)
 .debug_aranges
                0x00000178       0x20 /usr/lib/gcc/arm-none-eabi/13.2.1/../../../arm-none-eabi/lib/thumb/v6-m/nofp/libg_nano.a(libc_a-memmove.o)
 .debug_aranges
                0x00000198       0x20 /usr/lib/gcc/arm-none-eabi/13.2.1/../../../arm-none-eabi/lib/thumb/v6-m/nofp/libg_nano.a(libc_a-reallocr.o)
 .debug_aranges
                0x000001b8       0x20 /usr/lib/gcc/arm-none-eabi/13.2.1/../../../arm-none-eabi/lib/thumb/v6-m/nofp/libg_nano.a(libc_a-nano-vfprintf_i.o)
 .debug_aranges
                0x000001d8       0x20 /usr/lib/gcc/arm-none-eabi/13.2.1/../../../arm-none-eabi/lib/thumb/v6-m/nofp/libg_nano.a(libc_a-mlock.o)
 .debug_aranges
                0x000001f8       0x20 /usr/lib/gcc/arm-none-eabi/13.2.1/../../../arm-none-eabi/lib/thumb/v6-m/nofp/libg_nano.a(libc_a-memchr-stub.o)
 .debug_aranges
                0x00000218       0x20 /usr/lib/gcc/arm-none-eabi/13.2.1/../../../arm-none-eabi/lib/thumb/v6-m/nofp/libg_nano.a(libc_a-memcpy-stub.o)
 .debug_aranges
                0x00000238       0x20 /usr/lib/gcc/arm-none-eabi/13.2.1/../../../arm-none-eabi/lib/thumb/v6-m/nofp/libg_nano.a(libc_a-sbrkr.o)
 .debug_aranges
                0x00000258       0x20 /usr/lib/gcc/arm-none-eabi/13.2.1/../../../arm-none-eabi/lib/thumb/v6-m/nofp/libg_nano.a(libc_a-msizer.o)
 .debug_aranges
                0x00000278       0x20 /usr/lib/gcc/arm-none-eabi/13.2.1/../../../arm-none-eabi/lib/thumb/v6-m/nofp/libg_nano.a(libc_a-findfp.o)
 .debug_aranges
                0x00000298       0x20 /usr/lib/gcc/arm-none-eabi/13.2.1/../../../arm-none-eabi/lib/thumb/v6-m/nofp/libg_nano.a(libc_a-reent.o)

.debug_str      0x00000000      0xf5a
 .debug_str     0x00000000      0xf5a /usr/lib/gcc/arm-none-eabi/13.2.1/thumb/v6-m/nofp/libgcc.a(_thumb1_case_uqi.o)
                                 0xb9 (size before relaxing)
 .debug_str     0x00000f5a       0xbe /usr/lib/gcc/arm-none-eabi/13.2.1/thumb/v6-m/nofp/libgcc.a(_udivsi3.o)
 .debug_str     0x00000f5a       0xbc /usr/lib/gcc/arm-none-eabi/13.2.1/thumb/v6-m/nofp/libgcc.a(_divsi3.o)
 .debug_str     0x00000f5a       0xbf /usr/lib/gcc/arm-none-eabi/13.2.1/thumb/v6-m/nofp/libgcc.a(_dvmd_tls.o)
 .debug_str     0x00000f5a      0x4f4 /usr/lib/gcc/arm-none-eabi/13.2.1/../../../arm-none-eabi/lib/thumb/v6-m/nofp/libg_nano.a(libc_a-sprintf.o)
 .debug_str     0x00000f5a      0x4b5 /usr/lib/gcc/arm-none-eabi/13.2.1/../../../arm-none-eabi/lib/thumb/v6-m/nofp/libg_nano.a(libc_a-impure.o)
 .debug_str     0x00000f5a      0x7fe /usr/lib/gcc/arm-none-eabi/13.2.1/../../../arm-none-eabi/lib/thumb/v6-m/nofp/libg_nano.a(libc_a-nano-svfprintf.o)
 .debug_str     0x00000f5a      0x1f3 /usr/lib/gcc/arm-none-eabi/13.2.1/../../../arm-none-eabi/lib/thumb/v6-m/nofp/libg_nano.a(libc_a-init.o)
 .debug_str     0x00000f5a      0x1a6 /usr/lib/gcc/arm-none-eabi/13.2.1/../../../arm-none-eabi/lib/thumb/v6-m/nofp/libg_nano.a(libc_a-memset.o)
 .debug_str     0x00000f5a      0x4af /usr/lib/gcc/arm-none-eabi/13.2.1/../../../arm-none-eabi/lib/thumb/v6-m/nofp/libg_nano.a(libc_a-errno.o)
 .debug_str     0x00000f5a      0x596 /usr/lib/gcc/arm-none-eabi/13.2.1/../../../arm-none-eabi/lib/thumb/v6-m/nofp/libg_nano.a(libc_a-mallocr.o)
 .debug_str     0x00000f5a      0x535 /usr/lib/gcc/arm-none-eabi/13.2.1/../../../arm-none-eabi/lib/thumb/v6-m/nofp/libg_nano.a(libc_a-freer.o)
 .debug_str     0x00000f5a      0x1c5 /usr/lib/gcc/arm-none-eabi/13.2.1/../../../arm-none-eabi/lib/thumb/v6-m/nofp/libg_nano.a(libc_a-memmove.o)
 .debug_str     0x00000f5a      0x52b /usr/lib/gcc/arm-none-eabi/13.2.1/../../../arm-none-eabi/lib/thumb/v6-m/nofp/libg_nano.a(libc_a-reallocr.o)
 .debug_str     0x00000f5a      0x7a5 /usr/lib/gcc/arm-none-eabi/13.2.1/../../../arm-none-eabi/lib/thumb/v6-m/nofp/libg_nano.a(libc_a-nano-vfprintf_i.o)
 .debug_str     0x00000f5a      0x4d3 /usr/lib/gcc/arm-none-eabi/13.2.1/../../../arm-none-eabi/lib/thumb/v6-m/nofp/libg_nano.a(libc_a-mlock.o)
 .debug_str     0x00000f5a      0x1b6 /usr/lib/gcc/arm-none-eabi/13.2.1/../../../arm-none-eabi/lib/thumb/v6-m/nofp/libg_nano.a(libc_a-memchr-stub.o)
 .debug_str     0x00000f5a      0x1c3 /usr/lib/gcc/arm-none-eabi/13.2.1/../../../arm-none-eabi/lib/thumb/v6-m/nofp/libg_nano.a(libc_a-memcpy-stub.o)
 .debug_str     0x00000f5a      0x4be /usr/lib/gcc/arm-none-eabi/13.2.1/../../../arm-none-eabi/lib/thumb/v6-m/nofp/libg_nano.a(libc_a-sbrkr.o)
 .debug_str     0x00000f5a      0x4fe /usr/lib/gcc/arm-none-eabi/13.2.1/../../../arm-none-eabi/lib/thumb/v6-m/nofp/libg_nano.a(libc_a-msizer.o)
 .debug_str     0x00000f5a      0x6b8 /usr/lib/gcc/arm-none-eabi/13.2.1/../../../arm-none-eabi/lib/thumb/v6-m/nofp/libg_nano.a(libc_a-findfp.o)
 .debug_str     0x00000f5a      0x4d4 /usr/lib/gcc/arm-none-eabi/13.2.1/../../../arm-none-eabi/lib/thumb/v6-m/nofp/libg_nano.a(libc_a-reent.o)

.debug_frame    0x00000000      0x4fc
 .debug_frame   0x00000000       0x20 /usr/lib/gcc/arm-none-eabi/13.2.1/thumb/v6-m/nofp/libgcc.a(_udivsi3.o)
 .debug_frame   0x00000020       0x20 /usr/lib/gcc/arm-none-eabi/13.2.1/thumb/v6-m/nofp/libgcc.a(_divsi3.o)
 .debug_frame   0x00000040       0x50 /usr/lib/gcc/arm-none-eabi/13.2.1/../../../arm-none-eabi/lib/thumb/v6-m/nofp/libg_nano.a(libc_a-sprintf.o)
 .debug_frame   0x00000090       0x90 /usr/lib/gcc/arm-none-eabi/13.2.1/../../../arm-none-eabi/lib/thumb/v6-m/nofp/libg_nano.a(libc_a-nano-svfprintf.o)
 .debug_frame   0x00000120       0x2c /usr/lib/gcc/arm-none-eabi/13.2.1/../../../arm-none-eabi/lib/thumb/v6-m/nofp/libg_nano.a(libc_a-init.o)
 .debug_frame   0x0000014c       0x30 /usr/lib/gcc/arm-none-eabi/13.2.1/../../../arm-none-eabi/lib/thumb/v6-m/nofp/libg_nano.a(libc_a-memset.o)
 .debug_frame   0x0000017c       0x20 /usr/lib/gcc/arm-none-eabi/13.2.1/../../../arm-none-eabi/lib/thumb/v6-m/nofp/libg_nano.a(libc_a-errno.o)
 .debug_frame   0x0000019c       0x54 /usr/lib/gcc/arm-none-eabi/13.2.1/../../../arm-none-eabi/lib/thumb/v6-m/nofp/libg_nano.a(libc_a-mallocr.o)
 .debug_frame   0x000001f0       0x2c /usr/lib/gcc/arm-none-eabi/13.2.1/../../../arm-none-eabi/lib/thumb/v6-m/nofp/libg_nano.a(libc_a-freer.o)
 .debug_frame   0x0000021c       0x30 /usr/lib/gcc/arm-none-eabi/13.2.1/../../../arm-none-eabi/lib/thumb/v6-m/nofp/libg_nano.a(libc_a-memmove.o)
 .debug_frame   0x0000024c       0x34 /usr/lib/gcc/arm-none-eabi/13.2.1/../../../arm-none-eabi/lib/thumb/v6-m/nofp/libg_nano.a(libc_a-reallocr.o)
 .debug_frame   0x00000280       0x68 /usr/lib/gcc/arm-none-eabi/13.2.1/../../../arm-none-eabi/lib/thumb/v6-m/nofp/libg_nano.a(libc_a-nano-vfprintf_i.o)
 .debug_frame   0x000002e8       0x30 /usr/lib/gcc/arm-none-eabi/13.2.1/../../../arm-none-eabi/lib/thumb/v6-m/nofp/libg_nano.a(libc_a-mlock.o)
 .debug_frame   0x00000318       0x2c /usr/lib/gcc/arm-none-eabi/13.2.1/../../../arm-none-eabi/lib/thumb/v6-m/nofp/libg_nano.a(libc_a-memchr-stub.o)
 .debug_frame   0x00000344       0x30 /usr/lib/gcc/arm-none-eabi/13.2.1/../../../arm-none-eabi/lib/thumb/v6-m/nofp/libg_nano.a(libc_a-memcpy-stub.o)
 .debug_frame   0x00000374       0x2c /usr/lib/gcc/arm-none-eabi/13.2.1/../../../arm-none-eabi/lib/thumb/v6-m/nofp/libg_nano.a(libc_a-sbrkr.o)
 .debug_frame   0x000003a0       0x20 /usr/lib/gcc/arm-none-eabi/13.2.1/../../../arm-none-eabi/lib/thumb/v6-m/nofp/libg_nano.a(libc_a-msizer.o)
 .debug_frame   0x000003c0      0x110 /usr/lib/gcc/arm-none-eabi/13.2.1/../../../arm-none-eabi/lib/thumb/v6-m/nofp/libg_nano.a(libc_a-findfp.o)
 .debug_frame   0x000004d0       0x2c /usr/lib/gcc/arm-none-eabi/13.2.1/../../../arm-none-eabi/lib/thumb/v6-m/nofp/libg_nano.a(libc_a-reent.o)

.debug_loclists
                0x00000000     0x1d9f
 .debug_loclists
                0x00000000       0x88 /usr/lib/gcc/arm-none-eabi/13.2.1/../../../arm-none-eabi/lib/thumb/v6-m/nofp/libg_nano.a(libc_a-sprintf.o)
 .debug_loclists
                0x00000088      0x629 /usr/lib/gcc/arm-none-eabi/13.2.1/../../../arm-none-eabi/lib/thumb/v6-m/nofp/libg_nano.a(libc_a-nano-svfprintf.o)
 .debug_loclists
                0x000006b1       0x5a /usr/lib/gcc/arm-none-eabi/13.2.1/../../../arm-none-eabi/lib/thumb/v6-m/nofp/libg_nano.a(libc_a-init.o)
 .debug_loclists
                0x0000070b      0x1c6 /usr/lib/gcc/arm-none-eabi/13.2.1/../../../arm-none-eabi/lib/thumb/v6-m/nofp/libg_nano.a(libc_a-memset.o)
 .debug_loclists
                0x000008d1      0x2a9 /usr/lib/gcc/arm-none-eabi/13.2.1/../../../arm-none-eabi/lib/thumb/v6-m/nofp/libg_nano.a(libc_a-mallocr.o)
 .debug_loclists
                0x00000b7a      0x11a /usr/lib/gcc/arm-none-eabi/13.2.1/../../../arm-none-eabi/lib/thumb/v6-m/nofp/libg_nano.a(libc_a-freer.o)
 .debug_loclists
                0x00000c94      0x3ac /usr/lib/gcc/arm-none-eabi/13.2.1/../../../arm-none-eabi/lib/thumb/v6-m/nofp/libg_nano.a(libc_a-memmove.o)
 .debug_loclists
                0x00001040      0x19f /usr/lib/gcc/arm-none-eabi/13.2.1/../../../arm-none-eabi/lib/thumb/v6-m/nofp/libg_nano.a(libc_a-reallocr.o)
 .debug_loclists
                0x000011df      0x47e /usr/lib/gcc/arm-none-eabi/13.2.1/../../../arm-none-eabi/lib/thumb/v6-m/nofp/libg_nano.a(libc_a-nano-vfprintf_i.o)
 .debug_loclists
                0x0000165d      0x15d /usr/lib/gcc/arm-none-eabi/13.2.1/../../../arm-none-eabi/lib/thumb/v6-m/nofp/libg_nano.a(libc_a-memchr-stub.o)
 .debug_loclists
                0x000017ba      0x2c7 /usr/lib/gcc/arm-none-eabi/13.2.1/../../../arm-none-eabi/lib/thumb/v6-m/nofp/libg_nano.a(libc_a-memcpy-stub.o)
 .debug_loclists
                0x00001a81       0x52 /usr/lib/gcc/arm-none-eabi/13.2.1/../../../arm-none-eabi/lib/thumb/v6-m/nofp/libg_nano.a(libc_a-sbrkr.o)
 .debug_loclists
                0x00001ad3       0x81 /usr/lib/gcc/arm-none-eabi/13.2.1/../../../arm-none-eabi/lib/thumb/v6-m/nofp/libg_nano.a(libc_a-msizer.o)
 .debug_loclists
                0x00001b54      0x1dd /usr/lib/gcc/arm-none-eabi/13.2.1/../../../arm-none-eabi/lib/thumb/v6-m/nofp/libg_nano.a(libc_a-findfp.o)
 .debug_loclists
                0x00001d31       0x6e /usr/lib/gcc/arm-none-eabi/13.2.1/../../../arm-none-eabi/lib/thumb/v6-m/nofp/libg_nano.a(libc_a-reent.o)

.debug_rnglists
                0x00000000      0x144
 .debug_rnglists
                0x00000000       0x38 /usr/lib/gcc/arm-none-eabi/13.2.1/../../../arm-none-eabi/lib/thumb/v6-m/nofp/libg_nano.a(libc_a-nano-svfprintf.o)
 .debug_rnglists
                0x00000038       0x1f /usr/lib/gcc/arm-none-eabi/13.2.1/../../../arm-none-eabi/lib/thumb/v6-m/nofp/libg_nano.a(libc_a-mallocr.o)
 .debug_rnglists
                0x00000057       0x13 /usr/lib/gcc/arm-none-eabi/13.2.1/../../../arm-none-eabi/lib/thumb/v6-m/nofp/libg_nano.a(libc_a-freer.o)
 .debug_rnglists
                0x0000006a       0x6d /usr/lib/gcc/arm-none-eabi/13.2.1/../../../arm-none-eabi/lib/thumb/v6-m/nofp/libg_nano.a(libc_a-nano-vfprintf_i.o)
 .debug_rnglists
                0x000000d7       0x6d /usr/lib/gcc/arm-none-eabi/13.2.1/../../../arm-none-eabi/lib/thumb/v6-m/nofp/libg_nano.a(libc_a-findfp.o)
