../Core/Src/main.c:70:6:draw_animation	24	static
../Core/Src/main.c:76:6:draw_animation_erase	24	static
../Core/Src/main.c:81:6:draw_animation_transparent	24	static
../Core/Src/main.c:87:6:HAL_TIM_PeriodElapsedCallback	16	static
../Core/Src/main.c:118:5:main	32	static
../Core/Src/main.c:285:6:SystemClock_Config	88	static
../Core/Src/main.c:330:13:MX_NVIC_Init	8	static
../Core/Src/main.c:345:13:MX_I2C1_Init	8	static
../Core/Src/main.c:397:13:MX_TIM14_Init	8	static
../Core/Src/main.c:428:13:MX_GPIO_Init	48	static
../Core/Src/main.c:487:6:Error_Handler	8	static,ignoring_inline_asm
