../Core/Src/main.c:134:10:calculate_checksum	24	static
../Core/Src/main.c:144:6:toggle_display_invert	16	static
../Core/Src/main.c:162:6:draw_animation	24	static
../Core/Src/main.c:168:6:draw_animation_no_clear	24	static
../Core/Src/main.c:174:6:draw_animation_erase	24	static
../Core/Src/main.c:178:6:draw_animation_transparent	24	static
../Core/Src/main.c:182:6:readPins	8	static
../Core/Src/main.c:188:6:display_tap_count_overlay	48	static
../Core/Src/main.c:197:6:display_saved_indicator	16	static
../Core/Src/main.c:204:6:update_display_with_overlays	8	static
../Core/Src/main.c:219:6:redraw_current_frame	8	static
../Core/Src/main.c:227:6:save_settings	48	static
../Core/Src/main.c:266:6:load_settings	56	static
../Core/Src/main.c:296:6:reset_all_settings	8	static
../Core/Src/main.c:314:6:check_and_save	8	static
../Core/Src/main.c:321:6:force_save	8	static
../Core/Src/main.c:328:6:update_saved_indicator	8	static
../Core/Src/main.c:335:9:handle_display_mode_switch	8	static
../Core/Src/main.c:359:9:handle_invert_toggle	8	static
../Core/Src/main.c:381:6:register_tap	16	static
../Core/Src/main.c:392:6:handle_tap_decay	16	static
../Core/Src/main.c:414:6:handle_paw_animations	24	static
../Core/Src/main.c:463:9:check_idle_transition	24	static
../Core/Src/main.c:483:6:handle_reset	24	static
../Core/Src/main.c:544:6:handle_credits	16	static
../Core/Src/main.c:576:6:handle_boot_overrides	8	static
../Core/Src/main.c:602:6:HAL_TIM_PeriodElapsedCallback	16	static
../Core/Src/main.c:621:5:main	48	static
../Core/Src/main.c:739:6:SystemClock_Config	88	static
../Core/Src/main.c:784:13:MX_NVIC_Init	8	static
../Core/Src/main.c:799:13:MX_I2C1_Init	8	static
../Core/Src/main.c:847:13:MX_TIM14_Init	8	static
../Core/Src/main.c:867:13:MX_GPIO_Init	48	static
../Core/Src/main.c:936:6:Error_Handler	8	static,ignoring_inline_asm
