../Core/Src/main.c:75:6:draw_animation	24	static
../Core/Src/main.c:81:6:draw_animation_erase	24	static
../Core/Src/main.c:86:6:draw_animation_transparent	24	static
../Core/Src/main.c:92:6:HAL_TIM_PeriodElapsedCallback	16	static
../Core/Src/main.c:123:5:main	32	static
../Core/Src/main.c:297:6:SystemClock_Config	88	static
../Core/Src/main.c:342:13:MX_NVIC_Init	8	static
../Core/Src/main.c:357:13:MX_I2C1_Init	8	static
../Core/Src/main.c:409:13:MX_TIM14_Init	8	static
../Core/Src/main.c:440:13:MX_GPIO_Init	48	static
../Core/Src/main.c:499:6:Error_Handler	8	static,ignoring_inline_asm
